[1.094s] DEBUG:colcon:Command line arguments: ['/usr/bin/colcon', 'build']
[1.095s] DEBUG:colcon:Parsed command line arguments: Namespace(log_base=None, log_level=None, verb_name='build', build_base='build', install_base='install', merge_install=False, symlink_install=False, test_result_base=None, continue_on_error=False, executor='parallel', parallel_workers=4, event_handlers=None, ignore_user_meta=False, metas=['./colcon.meta'], base_paths=['.'], packages_ignore=None, packages_ignore_regex=None, paths=None, packages_up_to=None, packages_up_to_regex=None, packages_above=None, packages_above_and_dependencies=None, packages_above_depth=None, packages_select_by_dep=None, packages_skip_by_dep=None, packages_skip_up_to=None, packages_select_build_failed=False, packages_skip_build_finished=False, packages_select_test_failures=False, packages_skip_test_passed=False, packages_select=None, packages_skip=None, packages_select_regex=None, packages_skip_regex=None, packages_start=None, packages_end=None, cmake_args=None, cmake_target=None, cmake_target_skip_unavailable=False, cmake_clean_cache=False, cmake_clean_first=False, cmake_force_configure=False, ament_cmake_args=None, catkin_cmake_args=None, catkin_skip_building_tests=False, verb_parser=<colcon_defaults.argument_parser.defaults.DefaultArgumentsDecorator object at 0xffff871a8e60>, verb_extension=<colcon_core.verb.build.BuildVerb object at 0xffff87e29bb0>, main=<bound method BuildVerb.main of <colcon_core.verb.build.BuildVerb object at 0xffff87e29bb0>>)
[1.256s] Level 1:colcon.colcon_core.package_discovery:discover_packages(colcon_meta) check parameters
[1.256s] Level 1:colcon.colcon_core.package_discovery:discover_packages(recursive) check parameters
[1.256s] Level 1:colcon.colcon_core.package_discovery:discover_packages(ignore) check parameters
[1.257s] Level 1:colcon.colcon_core.package_discovery:discover_packages(path) check parameters
[1.257s] Level 1:colcon.colcon_core.package_discovery:discover_packages(colcon_meta) discover
[1.257s] Level 1:colcon.colcon_core.package_discovery:discover_packages(recursive) discover
[1.257s] INFO:colcon.colcon_core.package_discovery:Crawling recursively for packages in '/home/pavan/pavan/ugv_ws'
[1.257s] Level 1:colcon.colcon_core.package_identification:_identify(.) by extensions ['ignore', 'ignore_ament_install']
[1.257s] Level 1:colcon.colcon_core.package_identification:_identify(.) by extension 'ignore'
[1.257s] Level 1:colcon.colcon_core.package_identification:_identify(.) by extension 'ignore_ament_install'
[1.257s] Level 1:colcon.colcon_core.package_identification:_identify(.) by extensions ['colcon_pkg']
[1.257s] Level 1:colcon.colcon_core.package_identification:_identify(.) by extension 'colcon_pkg'
[1.257s] Level 1:colcon.colcon_core.package_identification:_identify(.) by extensions ['colcon_meta']
[1.257s] Level 1:colcon.colcon_core.package_identification:_identify(.) by extension 'colcon_meta'
[1.257s] Level 1:colcon.colcon_core.package_identification:_identify(.) by extensions ['ros']
[1.257s] Level 1:colcon.colcon_core.package_identification:_identify(.) by extension 'ros'
[1.335s] Level 1:colcon.colcon_core.package_identification:_identify(.) by extensions ['cmake', 'python']
[1.335s] Level 1:colcon.colcon_core.package_identification:_identify(.) by extension 'cmake'
[1.335s] Level 1:colcon.colcon_core.package_identification:_identify(.) by extension 'python'
[1.336s] Level 1:colcon.colcon_core.package_identification:_identify(.) by extensions ['python_setup_py']
[1.336s] Level 1:colcon.colcon_core.package_identification:_identify(.) by extension 'python_setup_py'
[1.336s] Level 1:colcon.colcon_core.package_identification:_identify(build) by extensions ['ignore', 'ignore_ament_install']
[1.336s] Level 1:colcon.colcon_core.package_identification:_identify(build) by extension 'ignore'
[1.336s] Level 1:colcon.colcon_core.package_identification:_identify(build) ignored
[1.336s] Level 1:colcon.colcon_core.package_identification:_identify(install) by extensions ['ignore', 'ignore_ament_install']
[1.336s] Level 1:colcon.colcon_core.package_identification:_identify(install) by extension 'ignore'
[1.336s] Level 1:colcon.colcon_core.package_identification:_identify(install) ignored
[1.336s] Level 1:colcon.colcon_core.package_identification:_identify(log) by extensions ['ignore', 'ignore_ament_install']
[1.337s] Level 1:colcon.colcon_core.package_identification:_identify(log) by extension 'ignore'
[1.337s] Level 1:colcon.colcon_core.package_identification:_identify(log) ignored
[1.337s] Level 1:colcon.colcon_core.package_identification:_identify(src) by extensions ['ignore', 'ignore_ament_install']
[1.337s] Level 1:colcon.colcon_core.package_identification:_identify(src) by extension 'ignore'
[1.337s] Level 1:colcon.colcon_core.package_identification:_identify(src) by extension 'ignore_ament_install'
[1.337s] Level 1:colcon.colcon_core.package_identification:_identify(src) by extensions ['colcon_pkg']
[1.337s] Level 1:colcon.colcon_core.package_identification:_identify(src) by extension 'colcon_pkg'
[1.337s] Level 1:colcon.colcon_core.package_identification:_identify(src) by extensions ['colcon_meta']
[1.337s] Level 1:colcon.colcon_core.package_identification:_identify(src) by extension 'colcon_meta'
[1.337s] Level 1:colcon.colcon_core.package_identification:_identify(src) by extensions ['ros']
[1.337s] Level 1:colcon.colcon_core.package_identification:_identify(src) by extension 'ros'
[1.337s] Level 1:colcon.colcon_core.package_identification:_identify(src) by extensions ['cmake', 'python']
[1.337s] Level 1:colcon.colcon_core.package_identification:_identify(src) by extension 'cmake'
[1.337s] Level 1:colcon.colcon_core.package_identification:_identify(src) by extension 'python'
[1.337s] Level 1:colcon.colcon_core.package_identification:_identify(src) by extensions ['python_setup_py']
[1.338s] Level 1:colcon.colcon_core.package_identification:_identify(src) by extension 'python_setup_py'
[1.338s] Level 1:colcon.colcon_core.package_identification:_identify(src/hbridge_control) by extensions ['ignore', 'ignore_ament_install']
[1.338s] Level 1:colcon.colcon_core.package_identification:_identify(src/hbridge_control) by extension 'ignore'
[1.338s] Level 1:colcon.colcon_core.package_identification:_identify(src/hbridge_control) by extension 'ignore_ament_install'
[1.338s] Level 1:colcon.colcon_core.package_identification:_identify(src/hbridge_control) by extensions ['colcon_pkg']
[1.338s] Level 1:colcon.colcon_core.package_identification:_identify(src/hbridge_control) by extension 'colcon_pkg'
[1.338s] Level 1:colcon.colcon_core.package_identification:_identify(src/hbridge_control) by extensions ['colcon_meta']
[1.338s] Level 1:colcon.colcon_core.package_identification:_identify(src/hbridge_control) by extension 'colcon_meta'
[1.338s] Level 1:colcon.colcon_core.package_identification:_identify(src/hbridge_control) by extensions ['ros']
[1.338s] Level 1:colcon.colcon_core.package_identification:_identify(src/hbridge_control) by extension 'ros'
[1.346s] DEBUG:colcon.colcon_core.package_identification:Package 'src/hbridge_control' with type 'ros.ament_cmake' and name 'hbridge_control'
[1.346s] Level 1:colcon.colcon_core.package_identification:_identify(src/my_robot_bringup) by extensions ['ignore', 'ignore_ament_install']
[1.346s] Level 1:colcon.colcon_core.package_identification:_identify(src/my_robot_bringup) by extension 'ignore'
[1.346s] Level 1:colcon.colcon_core.package_identification:_identify(src/my_robot_bringup) by extension 'ignore_ament_install'
[1.346s] Level 1:colcon.colcon_core.package_identification:_identify(src/my_robot_bringup) by extensions ['colcon_pkg']
[1.346s] Level 1:colcon.colcon_core.package_identification:_identify(src/my_robot_bringup) by extension 'colcon_pkg'
[1.346s] Level 1:colcon.colcon_core.package_identification:_identify(src/my_robot_bringup) by extensions ['colcon_meta']
[1.346s] Level 1:colcon.colcon_core.package_identification:_identify(src/my_robot_bringup) by extension 'colcon_meta'
[1.346s] Level 1:colcon.colcon_core.package_identification:_identify(src/my_robot_bringup) by extensions ['ros']
[1.346s] Level 1:colcon.colcon_core.package_identification:_identify(src/my_robot_bringup) by extension 'ros'
[1.348s] DEBUG:colcon.colcon_core.package_identification:Package 'src/my_robot_bringup' with type 'ros.ament_cmake' and name 'my_robot_bringup'
[1.348s] Level 1:colcon.colcon_core.package_identification:_identify(src/my_robot_description) by extensions ['ignore', 'ignore_ament_install']
[1.348s] Level 1:colcon.colcon_core.package_identification:_identify(src/my_robot_description) by extension 'ignore'
[1.348s] Level 1:colcon.colcon_core.package_identification:_identify(src/my_robot_description) by extension 'ignore_ament_install'
[1.348s] Level 1:colcon.colcon_core.package_identification:_identify(src/my_robot_description) by extensions ['colcon_pkg']
[1.348s] Level 1:colcon.colcon_core.package_identification:_identify(src/my_robot_description) by extension 'colcon_pkg'
[1.348s] Level 1:colcon.colcon_core.package_identification:_identify(src/my_robot_description) by extensions ['colcon_meta']
[1.348s] Level 1:colcon.colcon_core.package_identification:_identify(src/my_robot_description) by extension 'colcon_meta'
[1.348s] Level 1:colcon.colcon_core.package_identification:_identify(src/my_robot_description) by extensions ['ros']
[1.348s] Level 1:colcon.colcon_core.package_identification:_identify(src/my_robot_description) by extension 'ros'
[1.349s] DEBUG:colcon.colcon_core.package_identification:Package 'src/my_robot_description' with type 'ros.ament_cmake' and name 'my_robot_description'
[1.349s] Level 1:colcon.colcon_core.package_discovery:discover_packages(recursive) using defaults
[1.349s] Level 1:colcon.colcon_core.package_discovery:discover_packages(ignore) discover
[1.350s] Level 1:colcon.colcon_core.package_discovery:discover_packages(ignore) using defaults
[1.350s] Level 1:colcon.colcon_core.package_discovery:discover_packages(path) discover
[1.350s] Level 1:colcon.colcon_core.package_discovery:discover_packages(path) using defaults
[1.471s] Level 5:colcon.colcon_core.verb:set package 'hbridge_control' build argument 'cmake_args' from command line to 'None'
[1.471s] Level 5:colcon.colcon_core.verb:set package 'hbridge_control' build argument 'cmake_target' from command line to 'None'
[1.471s] Level 5:colcon.colcon_core.verb:set package 'hbridge_control' build argument 'cmake_target_skip_unavailable' from command line to 'False'
[1.471s] Level 5:colcon.colcon_core.verb:set package 'hbridge_control' build argument 'cmake_clean_cache' from command line to 'False'
[1.471s] Level 5:colcon.colcon_core.verb:set package 'hbridge_control' build argument 'cmake_clean_first' from command line to 'False'
[1.471s] Level 5:colcon.colcon_core.verb:set package 'hbridge_control' build argument 'cmake_force_configure' from command line to 'False'
[1.471s] Level 5:colcon.colcon_core.verb:set package 'hbridge_control' build argument 'ament_cmake_args' from command line to 'None'
[1.471s] Level 5:colcon.colcon_core.verb:set package 'hbridge_control' build argument 'catkin_cmake_args' from command line to 'None'
[1.471s] Level 5:colcon.colcon_core.verb:set package 'hbridge_control' build argument 'catkin_skip_building_tests' from command line to 'False'
[1.471s] DEBUG:colcon.colcon_core.verb:Building package 'hbridge_control' with the following arguments: {'ament_cmake_args': None, 'build_base': '/home/pavan/pavan/ugv_ws/build/hbridge_control', 'catkin_cmake_args': None, 'catkin_skip_building_tests': False, 'cmake_args': None, 'cmake_clean_cache': False, 'cmake_clean_first': False, 'cmake_force_configure': False, 'cmake_target': None, 'cmake_target_skip_unavailable': False, 'install_base': '/home/pavan/pavan/ugv_ws/install/hbridge_control', 'merge_install': False, 'path': '/home/pavan/pavan/ugv_ws/src/hbridge_control', 'symlink_install': False, 'test_result_base': None}
[1.472s] Level 5:colcon.colcon_core.verb:set package 'my_robot_description' build argument 'cmake_args' from command line to 'None'
[1.472s] Level 5:colcon.colcon_core.verb:set package 'my_robot_description' build argument 'cmake_target' from command line to 'None'
[1.472s] Level 5:colcon.colcon_core.verb:set package 'my_robot_description' build argument 'cmake_target_skip_unavailable' from command line to 'False'
[1.472s] Level 5:colcon.colcon_core.verb:set package 'my_robot_description' build argument 'cmake_clean_cache' from command line to 'False'
[1.472s] Level 5:colcon.colcon_core.verb:set package 'my_robot_description' build argument 'cmake_clean_first' from command line to 'False'
[1.472s] Level 5:colcon.colcon_core.verb:set package 'my_robot_description' build argument 'cmake_force_configure' from command line to 'False'
[1.472s] Level 5:colcon.colcon_core.verb:set package 'my_robot_description' build argument 'ament_cmake_args' from command line to 'None'
[1.472s] Level 5:colcon.colcon_core.verb:set package 'my_robot_description' build argument 'catkin_cmake_args' from command line to 'None'
[1.472s] Level 5:colcon.colcon_core.verb:set package 'my_robot_description' build argument 'catkin_skip_building_tests' from command line to 'False'
[1.472s] DEBUG:colcon.colcon_core.verb:Building package 'my_robot_description' with the following arguments: {'ament_cmake_args': None, 'build_base': '/home/pavan/pavan/ugv_ws/build/my_robot_description', 'catkin_cmake_args': None, 'catkin_skip_building_tests': False, 'cmake_args': None, 'cmake_clean_cache': False, 'cmake_clean_first': False, 'cmake_force_configure': False, 'cmake_target': None, 'cmake_target_skip_unavailable': False, 'install_base': '/home/pavan/pavan/ugv_ws/install/my_robot_description', 'merge_install': False, 'path': '/home/pavan/pavan/ugv_ws/src/my_robot_description', 'symlink_install': False, 'test_result_base': None}
[1.473s] Level 5:colcon.colcon_core.verb:set package 'my_robot_bringup' build argument 'cmake_args' from command line to 'None'
[1.473s] Level 5:colcon.colcon_core.verb:set package 'my_robot_bringup' build argument 'cmake_target' from command line to 'None'
[1.473s] Level 5:colcon.colcon_core.verb:set package 'my_robot_bringup' build argument 'cmake_target_skip_unavailable' from command line to 'False'
[1.473s] Level 5:colcon.colcon_core.verb:set package 'my_robot_bringup' build argument 'cmake_clean_cache' from command line to 'False'
[1.473s] Level 5:colcon.colcon_core.verb:set package 'my_robot_bringup' build argument 'cmake_clean_first' from command line to 'False'
[1.473s] Level 5:colcon.colcon_core.verb:set package 'my_robot_bringup' build argument 'cmake_force_configure' from command line to 'False'
[1.473s] Level 5:colcon.colcon_core.verb:set package 'my_robot_bringup' build argument 'ament_cmake_args' from command line to 'None'
[1.473s] Level 5:colcon.colcon_core.verb:set package 'my_robot_bringup' build argument 'catkin_cmake_args' from command line to 'None'
[1.473s] Level 5:colcon.colcon_core.verb:set package 'my_robot_bringup' build argument 'catkin_skip_building_tests' from command line to 'False'
[1.473s] DEBUG:colcon.colcon_core.verb:Building package 'my_robot_bringup' with the following arguments: {'ament_cmake_args': None, 'build_base': '/home/pavan/pavan/ugv_ws/build/my_robot_bringup', 'catkin_cmake_args': None, 'catkin_skip_building_tests': False, 'cmake_args': None, 'cmake_clean_cache': False, 'cmake_clean_first': False, 'cmake_force_configure': False, 'cmake_target': None, 'cmake_target_skip_unavailable': False, 'install_base': '/home/pavan/pavan/ugv_ws/install/my_robot_bringup', 'merge_install': False, 'path': '/home/pavan/pavan/ugv_ws/src/my_robot_bringup', 'symlink_install': False, 'test_result_base': None}
[1.474s] INFO:colcon.colcon_core.executor:Executing jobs using 'parallel' executor
[1.476s] DEBUG:colcon.colcon_parallel_executor.executor.parallel:run_until_complete
[1.476s] INFO:colcon.colcon_ros.task.ament_cmake.build:Building ROS package in '/home/pavan/pavan/ugv_ws/src/my_robot_description' with build type 'ament_cmake'
[1.477s] INFO:colcon.colcon_cmake.task.cmake.build:Building CMake package in '/home/pavan/pavan/ugv_ws/src/my_robot_description'
[1.501s] INFO:colcon.colcon_core.plugin_system:Skipping extension 'colcon_core.shell.bat': Not used on non-Windows systems
[1.502s] DEBUG:colcon.colcon_core.shell:Skip shell extension 'dsv' for command environment
[1.511s] WARNING:colcon.colcon_ros.prefix_path.ament:The path '/home/pavan/pavan/robotics/udemy/code_end_section_4/install/my_robot_bringup' in the environment variable AMENT_PREFIX_PATH doesn't exist
[1.527s] WARNING:colcon.colcon_ros.prefix_path.catkin:The path '/home/pavan/pavan/robotics/udemy/code_end_section_4/install/my_robot_bringup' in the environment variable CMAKE_PREFIX_PATH doesn't exist
[1.595s] INFO:colcon.colcon_ros.task.ament_cmake.build:Building ROS package in '/home/pavan/pavan/ugv_ws/src/hbridge_control' with build type 'ament_cmake'
[1.596s] INFO:colcon.colcon_cmake.task.cmake.build:Building CMake package in '/home/pavan/pavan/ugv_ws/src/hbridge_control'
[1.596s] DEBUG:colcon.colcon_core.shell:Skip shell extension 'dsv' for command environment
[1.616s] DEBUG:colcon.colcon_core.event_handler.log_command:Invoking command in '/home/pavan/pavan/ugv_ws/build/my_robot_description': CMAKE_PREFIX_PATH=${CMAKE_PREFIX_PATH}:/opt/ros/jazzy DEBUGINFOD_URLS=https://debuginfod.ubuntu.com /usr/bin/cmake --build /home/pavan/pavan/ugv_ws/build/my_robot_description -- -j4 -l4
[1.639s] DEBUG:colcon.colcon_core.event_handler.log_command:Invoking command in '/home/pavan/pavan/ugv_ws/build/hbridge_control': CMAKE_PREFIX_PATH=${CMAKE_PREFIX_PATH}:/opt/ros/jazzy DEBUGINFOD_URLS=https://debuginfod.ubuntu.com /usr/bin/cmake --build /home/pavan/pavan/ugv_ws/build/hbridge_control -- -j4 -l4
[2.010s] DEBUG:colcon.colcon_core.event_handler.log_command:Invoked command in '/home/pavan/pavan/ugv_ws/build/my_robot_description' returned '0': CMAKE_PREFIX_PATH=${CMAKE_PREFIX_PATH}:/opt/ros/jazzy DEBUGINFOD_URLS=https://debuginfod.ubuntu.com /usr/bin/cmake --build /home/pavan/pavan/ugv_ws/build/my_robot_description -- -j4 -l4
[2.041s] DEBUG:colcon.colcon_core.event_handler.log_command:Invoking command in '/home/pavan/pavan/ugv_ws/build/my_robot_description': CMAKE_PREFIX_PATH=${CMAKE_PREFIX_PATH}:/opt/ros/jazzy DEBUGINFOD_URLS=https://debuginfod.ubuntu.com /usr/bin/cmake --install /home/pavan/pavan/ugv_ws/build/my_robot_description
[2.081s] Level 1:colcon.colcon_core.environment:create_environment_scripts_only(my_robot_description)
[2.084s] DEBUG:colcon.colcon_core.event_handler.log_command:Invoked command in '/home/pavan/pavan/ugv_ws/build/my_robot_description' returned '0': CMAKE_PREFIX_PATH=${CMAKE_PREFIX_PATH}:/opt/ros/jazzy DEBUGINFOD_URLS=https://debuginfod.ubuntu.com /usr/bin/cmake --install /home/pavan/pavan/ugv_ws/build/my_robot_description
[2.105s] Level 1:colcon.colcon_core.environment:checking '/home/pavan/pavan/ugv_ws/install/my_robot_description' for CMake module files
[2.106s] Level 1:colcon.colcon_core.environment:checking '/home/pavan/pavan/ugv_ws/install/my_robot_description' for CMake config files
[2.107s] Level 1:colcon.colcon_core.shell:create_environment_hook('my_robot_description', 'cmake_prefix_path')
[2.107s] INFO:colcon.colcon_core.shell:Creating environment descriptor '/home/pavan/pavan/ugv_ws/install/my_robot_description/share/my_robot_description/hook/cmake_prefix_path.dsv'
[2.109s] INFO:colcon.colcon_core.shell:Creating environment hook '/home/pavan/pavan/ugv_ws/install/my_robot_description/share/my_robot_description/hook/cmake_prefix_path.sh'
[2.111s] Level 1:colcon.colcon_core.environment:checking '/home/pavan/pavan/ugv_ws/install/my_robot_description/bin'
[2.111s] Level 1:colcon.colcon_core.environment:checking '/home/pavan/pavan/ugv_ws/install/my_robot_description/lib/pkgconfig/my_robot_description.pc'
[2.116s] Level 1:colcon.colcon_core.environment:checking '/home/pavan/pavan/ugv_ws/install/my_robot_description/lib/python3.12/site-packages'
[2.117s] Level 1:colcon.colcon_core.environment:checking '/home/pavan/pavan/ugv_ws/install/my_robot_description/bin'
[2.117s] INFO:colcon.colcon_core.shell:Creating package descriptor '/home/pavan/pavan/ugv_ws/install/my_robot_description/share/my_robot_description/package.dsv'
[2.118s] INFO:colcon.colcon_core.shell:Creating package script '/home/pavan/pavan/ugv_ws/install/my_robot_description/share/my_robot_description/package.sh'
[2.122s] INFO:colcon.colcon_core.shell:Creating package script '/home/pavan/pavan/ugv_ws/install/my_robot_description/share/my_robot_description/package.bash'
[2.125s] INFO:colcon.colcon_core.shell:Creating package script '/home/pavan/pavan/ugv_ws/install/my_robot_description/share/my_robot_description/package.zsh'
[2.128s] Level 1:colcon.colcon_core.environment:create_file_with_runtime_dependencies(/home/pavan/pavan/ugv_ws/install/my_robot_description/share/colcon-core/packages/my_robot_description)
[2.129s] Level 1:colcon.colcon_core.environment:create_environment_scripts_only(my_robot_description)
[2.129s] Level 1:colcon.colcon_core.environment:checking '/home/pavan/pavan/ugv_ws/install/my_robot_description' for CMake module files
[2.130s] Level 1:colcon.colcon_core.environment:checking '/home/pavan/pavan/ugv_ws/install/my_robot_description' for CMake config files
[2.130s] Level 1:colcon.colcon_core.shell:create_environment_hook('my_robot_description', 'cmake_prefix_path')
[2.131s] INFO:colcon.colcon_core.shell:Creating environment descriptor '/home/pavan/pavan/ugv_ws/install/my_robot_description/share/my_robot_description/hook/cmake_prefix_path.dsv'
[2.131s] INFO:colcon.colcon_core.shell:Creating environment hook '/home/pavan/pavan/ugv_ws/install/my_robot_description/share/my_robot_description/hook/cmake_prefix_path.sh'
[2.133s] Level 1:colcon.colcon_core.environment:checking '/home/pavan/pavan/ugv_ws/install/my_robot_description/bin'
[2.133s] Level 1:colcon.colcon_core.environment:checking '/home/pavan/pavan/ugv_ws/install/my_robot_description/lib/pkgconfig/my_robot_description.pc'
[2.133s] Level 1:colcon.colcon_core.environment:checking '/home/pavan/pavan/ugv_ws/install/my_robot_description/lib/python3.12/site-packages'
[2.134s] Level 1:colcon.colcon_core.environment:checking '/home/pavan/pavan/ugv_ws/install/my_robot_description/bin'
[2.134s] INFO:colcon.colcon_core.shell:Creating package descriptor '/home/pavan/pavan/ugv_ws/install/my_robot_description/share/my_robot_description/package.dsv'
[2.135s] INFO:colcon.colcon_core.shell:Creating package script '/home/pavan/pavan/ugv_ws/install/my_robot_description/share/my_robot_description/package.sh'
[2.139s] INFO:colcon.colcon_core.shell:Creating package script '/home/pavan/pavan/ugv_ws/install/my_robot_description/share/my_robot_description/package.bash'
[2.141s] INFO:colcon.colcon_core.shell:Creating package script '/home/pavan/pavan/ugv_ws/install/my_robot_description/share/my_robot_description/package.zsh'
[2.141s] Level 1:colcon.colcon_core.environment:create_file_with_runtime_dependencies(/home/pavan/pavan/ugv_ws/install/my_robot_description/share/colcon-core/packages/my_robot_description)
[2.142s] INFO:colcon.colcon_ros.task.ament_cmake.build:Building ROS package in '/home/pavan/pavan/ugv_ws/src/my_robot_bringup' with build type 'ament_cmake'
[2.142s] INFO:colcon.colcon_cmake.task.cmake.build:Building CMake package in '/home/pavan/pavan/ugv_ws/src/my_robot_bringup'
[2.142s] DEBUG:colcon.colcon_core.shell:Skip shell extension 'dsv' for command environment
[2.184s] DEBUG:colcon.colcon_core.event_handler.log_command:Invoking command in '/home/pavan/pavan/ugv_ws/build/my_robot_bringup': CMAKE_PREFIX_PATH=/home/pavan/pavan/ugv_ws/install/my_robot_description:/home/pavan/pavan/robotics/udemy/code_end_section_4/install/my_robot_bringup:/home/pavan/pavan/robotics/udemy/code_end_section_4/install/my_robot_description:/home/pavan/pavan/ugv_ws/install/my_robot_bringup:/home/pavan/pavan/ugv_ws/install/hbridge_control:/home/pavan/ws_lidar/install/sllidar_ros2:/opt/ros/jazzy/opt/gz_sim_vendor:/opt/ros/jazzy/opt/gz_sensors_vendor:/opt/ros/jazzy/opt/gz_physics_vendor:/opt/ros/jazzy/opt/sdformat_vendor:/opt/ros/jazzy/opt/gz_gui_vendor:/opt/ros/jazzy/opt/gz_transport_vendor:/opt/ros/jazzy/opt/gz_rendering_vendor:/opt/ros/jazzy/opt/gz_plugin_vendor:/opt/ros/jazzy/opt/gz_fuel_tools_vendor:/opt/ros/jazzy/opt/gz_msgs_vendor:/opt/ros/jazzy/opt/gz_common_vendor:/opt/ros/jazzy/opt/gz_math_vendor:/opt/ros/jazzy/opt/gz_utils_vendor:/opt/ros/jazzy/opt/gz_tools_vendor:/opt/ros/jazzy/opt/gz_ogre_next_vendor:/opt/ros/jazzy/opt/gz_dartsim_vendor:/opt/ros/jazzy/opt/gz_cmake_vendor:/opt/ros/jazzy DEBUGINFOD_URLS=https://debuginfod.ubuntu.com /usr/bin/cmake --build /home/pavan/pavan/ugv_ws/build/my_robot_bringup -- -j4 -l4
[2.311s] DEBUG:colcon.colcon_core.event_handler.log_command:Invoked command in '/home/pavan/pavan/ugv_ws/build/my_robot_bringup' returned '0': CMAKE_PREFIX_PATH=/home/pavan/pavan/ugv_ws/install/my_robot_description:/home/pavan/pavan/robotics/udemy/code_end_section_4/install/my_robot_bringup:/home/pavan/pavan/robotics/udemy/code_end_section_4/install/my_robot_description:/home/pavan/pavan/ugv_ws/install/my_robot_bringup:/home/pavan/pavan/ugv_ws/install/hbridge_control:/home/pavan/ws_lidar/install/sllidar_ros2:/opt/ros/jazzy/opt/gz_sim_vendor:/opt/ros/jazzy/opt/gz_sensors_vendor:/opt/ros/jazzy/opt/gz_physics_vendor:/opt/ros/jazzy/opt/sdformat_vendor:/opt/ros/jazzy/opt/gz_gui_vendor:/opt/ros/jazzy/opt/gz_transport_vendor:/opt/ros/jazzy/opt/gz_rendering_vendor:/opt/ros/jazzy/opt/gz_plugin_vendor:/opt/ros/jazzy/opt/gz_fuel_tools_vendor:/opt/ros/jazzy/opt/gz_msgs_vendor:/opt/ros/jazzy/opt/gz_common_vendor:/opt/ros/jazzy/opt/gz_math_vendor:/opt/ros/jazzy/opt/gz_utils_vendor:/opt/ros/jazzy/opt/gz_tools_vendor:/opt/ros/jazzy/opt/gz_ogre_next_vendor:/opt/ros/jazzy/opt/gz_dartsim_vendor:/opt/ros/jazzy/opt/gz_cmake_vendor:/opt/ros/jazzy DEBUGINFOD_URLS=https://debuginfod.ubuntu.com /usr/bin/cmake --build /home/pavan/pavan/ugv_ws/build/my_robot_bringup -- -j4 -l4
[2.322s] DEBUG:colcon.colcon_core.event_handler.log_command:Invoking command in '/home/pavan/pavan/ugv_ws/build/my_robot_bringup': CMAKE_PREFIX_PATH=/home/pavan/pavan/ugv_ws/install/my_robot_description:/home/pavan/pavan/robotics/udemy/code_end_section_4/install/my_robot_bringup:/home/pavan/pavan/robotics/udemy/code_end_section_4/install/my_robot_description:/home/pavan/pavan/ugv_ws/install/my_robot_bringup:/home/pavan/pavan/ugv_ws/install/hbridge_control:/home/pavan/ws_lidar/install/sllidar_ros2:/opt/ros/jazzy/opt/gz_sim_vendor:/opt/ros/jazzy/opt/gz_sensors_vendor:/opt/ros/jazzy/opt/gz_physics_vendor:/opt/ros/jazzy/opt/sdformat_vendor:/opt/ros/jazzy/opt/gz_gui_vendor:/opt/ros/jazzy/opt/gz_transport_vendor:/opt/ros/jazzy/opt/gz_rendering_vendor:/opt/ros/jazzy/opt/gz_plugin_vendor:/opt/ros/jazzy/opt/gz_fuel_tools_vendor:/opt/ros/jazzy/opt/gz_msgs_vendor:/opt/ros/jazzy/opt/gz_common_vendor:/opt/ros/jazzy/opt/gz_math_vendor:/opt/ros/jazzy/opt/gz_utils_vendor:/opt/ros/jazzy/opt/gz_tools_vendor:/opt/ros/jazzy/opt/gz_ogre_next_vendor:/opt/ros/jazzy/opt/gz_dartsim_vendor:/opt/ros/jazzy/opt/gz_cmake_vendor:/opt/ros/jazzy DEBUGINFOD_URLS=https://debuginfod.ubuntu.com /usr/bin/cmake --install /home/pavan/pavan/ugv_ws/build/my_robot_bringup
[2.368s] Level 1:colcon.colcon_core.environment:create_environment_scripts_only(my_robot_bringup)
[2.368s] Level 1:colcon.colcon_core.environment:checking '/home/pavan/pavan/ugv_ws/install/my_robot_bringup' for CMake module files
[2.369s] DEBUG:colcon.colcon_core.event_handler.log_command:Invoked command in '/home/pavan/pavan/ugv_ws/build/my_robot_bringup' returned '0': CMAKE_PREFIX_PATH=/home/pavan/pavan/ugv_ws/install/my_robot_description:/home/pavan/pavan/robotics/udemy/code_end_section_4/install/my_robot_bringup:/home/pavan/pavan/robotics/udemy/code_end_section_4/install/my_robot_description:/home/pavan/pavan/ugv_ws/install/my_robot_bringup:/home/pavan/pavan/ugv_ws/install/hbridge_control:/home/pavan/ws_lidar/install/sllidar_ros2:/opt/ros/jazzy/opt/gz_sim_vendor:/opt/ros/jazzy/opt/gz_sensors_vendor:/opt/ros/jazzy/opt/gz_physics_vendor:/opt/ros/jazzy/opt/sdformat_vendor:/opt/ros/jazzy/opt/gz_gui_vendor:/opt/ros/jazzy/opt/gz_transport_vendor:/opt/ros/jazzy/opt/gz_rendering_vendor:/opt/ros/jazzy/opt/gz_plugin_vendor:/opt/ros/jazzy/opt/gz_fuel_tools_vendor:/opt/ros/jazzy/opt/gz_msgs_vendor:/opt/ros/jazzy/opt/gz_common_vendor:/opt/ros/jazzy/opt/gz_math_vendor:/opt/ros/jazzy/opt/gz_utils_vendor:/opt/ros/jazzy/opt/gz_tools_vendor:/opt/ros/jazzy/opt/gz_ogre_next_vendor:/opt/ros/jazzy/opt/gz_dartsim_vendor:/opt/ros/jazzy/opt/gz_cmake_vendor:/opt/ros/jazzy DEBUGINFOD_URLS=https://debuginfod.ubuntu.com /usr/bin/cmake --install /home/pavan/pavan/ugv_ws/build/my_robot_bringup
[2.370s] Level 1:colcon.colcon_core.environment:checking '/home/pavan/pavan/ugv_ws/install/my_robot_bringup' for CMake config files
[2.371s] Level 1:colcon.colcon_core.shell:create_environment_hook('my_robot_bringup', 'cmake_prefix_path')
[2.371s] INFO:colcon.colcon_core.shell:Creating environment descriptor '/home/pavan/pavan/ugv_ws/install/my_robot_bringup/share/my_robot_bringup/hook/cmake_prefix_path.dsv'
[2.372s] INFO:colcon.colcon_core.shell:Creating environment hook '/home/pavan/pavan/ugv_ws/install/my_robot_bringup/share/my_robot_bringup/hook/cmake_prefix_path.sh'
[2.373s] Level 1:colcon.colcon_core.environment:checking '/home/pavan/pavan/ugv_ws/install/my_robot_bringup/bin'
[2.373s] Level 1:colcon.colcon_core.environment:checking '/home/pavan/pavan/ugv_ws/install/my_robot_bringup/lib/pkgconfig/my_robot_bringup.pc'
[2.373s] Level 1:colcon.colcon_core.environment:checking '/home/pavan/pavan/ugv_ws/install/my_robot_bringup/lib/python3.12/site-packages'
[2.374s] Level 1:colcon.colcon_core.environment:checking '/home/pavan/pavan/ugv_ws/install/my_robot_bringup/bin'
[2.374s] INFO:colcon.colcon_core.shell:Creating package descriptor '/home/pavan/pavan/ugv_ws/install/my_robot_bringup/share/my_robot_bringup/package.dsv'
[2.375s] INFO:colcon.colcon_core.shell:Creating package script '/home/pavan/pavan/ugv_ws/install/my_robot_bringup/share/my_robot_bringup/package.sh'
[2.376s] INFO:colcon.colcon_core.shell:Creating package script '/home/pavan/pavan/ugv_ws/install/my_robot_bringup/share/my_robot_bringup/package.bash'
[2.376s] INFO:colcon.colcon_core.shell:Creating package script '/home/pavan/pavan/ugv_ws/install/my_robot_bringup/share/my_robot_bringup/package.zsh'
[2.377s] Level 1:colcon.colcon_core.environment:create_file_with_runtime_dependencies(/home/pavan/pavan/ugv_ws/install/my_robot_bringup/share/colcon-core/packages/my_robot_bringup)
[2.379s] Level 1:colcon.colcon_core.environment:create_environment_scripts_only(my_robot_bringup)
[2.380s] Level 1:colcon.colcon_core.environment:checking '/home/pavan/pavan/ugv_ws/install/my_robot_bringup' for CMake module files
[2.382s] Level 1:colcon.colcon_core.environment:checking '/home/pavan/pavan/ugv_ws/install/my_robot_bringup' for CMake config files
[2.383s] Level 1:colcon.colcon_core.shell:create_environment_hook('my_robot_bringup', 'cmake_prefix_path')
[2.385s] INFO:colcon.colcon_core.shell:Creating environment descriptor '/home/pavan/pavan/ugv_ws/install/my_robot_bringup/share/my_robot_bringup/hook/cmake_prefix_path.dsv'
[2.388s] INFO:colcon.colcon_core.shell:Creating environment hook '/home/pavan/pavan/ugv_ws/install/my_robot_bringup/share/my_robot_bringup/hook/cmake_prefix_path.sh'
[2.389s] Level 1:colcon.colcon_core.environment:checking '/home/pavan/pavan/ugv_ws/install/my_robot_bringup/bin'
[2.389s] Level 1:colcon.colcon_core.environment:checking '/home/pavan/pavan/ugv_ws/install/my_robot_bringup/lib/pkgconfig/my_robot_bringup.pc'
[2.389s] Level 1:colcon.colcon_core.environment:checking '/home/pavan/pavan/ugv_ws/install/my_robot_bringup/lib/python3.12/site-packages'
[2.390s] Level 1:colcon.colcon_core.environment:checking '/home/pavan/pavan/ugv_ws/install/my_robot_bringup/bin'
[2.391s] INFO:colcon.colcon_core.shell:Creating package descriptor '/home/pavan/pavan/ugv_ws/install/my_robot_bringup/share/my_robot_bringup/package.dsv'
[2.393s] INFO:colcon.colcon_core.shell:Creating package script '/home/pavan/pavan/ugv_ws/install/my_robot_bringup/share/my_robot_bringup/package.sh'
[2.394s] INFO:colcon.colcon_core.shell:Creating package script '/home/pavan/pavan/ugv_ws/install/my_robot_bringup/share/my_robot_bringup/package.bash'
[2.395s] INFO:colcon.colcon_core.shell:Creating package script '/home/pavan/pavan/ugv_ws/install/my_robot_bringup/share/my_robot_bringup/package.zsh'
[2.395s] Level 1:colcon.colcon_core.environment:create_file_with_runtime_dependencies(/home/pavan/pavan/ugv_ws/install/my_robot_bringup/share/colcon-core/packages/my_robot_bringup)
[13.261s] DEBUG:colcon.colcon_core.event_handler.log_command:Invoked command in '/home/pavan/pavan/ugv_ws/build/hbridge_control' returned '2': CMAKE_PREFIX_PATH=${CMAKE_PREFIX_PATH}:/opt/ros/jazzy DEBUGINFOD_URLS=https://debuginfod.ubuntu.com /usr/bin/cmake --build /home/pavan/pavan/ugv_ws/build/hbridge_control -- -j4 -l4
[13.276s] Level 1:colcon.colcon_core.environment:create_environment_scripts_only(hbridge_control)
[13.276s] Level 1:colcon.colcon_core.environment:checking '/home/pavan/pavan/ugv_ws/install/hbridge_control' for CMake module files
[13.280s] Level 1:colcon.colcon_core.environment:checking '/home/pavan/pavan/ugv_ws/install/hbridge_control' for CMake config files
[13.281s] Level 1:colcon.colcon_core.shell:create_environment_hook('hbridge_control', 'cmake_prefix_path')
[13.282s] INFO:colcon.colcon_core.shell:Creating environment descriptor '/home/pavan/pavan/ugv_ws/install/hbridge_control/share/hbridge_control/hook/cmake_prefix_path.dsv'
[13.296s] INFO:colcon.colcon_core.shell:Creating environment hook '/home/pavan/pavan/ugv_ws/install/hbridge_control/share/hbridge_control/hook/cmake_prefix_path.sh'
[13.306s] Level 1:colcon.colcon_core.environment:checking '/home/pavan/pavan/ugv_ws/install/hbridge_control/lib'
[13.306s] Level 1:colcon.colcon_core.environment:checking '/home/pavan/pavan/ugv_ws/install/hbridge_control/bin'
[13.307s] Level 1:colcon.colcon_core.environment:checking '/home/pavan/pavan/ugv_ws/install/hbridge_control/lib/pkgconfig/hbridge_control.pc'
[13.307s] Level 1:colcon.colcon_core.environment:checking '/home/pavan/pavan/ugv_ws/install/hbridge_control/lib/python3.12/site-packages'
[13.308s] Level 1:colcon.colcon_core.environment:checking '/home/pavan/pavan/ugv_ws/install/hbridge_control/bin'
[13.308s] INFO:colcon.colcon_core.shell:Creating package descriptor '/home/pavan/pavan/ugv_ws/install/hbridge_control/share/hbridge_control/package.dsv'
[13.309s] INFO:colcon.colcon_core.shell:Creating package script '/home/pavan/pavan/ugv_ws/install/hbridge_control/share/hbridge_control/package.sh'
[13.315s] INFO:colcon.colcon_core.shell:Creating package script '/home/pavan/pavan/ugv_ws/install/hbridge_control/share/hbridge_control/package.bash'
[13.318s] INFO:colcon.colcon_core.shell:Creating package script '/home/pavan/pavan/ugv_ws/install/hbridge_control/share/hbridge_control/package.zsh'
[13.322s] Level 1:colcon.colcon_core.environment:create_file_with_runtime_dependencies(/home/pavan/pavan/ugv_ws/install/hbridge_control/share/colcon-core/packages/hbridge_control)
[13.337s] DEBUG:colcon.colcon_parallel_executor.executor.parallel:closing loop
[13.337s] DEBUG:colcon.colcon_parallel_executor.executor.parallel:loop closed
[13.337s] DEBUG:colcon.colcon_parallel_executor.executor.parallel:run_until_complete finished with '2'
[13.337s] DEBUG:colcon.colcon_core.event_reactor:joining thread
[13.480s] INFO:colcon.colcon_core.plugin_system:Skipping extension 'colcon_notification.desktop_notification.terminal_notifier': Not used on non-Darwin systems
[13.480s] INFO:colcon.colcon_core.plugin_system:Skipping extension 'colcon_notification.desktop_notification.win32': Not used on non-Windows systems
[13.480s] INFO:colcon.colcon_notification.desktop_notification:Sending desktop notification using 'notify2'
[13.690s] DEBUG:colcon.colcon_core.event_reactor:joined thread
[13.690s] INFO:colcon.colcon_core.shell:Creating prefix script '/home/pavan/pavan/ugv_ws/install/local_setup.sh'
[13.693s] INFO:colcon.colcon_core.shell:Creating prefix util module '/home/pavan/pavan/ugv_ws/install/_local_setup_util_sh.py'
[13.697s] INFO:colcon.colcon_core.shell:Creating prefix chain script '/home/pavan/pavan/ugv_ws/install/setup.sh'
[13.732s] INFO:colcon.colcon_core.shell:Creating prefix script '/home/pavan/pavan/ugv_ws/install/local_setup.bash'
[13.734s] INFO:colcon.colcon_core.shell:Creating prefix chain script '/home/pavan/pavan/ugv_ws/install/setup.bash'
[13.736s] INFO:colcon.colcon_core.shell:Creating prefix script '/home/pavan/pavan/ugv_ws/install/local_setup.zsh'
[13.747s] INFO:colcon.colcon_core.shell:Creating prefix chain script '/home/pavan/pavan/ugv_ws/install/setup.zsh'
