[0.073s] Invoking command in '/home/pavan/pavan/ugv_ws/build/my_robot_description': CMAKE_PREFIX_PATH=${CMAKE_PREFIX_PATH}:/opt/ros/jazzy DEBUGINFOD_URLS=https://debuginfod.ubuntu.com /usr/bin/cmake --build /home/pavan/pavan/ugv_ws/build/my_robot_description -- -j4 -l4
[0.240s] Invoked command in '/home/pavan/pavan/ugv_ws/build/my_robot_description' returned '0': CMAKE_PREFIX_PATH=${CMAKE_PREFIX_PATH}:/opt/ros/jazzy DEBUGINFOD_URLS=https://debuginfod.ubuntu.com /usr/bin/cmake --build /home/pavan/pavan/ugv_ws/build/my_robot_description -- -j4 -l4
[0.261s] Invoking command in '/home/pavan/pavan/ugv_ws/build/my_robot_description': CMAKE_PREFIX_PATH=${CMAKE_PREFIX_PATH}:/opt/ros/jazzy DEBUGINFOD_URLS=https://debuginfod.ubuntu.com /usr/bin/cmake --install /home/pavan/pavan/ugv_ws/build/my_robot_description
[0.278s] -- Install configuration: ""
[0.278s] -- Up-to-date: /home/pavan/pavan/ugv_ws/install/my_robot_description/share/my_robot_description//urdf
[0.278s] -- Up-to-date: /home/pavan/pavan/ugv_ws/install/my_robot_description/share/my_robot_description//urdf/mobile_base.ros2_control.xacro
[0.278s] -- Up-to-date: /home/pavan/pavan/ugv_ws/install/my_robot_description/share/my_robot_description//urdf/common_properties.xacro
[0.278s] -- Up-to-date: /home/pavan/pavan/ugv_ws/install/my_robot_description/share/my_robot_description//urdf/my_robot.urdf.xacro
[0.279s] -- Up-to-date: /home/pavan/pavan/ugv_ws/install/my_robot_description/share/my_robot_description//urdf/mobile_base.xacro
[0.279s] -- Up-to-date: /home/pavan/pavan/ugv_ws/install/my_robot_description/share/my_robot_description//launch
[0.279s] -- Up-to-date: /home/pavan/pavan/ugv_ws/install/my_robot_description/share/my_robot_description//launch/display.launch.xml
[0.279s] -- Up-to-date: /home/pavan/pavan/ugv_ws/install/my_robot_description/share/my_robot_description//launch/display.launch.py
[0.279s] -- Up-to-date: /home/pavan/pavan/ugv_ws/install/my_robot_description/share/my_robot_description//rviz
[0.279s] -- Up-to-date: /home/pavan/pavan/ugv_ws/install/my_robot_description/share/my_robot_description//rviz/urdf_config.rviz
[0.279s] -- Up-to-date: /home/pavan/pavan/ugv_ws/install/my_robot_description/share/ament_index/resource_index/package_run_dependencies/my_robot_description
[0.280s] -- Up-to-date: /home/pavan/pavan/ugv_ws/install/my_robot_description/share/ament_index/resource_index/parent_prefix_path/my_robot_description
[0.280s] -- Up-to-date: /home/pavan/pavan/ugv_ws/install/my_robot_description/share/my_robot_description/environment/ament_prefix_path.sh
[0.280s] -- Up-to-date: /home/pavan/pavan/ugv_ws/install/my_robot_description/share/my_robot_description/environment/ament_prefix_path.dsv
[0.280s] -- Up-to-date: /home/pavan/pavan/ugv_ws/install/my_robot_description/share/my_robot_description/environment/path.sh
[0.280s] -- Up-to-date: /home/pavan/pavan/ugv_ws/install/my_robot_description/share/my_robot_description/environment/path.dsv
[0.280s] -- Up-to-date: /home/pavan/pavan/ugv_ws/install/my_robot_description/share/my_robot_description/local_setup.bash
[0.280s] -- Up-to-date: /home/pavan/pavan/ugv_ws/install/my_robot_description/share/my_robot_description/local_setup.sh
[0.280s] -- Up-to-date: /home/pavan/pavan/ugv_ws/install/my_robot_description/share/my_robot_description/local_setup.zsh
[0.280s] -- Up-to-date: /home/pavan/pavan/ugv_ws/install/my_robot_description/share/my_robot_description/local_setup.dsv
[0.281s] -- Installing: /home/pavan/pavan/ugv_ws/install/my_robot_description/share/my_robot_description/package.dsv
[0.281s] -- Up-to-date: /home/pavan/pavan/ugv_ws/install/my_robot_description/share/ament_index/resource_index/packages/my_robot_description
[0.281s] -- Up-to-date: /home/pavan/pavan/ugv_ws/install/my_robot_description/share/my_robot_description/cmake/my_robot_descriptionConfig.cmake
[0.281s] -- Up-to-date: /home/pavan/pavan/ugv_ws/install/my_robot_description/share/my_robot_description/cmake/my_robot_descriptionConfig-version.cmake
[0.281s] -- Up-to-date: /home/pavan/pavan/ugv_ws/install/my_robot_description/share/my_robot_description/package.xml
[0.284s] Invoked command in '/home/pavan/pavan/ugv_ws/build/my_robot_description' returned '0': CMAKE_PREFIX_PATH=${CMAKE_PREFIX_PATH}:/opt/ros/jazzy DEBUGINFOD_URLS=https://debuginfod.ubuntu.com /usr/bin/cmake --install /home/pavan/pavan/ugv_ws/build/my_robot_description
