[ 50%] [32mBuilding CXX object CMakeFiles/hbridge_control.dir/src/mobile_base_hardware_interface.cpp.o[0m
[100%] [32m[1mLinking CXX shared library libhbridge_control.so[0m
[100%] Built target hbridge_control
-- Install configuration: ""
-- Up-to-date: /home/pavan/pavan/ugv_ws/install/hbridge_control/share/hbridge_control/hbridge_control_interface.xml
-- Installing: /home/pavan/pavan/ugv_ws/install/hbridge_control/lib/hbridge_control/libhbridge_control.so
-- Set non-toolchain portion of runtime path of "/home/pavan/pavan/ugv_ws/install/hbridge_control/lib/hbridge_control/libhbridge_control.so" to ""
-- Up-to-date: /home/pavan/pavan/ugv_ws/install/hbridge_control/share/hbridge_control/motor_interface
-- Up-to-date: /home/pavan/pavan/ugv_ws/install/hbridge_control/share/hbridge_control/motor_interface/mobile_base_hardware_interface.hpp
-- Up-to-date: /home/pavan/pavan/ugv_ws/install/hbridge_control/share/hbridge_control/include
-- Up-to-date: /home/pavan/pavan/ugv_ws/install/hbridge_control/share/hbridge_control/include/motor_interface
-- Up-to-date: /home/pavan/pavan/ugv_ws/install/hbridge_control/share/hbridge_control/include/motor_interface/mobile_base_hardware_interface.hpp
-- Up-to-date: /home/pavan/pavan/ugv_ws/install/hbridge_control/share/hbridge_control/hbridge_control_interface.xml
-- Up-to-date: /home/pavan/pavan/ugv_ws/install/hbridge_control/share/hbridge_control/environment/library_path.sh
-- Up-to-date: /home/pavan/pavan/ugv_ws/install/hbridge_control/share/hbridge_control/environment/library_path.dsv
-- Up-to-date: /home/pavan/pavan/ugv_ws/install/hbridge_control/share/ament_index/resource_index/package_run_dependencies/hbridge_control
-- Up-to-date: /home/pavan/pavan/ugv_ws/install/hbridge_control/share/ament_index/resource_index/parent_prefix_path/hbridge_control
-- Up-to-date: /home/pavan/pavan/ugv_ws/install/hbridge_control/share/hbridge_control/environment/ament_prefix_path.sh
-- Up-to-date: /home/pavan/pavan/ugv_ws/install/hbridge_control/share/hbridge_control/environment/ament_prefix_path.dsv
-- Up-to-date: /home/pavan/pavan/ugv_ws/install/hbridge_control/share/hbridge_control/environment/path.sh
-- Up-to-date: /home/pavan/pavan/ugv_ws/install/hbridge_control/share/hbridge_control/environment/path.dsv
-- Up-to-date: /home/pavan/pavan/ugv_ws/install/hbridge_control/share/hbridge_control/local_setup.bash
-- Up-to-date: /home/pavan/pavan/ugv_ws/install/hbridge_control/share/hbridge_control/local_setup.sh
-- Up-to-date: /home/pavan/pavan/ugv_ws/install/hbridge_control/share/hbridge_control/local_setup.zsh
-- Up-to-date: /home/pavan/pavan/ugv_ws/install/hbridge_control/share/hbridge_control/local_setup.dsv
-- Installing: /home/pavan/pavan/ugv_ws/install/hbridge_control/share/hbridge_control/package.dsv
-- Up-to-date: /home/pavan/pavan/ugv_ws/install/hbridge_control/share/ament_index/resource_index/packages/hbridge_control
-- Up-to-date: /home/pavan/pavan/ugv_ws/install/hbridge_control/share/ament_index/resource_index/hardware_interface__pluginlib__plugin/hbridge_control
-- Up-to-date: /home/pavan/pavan/ugv_ws/install/hbridge_control/share/hbridge_control/cmake/ament_cmake_export_libraries-extras.cmake
-- Up-to-date: /home/pavan/pavan/ugv_ws/install/hbridge_control/share/hbridge_control/cmake/ament_cmake_export_dependencies-extras.cmake
-- Up-to-date: /home/pavan/pavan/ugv_ws/install/hbridge_control/share/hbridge_control/cmake/hbridge_controlConfig.cmake
-- Up-to-date: /home/pavan/pavan/ugv_ws/install/hbridge_control/share/hbridge_control/cmake/hbridge_controlConfig-version.cmake
-- Up-to-date: /home/pavan/pavan/ugv_ws/install/hbridge_control/share/hbridge_control/package.xml
