[ 50%] [32mBuilding CXX object CMakeFiles/hbridge_control.dir/src/mobile_base_hardware_interface.cpp.o[0m
[01m[K/home/pavan/pavan/ugv_ws/src/hbridge_control/src/mobile_base_hardware_interface.cpp:[m[K In member function ‘[01m[Kvirtual mobile_base_hardware::CallbackReturn mobile_base_hardware::MobileBaseHardwareInterface::[01;32m[Kon_init[m[K(const hardware_interface::HardwareInfo&)[m[K’:
[01m[K/home/pavan/pavan/ugv_ws/src/hbridge_control/src/mobile_base_hardware_interface.cpp:17:53:[m[K [01;35m[Kwarning: [m[K‘[01m[Kvirtual rclcpp_lifecycle::node_interfaces::LifecycleNodeInterface::CallbackReturn hardware_interface::HardwareComponentInterface::[01;32m[Kon_init[m[K(const hardware_interface::HardwareInfo&)[m[K’ is deprecated: Use on_init(const HardwareComponentInterfaceParams & params) instead. [[01;35m[K]8;;https://gcc.gnu.org/onlinedocs/gcc/Warning-Options.html#index-Wdeprecated-declarations-Wdeprecated-declarations]8;;[m[K]
   17 |     if ([01;35m[Khardware_interface::SystemInterface::on_init(info)[m[K != CallbackReturn::SUCCESS) {
      |         [01;35m[K~~~~~~~~~~~~~~~~~~~~~~~~~~~~~~~~~~~~~~~~~~~~^~~~~~[m[K
In file included from [01m[K/opt/ros/jazzy/include/hardware_interface/hardware_interface/system_interface.hpp:18[m[K,
                 from [01m[K/home/pavan/pavan/ugv_ws/src/hbridge_control/include/motor_interface/mobile_base_hardware_interface.hpp:3[m[K,
                 from [01m[K/home/pavan/pavan/ugv_ws/src/hbridge_control/src/mobile_base_hardware_interface.cpp:1[m[K:
[01m[K/opt/ros/jazzy/include/hardware_interface/hardware_interface/hardware_component_interface.hpp:226:26:[m[K [01;36m[Knote: [m[Kdeclared here
  226 |   virtual CallbackReturn [01;36m[Kon_init[m[K(const HardwareInfo & hardware_info)
      |                          [01;36m[K^~~~~~~[m[K
[100%] [32m[1mLinking CXX shared library libhbridge_control.so[0m
[100%] Built target hbridge_control
-- Install configuration: ""
-- Up-to-date: /home/pavan/pavan/ugv_ws/install/hbridge_control/share/hbridge_control/hbridge_control_interface.xml
-- Installing: /home/pavan/pavan/ugv_ws/install/hbridge_control/lib/hbridge_control/libhbridge_control.so
-- Set non-toolchain portion of runtime path of "/home/pavan/pavan/ugv_ws/install/hbridge_control/lib/hbridge_control/libhbridge_control.so" to ""
-- Up-to-date: /home/pavan/pavan/ugv_ws/install/hbridge_control/share/hbridge_control/motor_interface
-- Up-to-date: /home/pavan/pavan/ugv_ws/install/hbridge_control/share/hbridge_control/motor_interface/mobile_base_hardware_interface.hpp
-- Up-to-date: /home/pavan/pavan/ugv_ws/install/hbridge_control/share/hbridge_control/include
-- Up-to-date: /home/pavan/pavan/ugv_ws/install/hbridge_control/share/hbridge_control/include/motor_interface
-- Up-to-date: /home/pavan/pavan/ugv_ws/install/hbridge_control/share/hbridge_control/include/motor_interface/mobile_base_hardware_interface.hpp
-- Up-to-date: /home/pavan/pavan/ugv_ws/install/hbridge_control/share/hbridge_control/hbridge_control_interface.xml
-- Up-to-date: /home/pavan/pavan/ugv_ws/install/hbridge_control/share/hbridge_control/environment/library_path.sh
-- Up-to-date: /home/pavan/pavan/ugv_ws/install/hbridge_control/share/hbridge_control/environment/library_path.dsv
-- Up-to-date: /home/pavan/pavan/ugv_ws/install/hbridge_control/share/ament_index/resource_index/package_run_dependencies/hbridge_control
-- Up-to-date: /home/pavan/pavan/ugv_ws/install/hbridge_control/share/ament_index/resource_index/parent_prefix_path/hbridge_control
-- Up-to-date: /home/pavan/pavan/ugv_ws/install/hbridge_control/share/hbridge_control/environment/ament_prefix_path.sh
-- Up-to-date: /home/pavan/pavan/ugv_ws/install/hbridge_control/share/hbridge_control/environment/ament_prefix_path.dsv
-- Up-to-date: /home/pavan/pavan/ugv_ws/install/hbridge_control/share/hbridge_control/environment/path.sh
-- Up-to-date: /home/pavan/pavan/ugv_ws/install/hbridge_control/share/hbridge_control/environment/path.dsv
-- Up-to-date: /home/pavan/pavan/ugv_ws/install/hbridge_control/share/hbridge_control/local_setup.bash
-- Up-to-date: /home/pavan/pavan/ugv_ws/install/hbridge_control/share/hbridge_control/local_setup.sh
-- Up-to-date: /home/pavan/pavan/ugv_ws/install/hbridge_control/share/hbridge_control/local_setup.zsh
-- Up-to-date: /home/pavan/pavan/ugv_ws/install/hbridge_control/share/hbridge_control/local_setup.dsv
-- Installing: /home/pavan/pavan/ugv_ws/install/hbridge_control/share/hbridge_control/package.dsv
-- Up-to-date: /home/pavan/pavan/ugv_ws/install/hbridge_control/share/ament_index/resource_index/packages/hbridge_control
-- Up-to-date: /home/pavan/pavan/ugv_ws/install/hbridge_control/share/ament_index/resource_index/hardware_interface__pluginlib__plugin/hbridge_control
-- Up-to-date: /home/pavan/pavan/ugv_ws/install/hbridge_control/share/hbridge_control/cmake/ament_cmake_export_libraries-extras.cmake
-- Up-to-date: /home/pavan/pavan/ugv_ws/install/hbridge_control/share/hbridge_control/cmake/ament_cmake_export_dependencies-extras.cmake
-- Up-to-date: /home/pavan/pavan/ugv_ws/install/hbridge_control/share/hbridge_control/cmake/hbridge_controlConfig.cmake
-- Up-to-date: /home/pavan/pavan/ugv_ws/install/hbridge_control/share/hbridge_control/cmake/hbridge_controlConfig-version.cmake
-- Up-to-date: /home/pavan/pavan/ugv_ws/install/hbridge_control/share/hbridge_control/package.xml
