[0.325s] DEBUG:colcon:Command line arguments: ['/usr/bin/colcon', 'build']
[0.325s] DEBUG:colcon:Parsed command line arguments: Namespace(log_base=None, log_level=None, verb_name='build', build_base='build', install_base='install', merge_install=False, symlink_install=False, test_result_base=None, continue_on_error=False, executor='parallel', parallel_workers=4, event_handlers=None, ignore_user_meta=False, metas=['./colcon.meta'], base_paths=['.'], packages_ignore=None, packages_ignore_regex=None, paths=None, packages_up_to=None, packages_up_to_regex=None, packages_above=None, packages_above_and_dependencies=None, packages_above_depth=None, packages_select_by_dep=None, packages_skip_by_dep=None, packages_skip_up_to=None, packages_select_build_failed=False, packages_skip_build_finished=False, packages_select_test_failures=False, packages_skip_test_passed=False, packages_select=None, packages_skip=None, packages_select_regex=None, packages_skip_regex=None, packages_start=None, packages_end=None, cmake_args=None, cmake_target=None, cmake_target_skip_unavailable=False, cmake_clean_cache=False, cmake_clean_first=False, cmake_force_configure=False, ament_cmake_args=None, catkin_cmake_args=None, catkin_skip_building_tests=False, verb_parser=<colcon_defaults.argument_parser.defaults.DefaultArgumentsDecorator object at 0xffffa9a30e60>, verb_extension=<colcon_core.verb.build.BuildVerb object at 0xffffa9c19a00>, main=<bound method BuildVerb.main of <colcon_core.verb.build.BuildVerb object at 0xffffa9c19a00>>)
[0.434s] Level 1:colcon.colcon_core.package_discovery:discover_packages(colcon_meta) check parameters
[0.434s] Level 1:colcon.colcon_core.package_discovery:discover_packages(recursive) check parameters
[0.434s] Level 1:colcon.colcon_core.package_discovery:discover_packages(ignore) check parameters
[0.434s] Level 1:colcon.colcon_core.package_discovery:discover_packages(path) check parameters
[0.434s] Level 1:colcon.colcon_core.package_discovery:discover_packages(colcon_meta) discover
[0.434s] Level 1:colcon.colcon_core.package_discovery:discover_packages(recursive) discover
[0.434s] INFO:colcon.colcon_core.package_discovery:Crawling recursively for packages in '/home/pavan/pavan/ugv_ws'
[0.435s] Level 1:colcon.colcon_core.package_identification:_identify(.) by extensions ['ignore', 'ignore_ament_install']
[0.435s] Level 1:colcon.colcon_core.package_identification:_identify(.) by extension 'ignore'
[0.435s] Level 1:colcon.colcon_core.package_identification:_identify(.) by extension 'ignore_ament_install'
[0.435s] Level 1:colcon.colcon_core.package_identification:_identify(.) by extensions ['colcon_pkg']
[0.435s] Level 1:colcon.colcon_core.package_identification:_identify(.) by extension 'colcon_pkg'
[0.435s] Level 1:colcon.colcon_core.package_identification:_identify(.) by extensions ['colcon_meta']
[0.435s] Level 1:colcon.colcon_core.package_identification:_identify(.) by extension 'colcon_meta'
[0.435s] Level 1:colcon.colcon_core.package_identification:_identify(.) by extensions ['ros']
[0.435s] Level 1:colcon.colcon_core.package_identification:_identify(.) by extension 'ros'
[0.498s] Level 1:colcon.colcon_core.package_identification:_identify(.) by extensions ['cmake', 'python']
[0.498s] Level 1:colcon.colcon_core.package_identification:_identify(.) by extension 'cmake'
[0.498s] Level 1:colcon.colcon_core.package_identification:_identify(.) by extension 'python'
[0.498s] Level 1:colcon.colcon_core.package_identification:_identify(.) by extensions ['python_setup_py']
[0.498s] Level 1:colcon.colcon_core.package_identification:_identify(.) by extension 'python_setup_py'
[0.498s] Level 1:colcon.colcon_core.package_identification:_identify(build) by extensions ['ignore', 'ignore_ament_install']
[0.499s] Level 1:colcon.colcon_core.package_identification:_identify(build) by extension 'ignore'
[0.499s] Level 1:colcon.colcon_core.package_identification:_identify(build) ignored
[0.499s] Level 1:colcon.colcon_core.package_identification:_identify(install) by extensions ['ignore', 'ignore_ament_install']
[0.499s] Level 1:colcon.colcon_core.package_identification:_identify(install) by extension 'ignore'
[0.499s] Level 1:colcon.colcon_core.package_identification:_identify(install) ignored
[0.499s] Level 1:colcon.colcon_core.package_identification:_identify(log) by extensions ['ignore', 'ignore_ament_install']
[0.499s] Level 1:colcon.colcon_core.package_identification:_identify(log) by extension 'ignore'
[0.499s] Level 1:colcon.colcon_core.package_identification:_identify(log) ignored
[0.499s] Level 1:colcon.colcon_core.package_identification:_identify(src) by extensions ['ignore', 'ignore_ament_install']
[0.499s] Level 1:colcon.colcon_core.package_identification:_identify(src) by extension 'ignore'
[0.499s] Level 1:colcon.colcon_core.package_identification:_identify(src) by extension 'ignore_ament_install'
[0.500s] Level 1:colcon.colcon_core.package_identification:_identify(src) by extensions ['colcon_pkg']
[0.500s] Level 1:colcon.colcon_core.package_identification:_identify(src) by extension 'colcon_pkg'
[0.500s] Level 1:colcon.colcon_core.package_identification:_identify(src) by extensions ['colcon_meta']
[0.500s] Level 1:colcon.colcon_core.package_identification:_identify(src) by extension 'colcon_meta'
[0.500s] Level 1:colcon.colcon_core.package_identification:_identify(src) by extensions ['ros']
[0.500s] Level 1:colcon.colcon_core.package_identification:_identify(src) by extension 'ros'
[0.500s] Level 1:colcon.colcon_core.package_identification:_identify(src) by extensions ['cmake', 'python']
[0.500s] Level 1:colcon.colcon_core.package_identification:_identify(src) by extension 'cmake'
[0.500s] Level 1:colcon.colcon_core.package_identification:_identify(src) by extension 'python'
[0.500s] Level 1:colcon.colcon_core.package_identification:_identify(src) by extensions ['python_setup_py']
[0.500s] Level 1:colcon.colcon_core.package_identification:_identify(src) by extension 'python_setup_py'
[0.500s] Level 1:colcon.colcon_core.package_identification:_identify(src/hbridge_control) by extensions ['ignore', 'ignore_ament_install']
[0.500s] Level 1:colcon.colcon_core.package_identification:_identify(src/hbridge_control) by extension 'ignore'
[0.500s] Level 1:colcon.colcon_core.package_identification:_identify(src/hbridge_control) by extension 'ignore_ament_install'
[0.500s] Level 1:colcon.colcon_core.package_identification:_identify(src/hbridge_control) by extensions ['colcon_pkg']
[0.500s] Level 1:colcon.colcon_core.package_identification:_identify(src/hbridge_control) by extension 'colcon_pkg'
[0.500s] Level 1:colcon.colcon_core.package_identification:_identify(src/hbridge_control) by extensions ['colcon_meta']
[0.500s] Level 1:colcon.colcon_core.package_identification:_identify(src/hbridge_control) by extension 'colcon_meta'
[0.500s] Level 1:colcon.colcon_core.package_identification:_identify(src/hbridge_control) by extensions ['ros']
[0.500s] Level 1:colcon.colcon_core.package_identification:_identify(src/hbridge_control) by extension 'ros'
[0.506s] DEBUG:colcon.colcon_core.package_identification:Package 'src/hbridge_control' with type 'ros.ament_cmake' and name 'hbridge_control'
[0.506s] Level 1:colcon.colcon_core.package_identification:_identify(src/my_robot_bringup) by extensions ['ignore', 'ignore_ament_install']
[0.506s] Level 1:colcon.colcon_core.package_identification:_identify(src/my_robot_bringup) by extension 'ignore'
[0.506s] Level 1:colcon.colcon_core.package_identification:_identify(src/my_robot_bringup) by extension 'ignore_ament_install'
[0.506s] Level 1:colcon.colcon_core.package_identification:_identify(src/my_robot_bringup) by extensions ['colcon_pkg']
[0.506s] Level 1:colcon.colcon_core.package_identification:_identify(src/my_robot_bringup) by extension 'colcon_pkg'
[0.506s] Level 1:colcon.colcon_core.package_identification:_identify(src/my_robot_bringup) by extensions ['colcon_meta']
[0.506s] Level 1:colcon.colcon_core.package_identification:_identify(src/my_robot_bringup) by extension 'colcon_meta'
[0.506s] Level 1:colcon.colcon_core.package_identification:_identify(src/my_robot_bringup) by extensions ['ros']
[0.506s] Level 1:colcon.colcon_core.package_identification:_identify(src/my_robot_bringup) by extension 'ros'
[0.508s] DEBUG:colcon.colcon_core.package_identification:Package 'src/my_robot_bringup' with type 'ros.ament_cmake' and name 'my_robot_bringup'
[0.508s] Level 1:colcon.colcon_core.package_identification:_identify(src/my_robot_description) by extensions ['ignore', 'ignore_ament_install']
[0.508s] Level 1:colcon.colcon_core.package_identification:_identify(src/my_robot_description) by extension 'ignore'
[0.508s] Level 1:colcon.colcon_core.package_identification:_identify(src/my_robot_description) by extension 'ignore_ament_install'
[0.508s] Level 1:colcon.colcon_core.package_identification:_identify(src/my_robot_description) by extensions ['colcon_pkg']
[0.508s] Level 1:colcon.colcon_core.package_identification:_identify(src/my_robot_description) by extension 'colcon_pkg'
[0.508s] Level 1:colcon.colcon_core.package_identification:_identify(src/my_robot_description) by extensions ['colcon_meta']
[0.508s] Level 1:colcon.colcon_core.package_identification:_identify(src/my_robot_description) by extension 'colcon_meta'
[0.508s] Level 1:colcon.colcon_core.package_identification:_identify(src/my_robot_description) by extensions ['ros']
[0.508s] Level 1:colcon.colcon_core.package_identification:_identify(src/my_robot_description) by extension 'ros'
[0.509s] DEBUG:colcon.colcon_core.package_identification:Package 'src/my_robot_description' with type 'ros.ament_cmake' and name 'my_robot_description'
[0.509s] Level 1:colcon.colcon_core.package_discovery:discover_packages(recursive) using defaults
[0.509s] Level 1:colcon.colcon_core.package_discovery:discover_packages(ignore) discover
[0.509s] Level 1:colcon.colcon_core.package_discovery:discover_packages(ignore) using defaults
[0.510s] Level 1:colcon.colcon_core.package_discovery:discover_packages(path) discover
[0.510s] Level 1:colcon.colcon_core.package_discovery:discover_packages(path) using defaults
[0.562s] Level 5:colcon.colcon_core.verb:set package 'hbridge_control' build argument 'cmake_args' from command line to 'None'
[0.562s] Level 5:colcon.colcon_core.verb:set package 'hbridge_control' build argument 'cmake_target' from command line to 'None'
[0.562s] Level 5:colcon.colcon_core.verb:set package 'hbridge_control' build argument 'cmake_target_skip_unavailable' from command line to 'False'
[0.562s] Level 5:colcon.colcon_core.verb:set package 'hbridge_control' build argument 'cmake_clean_cache' from command line to 'False'
[0.562s] Level 5:colcon.colcon_core.verb:set package 'hbridge_control' build argument 'cmake_clean_first' from command line to 'False'
[0.562s] Level 5:colcon.colcon_core.verb:set package 'hbridge_control' build argument 'cmake_force_configure' from command line to 'False'
[0.562s] Level 5:colcon.colcon_core.verb:set package 'hbridge_control' build argument 'ament_cmake_args' from command line to 'None'
[0.562s] Level 5:colcon.colcon_core.verb:set package 'hbridge_control' build argument 'catkin_cmake_args' from command line to 'None'
[0.562s] Level 5:colcon.colcon_core.verb:set package 'hbridge_control' build argument 'catkin_skip_building_tests' from command line to 'False'
[0.562s] DEBUG:colcon.colcon_core.verb:Building package 'hbridge_control' with the following arguments: {'ament_cmake_args': None, 'build_base': '/home/pavan/pavan/ugv_ws/build/hbridge_control', 'catkin_cmake_args': None, 'catkin_skip_building_tests': False, 'cmake_args': None, 'cmake_clean_cache': False, 'cmake_clean_first': False, 'cmake_force_configure': False, 'cmake_target': None, 'cmake_target_skip_unavailable': False, 'install_base': '/home/pavan/pavan/ugv_ws/install/hbridge_control', 'merge_install': False, 'path': '/home/pavan/pavan/ugv_ws/src/hbridge_control', 'symlink_install': False, 'test_result_base': None}
[0.562s] Level 5:colcon.colcon_core.verb:set package 'my_robot_description' build argument 'cmake_args' from command line to 'None'
[0.562s] Level 5:colcon.colcon_core.verb:set package 'my_robot_description' build argument 'cmake_target' from command line to 'None'
[0.562s] Level 5:colcon.colcon_core.verb:set package 'my_robot_description' build argument 'cmake_target_skip_unavailable' from command line to 'False'
[0.562s] Level 5:colcon.colcon_core.verb:set package 'my_robot_description' build argument 'cmake_clean_cache' from command line to 'False'
[0.563s] Level 5:colcon.colcon_core.verb:set package 'my_robot_description' build argument 'cmake_clean_first' from command line to 'False'
[0.563s] Level 5:colcon.colcon_core.verb:set package 'my_robot_description' build argument 'cmake_force_configure' from command line to 'False'
[0.563s] Level 5:colcon.colcon_core.verb:set package 'my_robot_description' build argument 'ament_cmake_args' from command line to 'None'
[0.563s] Level 5:colcon.colcon_core.verb:set package 'my_robot_description' build argument 'catkin_cmake_args' from command line to 'None'
[0.563s] Level 5:colcon.colcon_core.verb:set package 'my_robot_description' build argument 'catkin_skip_building_tests' from command line to 'False'
[0.563s] DEBUG:colcon.colcon_core.verb:Building package 'my_robot_description' with the following arguments: {'ament_cmake_args': None, 'build_base': '/home/pavan/pavan/ugv_ws/build/my_robot_description', 'catkin_cmake_args': None, 'catkin_skip_building_tests': False, 'cmake_args': None, 'cmake_clean_cache': False, 'cmake_clean_first': False, 'cmake_force_configure': False, 'cmake_target': None, 'cmake_target_skip_unavailable': False, 'install_base': '/home/pavan/pavan/ugv_ws/install/my_robot_description', 'merge_install': False, 'path': '/home/pavan/pavan/ugv_ws/src/my_robot_description', 'symlink_install': False, 'test_result_base': None}
[0.563s] Level 5:colcon.colcon_core.verb:set package 'my_robot_bringup' build argument 'cmake_args' from command line to 'None'
[0.563s] Level 5:colcon.colcon_core.verb:set package 'my_robot_bringup' build argument 'cmake_target' from command line to 'None'
[0.563s] Level 5:colcon.colcon_core.verb:set package 'my_robot_bringup' build argument 'cmake_target_skip_unavailable' from command line to 'False'
[0.563s] Level 5:colcon.colcon_core.verb:set package 'my_robot_bringup' build argument 'cmake_clean_cache' from command line to 'False'
[0.563s] Level 5:colcon.colcon_core.verb:set package 'my_robot_bringup' build argument 'cmake_clean_first' from command line to 'False'
[0.563s] Level 5:colcon.colcon_core.verb:set package 'my_robot_bringup' build argument 'cmake_force_configure' from command line to 'False'
[0.563s] Level 5:colcon.colcon_core.verb:set package 'my_robot_bringup' build argument 'ament_cmake_args' from command line to 'None'
[0.563s] Level 5:colcon.colcon_core.verb:set package 'my_robot_bringup' build argument 'catkin_cmake_args' from command line to 'None'
[0.563s] Level 5:colcon.colcon_core.verb:set package 'my_robot_bringup' build argument 'catkin_skip_building_tests' from command line to 'False'
[0.563s] DEBUG:colcon.colcon_core.verb:Building package 'my_robot_bringup' with the following arguments: {'ament_cmake_args': None, 'build_base': '/home/pavan/pavan/ugv_ws/build/my_robot_bringup', 'catkin_cmake_args': None, 'catkin_skip_building_tests': False, 'cmake_args': None, 'cmake_clean_cache': False, 'cmake_clean_first': False, 'cmake_force_configure': False, 'cmake_target': None, 'cmake_target_skip_unavailable': False, 'install_base': '/home/pavan/pavan/ugv_ws/install/my_robot_bringup', 'merge_install': False, 'path': '/home/pavan/pavan/ugv_ws/src/my_robot_bringup', 'symlink_install': False, 'test_result_base': None}
[0.563s] INFO:colcon.colcon_core.executor:Executing jobs using 'parallel' executor
[0.565s] DEBUG:colcon.colcon_parallel_executor.executor.parallel:run_until_complete
[0.565s] INFO:colcon.colcon_ros.task.ament_cmake.build:Building ROS package in '/home/pavan/pavan/ugv_ws/src/my_robot_description' with build type 'ament_cmake'
[0.565s] INFO:colcon.colcon_cmake.task.cmake.build:Building CMake package in '/home/pavan/pavan/ugv_ws/src/my_robot_description'
[0.577s] INFO:colcon.colcon_core.plugin_system:Skipping extension 'colcon_core.shell.bat': Not used on non-Windows systems
[0.577s] DEBUG:colcon.colcon_core.shell:Skip shell extension 'dsv' for command environment
[0.582s] WARNING:colcon.colcon_ros.prefix_path.ament:The path '/home/pavan/pavan/robotics/udemy/code_end_section_4/install/my_robot_bringup' in the environment variable AMENT_PREFIX_PATH doesn't exist
[0.583s] WARNING:colcon.colcon_ros.prefix_path.catkin:The path '/home/pavan/pavan/robotics/udemy/code_end_section_4/install/my_robot_bringup' in the environment variable CMAKE_PREFIX_PATH doesn't exist
[0.597s] INFO:colcon.colcon_ros.task.ament_cmake.build:Building ROS package in '/home/pavan/pavan/ugv_ws/src/hbridge_control' with build type 'ament_cmake'
[0.597s] INFO:colcon.colcon_cmake.task.cmake.build:Building CMake package in '/home/pavan/pavan/ugv_ws/src/hbridge_control'
[0.597s] DEBUG:colcon.colcon_core.shell:Skip shell extension 'dsv' for command environment
[0.639s] DEBUG:colcon.colcon_core.event_handler.log_command:Invoking command in '/home/pavan/pavan/ugv_ws/build/my_robot_description': CMAKE_PREFIX_PATH=${CMAKE_PREFIX_PATH}:/opt/ros/jazzy DEBUGINFOD_URLS=https://debuginfod.ubuntu.com /usr/bin/cmake --build /home/pavan/pavan/ugv_ws/build/my_robot_description -- -j4 -l4
[0.655s] DEBUG:colcon.colcon_core.event_handler.log_command:Invoking command in '/home/pavan/pavan/ugv_ws/build/hbridge_control': CMAKE_PREFIX_PATH=${CMAKE_PREFIX_PATH}:/opt/ros/jazzy DEBUGINFOD_URLS=https://debuginfod.ubuntu.com /usr/bin/cmake --build /home/pavan/pavan/ugv_ws/build/hbridge_control -- -j4 -l4
[0.806s] DEBUG:colcon.colcon_core.event_handler.log_command:Invoked command in '/home/pavan/pavan/ugv_ws/build/my_robot_description' returned '0': CMAKE_PREFIX_PATH=${CMAKE_PREFIX_PATH}:/opt/ros/jazzy DEBUGINFOD_URLS=https://debuginfod.ubuntu.com /usr/bin/cmake --build /home/pavan/pavan/ugv_ws/build/my_robot_description -- -j4 -l4
[0.826s] DEBUG:colcon.colcon_core.event_handler.log_command:Invoking command in '/home/pavan/pavan/ugv_ws/build/my_robot_description': CMAKE_PREFIX_PATH=${CMAKE_PREFIX_PATH}:/opt/ros/jazzy DEBUGINFOD_URLS=https://debuginfod.ubuntu.com /usr/bin/cmake --install /home/pavan/pavan/ugv_ws/build/my_robot_description
[0.849s] Level 1:colcon.colcon_core.environment:create_environment_scripts_only(my_robot_description)
[0.850s] DEBUG:colcon.colcon_core.event_handler.log_command:Invoked command in '/home/pavan/pavan/ugv_ws/build/my_robot_description' returned '0': CMAKE_PREFIX_PATH=${CMAKE_PREFIX_PATH}:/opt/ros/jazzy DEBUGINFOD_URLS=https://debuginfod.ubuntu.com /usr/bin/cmake --install /home/pavan/pavan/ugv_ws/build/my_robot_description
[0.859s] Level 1:colcon.colcon_core.environment:checking '/home/pavan/pavan/ugv_ws/install/my_robot_description' for CMake module files
[0.860s] Level 1:colcon.colcon_core.environment:checking '/home/pavan/pavan/ugv_ws/install/my_robot_description' for CMake config files
[0.861s] Level 1:colcon.colcon_core.shell:create_environment_hook('my_robot_description', 'cmake_prefix_path')
[0.861s] INFO:colcon.colcon_core.shell:Creating environment descriptor '/home/pavan/pavan/ugv_ws/install/my_robot_description/share/my_robot_description/hook/cmake_prefix_path.dsv'
[0.862s] INFO:colcon.colcon_core.shell:Creating environment hook '/home/pavan/pavan/ugv_ws/install/my_robot_description/share/my_robot_description/hook/cmake_prefix_path.sh'
[0.863s] Level 1:colcon.colcon_core.environment:checking '/home/pavan/pavan/ugv_ws/install/my_robot_description/bin'
[0.864s] Level 1:colcon.colcon_core.environment:checking '/home/pavan/pavan/ugv_ws/install/my_robot_description/lib/pkgconfig/my_robot_description.pc'
[0.873s] Level 1:colcon.colcon_core.environment:checking '/home/pavan/pavan/ugv_ws/install/my_robot_description/lib/python3.12/site-packages'
[0.875s] Level 1:colcon.colcon_core.environment:checking '/home/pavan/pavan/ugv_ws/install/my_robot_description/bin'
[0.876s] INFO:colcon.colcon_core.shell:Creating package descriptor '/home/pavan/pavan/ugv_ws/install/my_robot_description/share/my_robot_description/package.dsv'
[0.877s] INFO:colcon.colcon_core.shell:Creating package script '/home/pavan/pavan/ugv_ws/install/my_robot_description/share/my_robot_description/package.sh'
[0.878s] INFO:colcon.colcon_core.shell:Creating package script '/home/pavan/pavan/ugv_ws/install/my_robot_description/share/my_robot_description/package.bash'
[0.882s] INFO:colcon.colcon_core.shell:Creating package script '/home/pavan/pavan/ugv_ws/install/my_robot_description/share/my_robot_description/package.zsh'
[0.886s] Level 1:colcon.colcon_core.environment:create_file_with_runtime_dependencies(/home/pavan/pavan/ugv_ws/install/my_robot_description/share/colcon-core/packages/my_robot_description)
[0.888s] Level 1:colcon.colcon_core.environment:create_environment_scripts_only(my_robot_description)
[0.888s] Level 1:colcon.colcon_core.environment:checking '/home/pavan/pavan/ugv_ws/install/my_robot_description' for CMake module files
[0.889s] Level 1:colcon.colcon_core.environment:checking '/home/pavan/pavan/ugv_ws/install/my_robot_description' for CMake config files
[0.889s] Level 1:colcon.colcon_core.shell:create_environment_hook('my_robot_description', 'cmake_prefix_path')
[0.889s] INFO:colcon.colcon_core.shell:Creating environment descriptor '/home/pavan/pavan/ugv_ws/install/my_robot_description/share/my_robot_description/hook/cmake_prefix_path.dsv'
[0.890s] INFO:colcon.colcon_core.shell:Creating environment hook '/home/pavan/pavan/ugv_ws/install/my_robot_description/share/my_robot_description/hook/cmake_prefix_path.sh'
[0.895s] Level 1:colcon.colcon_core.environment:checking '/home/pavan/pavan/ugv_ws/install/my_robot_description/bin'
[0.895s] Level 1:colcon.colcon_core.environment:checking '/home/pavan/pavan/ugv_ws/install/my_robot_description/lib/pkgconfig/my_robot_description.pc'
[0.895s] Level 1:colcon.colcon_core.environment:checking '/home/pavan/pavan/ugv_ws/install/my_robot_description/lib/python3.12/site-packages'
[0.896s] Level 1:colcon.colcon_core.environment:checking '/home/pavan/pavan/ugv_ws/install/my_robot_description/bin'
[0.896s] INFO:colcon.colcon_core.shell:Creating package descriptor '/home/pavan/pavan/ugv_ws/install/my_robot_description/share/my_robot_description/package.dsv'
[0.897s] INFO:colcon.colcon_core.shell:Creating package script '/home/pavan/pavan/ugv_ws/install/my_robot_description/share/my_robot_description/package.sh'
[0.901s] INFO:colcon.colcon_core.shell:Creating package script '/home/pavan/pavan/ugv_ws/install/my_robot_description/share/my_robot_description/package.bash'
[0.905s] INFO:colcon.colcon_core.shell:Creating package script '/home/pavan/pavan/ugv_ws/install/my_robot_description/share/my_robot_description/package.zsh'
[0.909s] Level 1:colcon.colcon_core.environment:create_file_with_runtime_dependencies(/home/pavan/pavan/ugv_ws/install/my_robot_description/share/colcon-core/packages/my_robot_description)
[0.910s] INFO:colcon.colcon_ros.task.ament_cmake.build:Building ROS package in '/home/pavan/pavan/ugv_ws/src/my_robot_bringup' with build type 'ament_cmake'
[0.910s] INFO:colcon.colcon_cmake.task.cmake.build:Building CMake package in '/home/pavan/pavan/ugv_ws/src/my_robot_bringup'
[0.910s] DEBUG:colcon.colcon_core.shell:Skip shell extension 'dsv' for command environment
[0.927s] DEBUG:colcon.colcon_core.event_handler.log_command:Invoked command in '/home/pavan/pavan/ugv_ws/build/hbridge_control' returned '0': CMAKE_PREFIX_PATH=${CMAKE_PREFIX_PATH}:/opt/ros/jazzy DEBUGINFOD_URLS=https://debuginfod.ubuntu.com /usr/bin/cmake --build /home/pavan/pavan/ugv_ws/build/hbridge_control -- -j4 -l4
[0.931s] DEBUG:colcon.colcon_core.event_handler.log_command:Invoking command in '/home/pavan/pavan/ugv_ws/build/hbridge_control': CMAKE_PREFIX_PATH=${CMAKE_PREFIX_PATH}:/opt/ros/jazzy DEBUGINFOD_URLS=https://debuginfod.ubuntu.com /usr/bin/cmake --install /home/pavan/pavan/ugv_ws/build/hbridge_control
[0.942s] DEBUG:colcon.colcon_core.event_handler.log_command:Invoking command in '/home/pavan/pavan/ugv_ws/build/my_robot_bringup': CMAKE_PREFIX_PATH=/home/pavan/pavan/ugv_ws/install/my_robot_description:/home/pavan/pavan/robotics/udemy/code_end_section_4/install/my_robot_bringup:/home/pavan/pavan/robotics/udemy/code_end_section_4/install/my_robot_description:/home/pavan/pavan/ugv_ws/install/my_robot_bringup:/home/pavan/pavan/ugv_ws/install/hbridge_control:/home/pavan/ws_lidar/install/sllidar_ros2:/opt/ros/jazzy/opt/gz_sim_vendor:/opt/ros/jazzy/opt/gz_sensors_vendor:/opt/ros/jazzy/opt/gz_physics_vendor:/opt/ros/jazzy/opt/sdformat_vendor:/opt/ros/jazzy/opt/gz_gui_vendor:/opt/ros/jazzy/opt/gz_transport_vendor:/opt/ros/jazzy/opt/gz_rendering_vendor:/opt/ros/jazzy/opt/gz_plugin_vendor:/opt/ros/jazzy/opt/gz_fuel_tools_vendor:/opt/ros/jazzy/opt/gz_msgs_vendor:/opt/ros/jazzy/opt/gz_common_vendor:/opt/ros/jazzy/opt/gz_math_vendor:/opt/ros/jazzy/opt/gz_utils_vendor:/opt/ros/jazzy/opt/gz_tools_vendor:/opt/ros/jazzy/opt/gz_ogre_next_vendor:/opt/ros/jazzy/opt/gz_dartsim_vendor:/opt/ros/jazzy/opt/gz_cmake_vendor:/opt/ros/jazzy DEBUGINFOD_URLS=https://debuginfod.ubuntu.com /usr/bin/cmake --build /home/pavan/pavan/ugv_ws/build/my_robot_bringup -- -j4 -l4
[0.967s] Level 1:colcon.colcon_core.environment:create_environment_scripts_only(hbridge_control)
[0.968s] Level 1:colcon.colcon_core.environment:checking '/home/pavan/pavan/ugv_ws/install/hbridge_control' for CMake module files
[0.969s] DEBUG:colcon.colcon_core.event_handler.log_command:Invoked command in '/home/pavan/pavan/ugv_ws/build/hbridge_control' returned '0': CMAKE_PREFIX_PATH=${CMAKE_PREFIX_PATH}:/opt/ros/jazzy DEBUGINFOD_URLS=https://debuginfod.ubuntu.com /usr/bin/cmake --install /home/pavan/pavan/ugv_ws/build/hbridge_control
[0.970s] Level 1:colcon.colcon_core.environment:checking '/home/pavan/pavan/ugv_ws/install/hbridge_control' for CMake config files
[0.974s] Level 1:colcon.colcon_core.shell:create_environment_hook('hbridge_control', 'cmake_prefix_path')
[0.974s] INFO:colcon.colcon_core.shell:Creating environment descriptor '/home/pavan/pavan/ugv_ws/install/hbridge_control/share/hbridge_control/hook/cmake_prefix_path.dsv'
[0.975s] INFO:colcon.colcon_core.shell:Creating environment hook '/home/pavan/pavan/ugv_ws/install/hbridge_control/share/hbridge_control/hook/cmake_prefix_path.sh'
[0.976s] Level 1:colcon.colcon_core.environment:checking '/home/pavan/pavan/ugv_ws/install/hbridge_control/lib'
[0.977s] Level 1:colcon.colcon_core.environment:checking '/home/pavan/pavan/ugv_ws/install/hbridge_control/bin'
[0.977s] Level 1:colcon.colcon_core.environment:checking '/home/pavan/pavan/ugv_ws/install/hbridge_control/lib/pkgconfig/hbridge_control.pc'
[0.977s] Level 1:colcon.colcon_core.environment:checking '/home/pavan/pavan/ugv_ws/install/hbridge_control/lib/python3.12/site-packages'
[0.978s] Level 1:colcon.colcon_core.environment:checking '/home/pavan/pavan/ugv_ws/install/hbridge_control/bin'
[0.978s] INFO:colcon.colcon_core.shell:Creating package descriptor '/home/pavan/pavan/ugv_ws/install/hbridge_control/share/hbridge_control/package.dsv'
[0.980s] INFO:colcon.colcon_core.shell:Creating package script '/home/pavan/pavan/ugv_ws/install/hbridge_control/share/hbridge_control/package.sh'
[0.983s] INFO:colcon.colcon_core.shell:Creating package script '/home/pavan/pavan/ugv_ws/install/hbridge_control/share/hbridge_control/package.bash'
[0.984s] INFO:colcon.colcon_core.shell:Creating package script '/home/pavan/pavan/ugv_ws/install/hbridge_control/share/hbridge_control/package.zsh'
[0.985s] Level 1:colcon.colcon_core.environment:create_file_with_runtime_dependencies(/home/pavan/pavan/ugv_ws/install/hbridge_control/share/colcon-core/packages/hbridge_control)
[0.990s] Level 1:colcon.colcon_core.environment:create_environment_scripts_only(hbridge_control)
[0.991s] Level 1:colcon.colcon_core.environment:checking '/home/pavan/pavan/ugv_ws/install/hbridge_control' for CMake module files
[0.991s] Level 1:colcon.colcon_core.environment:checking '/home/pavan/pavan/ugv_ws/install/hbridge_control' for CMake config files
[0.992s] Level 1:colcon.colcon_core.shell:create_environment_hook('hbridge_control', 'cmake_prefix_path')
[0.992s] INFO:colcon.colcon_core.shell:Creating environment descriptor '/home/pavan/pavan/ugv_ws/install/hbridge_control/share/hbridge_control/hook/cmake_prefix_path.dsv'
[0.993s] INFO:colcon.colcon_core.shell:Creating environment hook '/home/pavan/pavan/ugv_ws/install/hbridge_control/share/hbridge_control/hook/cmake_prefix_path.sh'
[0.998s] Level 1:colcon.colcon_core.environment:checking '/home/pavan/pavan/ugv_ws/install/hbridge_control/lib'
[0.998s] Level 1:colcon.colcon_core.environment:checking '/home/pavan/pavan/ugv_ws/install/hbridge_control/bin'
[0.998s] Level 1:colcon.colcon_core.environment:checking '/home/pavan/pavan/ugv_ws/install/hbridge_control/lib/pkgconfig/hbridge_control.pc'
[0.998s] Level 1:colcon.colcon_core.environment:checking '/home/pavan/pavan/ugv_ws/install/hbridge_control/lib/python3.12/site-packages'
[0.999s] Level 1:colcon.colcon_core.environment:checking '/home/pavan/pavan/ugv_ws/install/hbridge_control/bin'
[0.999s] INFO:colcon.colcon_core.shell:Creating package descriptor '/home/pavan/pavan/ugv_ws/install/hbridge_control/share/hbridge_control/package.dsv'
[1.002s] INFO:colcon.colcon_core.shell:Creating package script '/home/pavan/pavan/ugv_ws/install/hbridge_control/share/hbridge_control/package.sh'
[1.006s] INFO:colcon.colcon_core.shell:Creating package script '/home/pavan/pavan/ugv_ws/install/hbridge_control/share/hbridge_control/package.bash'
[1.010s] INFO:colcon.colcon_core.shell:Creating package script '/home/pavan/pavan/ugv_ws/install/hbridge_control/share/hbridge_control/package.zsh'
[1.014s] Level 1:colcon.colcon_core.environment:create_file_with_runtime_dependencies(/home/pavan/pavan/ugv_ws/install/hbridge_control/share/colcon-core/packages/hbridge_control)
[1.056s] DEBUG:colcon.colcon_core.event_handler.log_command:Invoked command in '/home/pavan/pavan/ugv_ws/build/my_robot_bringup' returned '0': CMAKE_PREFIX_PATH=/home/pavan/pavan/ugv_ws/install/my_robot_description:/home/pavan/pavan/robotics/udemy/code_end_section_4/install/my_robot_bringup:/home/pavan/pavan/robotics/udemy/code_end_section_4/install/my_robot_description:/home/pavan/pavan/ugv_ws/install/my_robot_bringup:/home/pavan/pavan/ugv_ws/install/hbridge_control:/home/pavan/ws_lidar/install/sllidar_ros2:/opt/ros/jazzy/opt/gz_sim_vendor:/opt/ros/jazzy/opt/gz_sensors_vendor:/opt/ros/jazzy/opt/gz_physics_vendor:/opt/ros/jazzy/opt/sdformat_vendor:/opt/ros/jazzy/opt/gz_gui_vendor:/opt/ros/jazzy/opt/gz_transport_vendor:/opt/ros/jazzy/opt/gz_rendering_vendor:/opt/ros/jazzy/opt/gz_plugin_vendor:/opt/ros/jazzy/opt/gz_fuel_tools_vendor:/opt/ros/jazzy/opt/gz_msgs_vendor:/opt/ros/jazzy/opt/gz_common_vendor:/opt/ros/jazzy/opt/gz_math_vendor:/opt/ros/jazzy/opt/gz_utils_vendor:/opt/ros/jazzy/opt/gz_tools_vendor:/opt/ros/jazzy/opt/gz_ogre_next_vendor:/opt/ros/jazzy/opt/gz_dartsim_vendor:/opt/ros/jazzy/opt/gz_cmake_vendor:/opt/ros/jazzy DEBUGINFOD_URLS=https://debuginfod.ubuntu.com /usr/bin/cmake --build /home/pavan/pavan/ugv_ws/build/my_robot_bringup -- -j4 -l4
[1.058s] DEBUG:colcon.colcon_core.event_handler.log_command:Invoking command in '/home/pavan/pavan/ugv_ws/build/my_robot_bringup': CMAKE_PREFIX_PATH=/home/pavan/pavan/ugv_ws/install/my_robot_description:/home/pavan/pavan/robotics/udemy/code_end_section_4/install/my_robot_bringup:/home/pavan/pavan/robotics/udemy/code_end_section_4/install/my_robot_description:/home/pavan/pavan/ugv_ws/install/my_robot_bringup:/home/pavan/pavan/ugv_ws/install/hbridge_control:/home/pavan/ws_lidar/install/sllidar_ros2:/opt/ros/jazzy/opt/gz_sim_vendor:/opt/ros/jazzy/opt/gz_sensors_vendor:/opt/ros/jazzy/opt/gz_physics_vendor:/opt/ros/jazzy/opt/sdformat_vendor:/opt/ros/jazzy/opt/gz_gui_vendor:/opt/ros/jazzy/opt/gz_transport_vendor:/opt/ros/jazzy/opt/gz_rendering_vendor:/opt/ros/jazzy/opt/gz_plugin_vendor:/opt/ros/jazzy/opt/gz_fuel_tools_vendor:/opt/ros/jazzy/opt/gz_msgs_vendor:/opt/ros/jazzy/opt/gz_common_vendor:/opt/ros/jazzy/opt/gz_math_vendor:/opt/ros/jazzy/opt/gz_utils_vendor:/opt/ros/jazzy/opt/gz_tools_vendor:/opt/ros/jazzy/opt/gz_ogre_next_vendor:/opt/ros/jazzy/opt/gz_dartsim_vendor:/opt/ros/jazzy/opt/gz_cmake_vendor:/opt/ros/jazzy DEBUGINFOD_URLS=https://debuginfod.ubuntu.com /usr/bin/cmake --install /home/pavan/pavan/ugv_ws/build/my_robot_bringup
[1.091s] Level 1:colcon.colcon_core.environment:create_environment_scripts_only(my_robot_bringup)
[1.092s] Level 1:colcon.colcon_core.environment:checking '/home/pavan/pavan/ugv_ws/install/my_robot_bringup' for CMake module files
[1.092s] DEBUG:colcon.colcon_core.event_handler.log_command:Invoked command in '/home/pavan/pavan/ugv_ws/build/my_robot_bringup' returned '0': CMAKE_PREFIX_PATH=/home/pavan/pavan/ugv_ws/install/my_robot_description:/home/pavan/pavan/robotics/udemy/code_end_section_4/install/my_robot_bringup:/home/pavan/pavan/robotics/udemy/code_end_section_4/install/my_robot_description:/home/pavan/pavan/ugv_ws/install/my_robot_bringup:/home/pavan/pavan/ugv_ws/install/hbridge_control:/home/pavan/ws_lidar/install/sllidar_ros2:/opt/ros/jazzy/opt/gz_sim_vendor:/opt/ros/jazzy/opt/gz_sensors_vendor:/opt/ros/jazzy/opt/gz_physics_vendor:/opt/ros/jazzy/opt/sdformat_vendor:/opt/ros/jazzy/opt/gz_gui_vendor:/opt/ros/jazzy/opt/gz_transport_vendor:/opt/ros/jazzy/opt/gz_rendering_vendor:/opt/ros/jazzy/opt/gz_plugin_vendor:/opt/ros/jazzy/opt/gz_fuel_tools_vendor:/opt/ros/jazzy/opt/gz_msgs_vendor:/opt/ros/jazzy/opt/gz_common_vendor:/opt/ros/jazzy/opt/gz_math_vendor:/opt/ros/jazzy/opt/gz_utils_vendor:/opt/ros/jazzy/opt/gz_tools_vendor:/opt/ros/jazzy/opt/gz_ogre_next_vendor:/opt/ros/jazzy/opt/gz_dartsim_vendor:/opt/ros/jazzy/opt/gz_cmake_vendor:/opt/ros/jazzy DEBUGINFOD_URLS=https://debuginfod.ubuntu.com /usr/bin/cmake --install /home/pavan/pavan/ugv_ws/build/my_robot_bringup
[1.093s] Level 1:colcon.colcon_core.environment:checking '/home/pavan/pavan/ugv_ws/install/my_robot_bringup' for CMake config files
[1.094s] Level 1:colcon.colcon_core.shell:create_environment_hook('my_robot_bringup', 'cmake_prefix_path')
[1.094s] INFO:colcon.colcon_core.shell:Creating environment descriptor '/home/pavan/pavan/ugv_ws/install/my_robot_bringup/share/my_robot_bringup/hook/cmake_prefix_path.dsv'
[1.095s] INFO:colcon.colcon_core.shell:Creating environment hook '/home/pavan/pavan/ugv_ws/install/my_robot_bringup/share/my_robot_bringup/hook/cmake_prefix_path.sh'
[1.096s] Level 1:colcon.colcon_core.environment:checking '/home/pavan/pavan/ugv_ws/install/my_robot_bringup/bin'
[1.096s] Level 1:colcon.colcon_core.environment:checking '/home/pavan/pavan/ugv_ws/install/my_robot_bringup/lib/pkgconfig/my_robot_bringup.pc'
[1.096s] Level 1:colcon.colcon_core.environment:checking '/home/pavan/pavan/ugv_ws/install/my_robot_bringup/lib/python3.12/site-packages'
[1.097s] Level 1:colcon.colcon_core.environment:checking '/home/pavan/pavan/ugv_ws/install/my_robot_bringup/bin'
[1.097s] INFO:colcon.colcon_core.shell:Creating package descriptor '/home/pavan/pavan/ugv_ws/install/my_robot_bringup/share/my_robot_bringup/package.dsv'
[1.098s] INFO:colcon.colcon_core.shell:Creating package script '/home/pavan/pavan/ugv_ws/install/my_robot_bringup/share/my_robot_bringup/package.sh'
[1.099s] INFO:colcon.colcon_core.shell:Creating package script '/home/pavan/pavan/ugv_ws/install/my_robot_bringup/share/my_robot_bringup/package.bash'
[1.100s] INFO:colcon.colcon_core.shell:Creating package script '/home/pavan/pavan/ugv_ws/install/my_robot_bringup/share/my_robot_bringup/package.zsh'
[1.104s] Level 1:colcon.colcon_core.environment:create_file_with_runtime_dependencies(/home/pavan/pavan/ugv_ws/install/my_robot_bringup/share/colcon-core/packages/my_robot_bringup)
[1.108s] Level 1:colcon.colcon_core.environment:create_environment_scripts_only(my_robot_bringup)
[1.108s] Level 1:colcon.colcon_core.environment:checking '/home/pavan/pavan/ugv_ws/install/my_robot_bringup' for CMake module files
[1.109s] Level 1:colcon.colcon_core.environment:checking '/home/pavan/pavan/ugv_ws/install/my_robot_bringup' for CMake config files
[1.109s] Level 1:colcon.colcon_core.shell:create_environment_hook('my_robot_bringup', 'cmake_prefix_path')
[1.109s] INFO:colcon.colcon_core.shell:Creating environment descriptor '/home/pavan/pavan/ugv_ws/install/my_robot_bringup/share/my_robot_bringup/hook/cmake_prefix_path.dsv'
[1.112s] INFO:colcon.colcon_core.shell:Creating environment hook '/home/pavan/pavan/ugv_ws/install/my_robot_bringup/share/my_robot_bringup/hook/cmake_prefix_path.sh'
[1.114s] Level 1:colcon.colcon_core.environment:checking '/home/pavan/pavan/ugv_ws/install/my_robot_bringup/bin'
[1.114s] Level 1:colcon.colcon_core.environment:checking '/home/pavan/pavan/ugv_ws/install/my_robot_bringup/lib/pkgconfig/my_robot_bringup.pc'
[1.114s] Level 1:colcon.colcon_core.environment:checking '/home/pavan/pavan/ugv_ws/install/my_robot_bringup/lib/python3.12/site-packages'
[1.115s] Level 1:colcon.colcon_core.environment:checking '/home/pavan/pavan/ugv_ws/install/my_robot_bringup/bin'
[1.115s] INFO:colcon.colcon_core.shell:Creating package descriptor '/home/pavan/pavan/ugv_ws/install/my_robot_bringup/share/my_robot_bringup/package.dsv'
[1.116s] INFO:colcon.colcon_core.shell:Creating package script '/home/pavan/pavan/ugv_ws/install/my_robot_bringup/share/my_robot_bringup/package.sh'
[1.117s] INFO:colcon.colcon_core.shell:Creating package script '/home/pavan/pavan/ugv_ws/install/my_robot_bringup/share/my_robot_bringup/package.bash'
[1.118s] INFO:colcon.colcon_core.shell:Creating package script '/home/pavan/pavan/ugv_ws/install/my_robot_bringup/share/my_robot_bringup/package.zsh'
[1.118s] Level 1:colcon.colcon_core.environment:create_file_with_runtime_dependencies(/home/pavan/pavan/ugv_ws/install/my_robot_bringup/share/colcon-core/packages/my_robot_bringup)
[1.119s] DEBUG:colcon.colcon_parallel_executor.executor.parallel:closing loop
[1.120s] DEBUG:colcon.colcon_parallel_executor.executor.parallel:loop closed
[1.120s] DEBUG:colcon.colcon_parallel_executor.executor.parallel:run_until_complete finished with '0'
[1.120s] DEBUG:colcon.colcon_core.event_reactor:joining thread
[1.155s] INFO:colcon.colcon_core.plugin_system:Skipping extension 'colcon_notification.desktop_notification.terminal_notifier': Not used on non-Darwin systems
[1.155s] INFO:colcon.colcon_core.plugin_system:Skipping extension 'colcon_notification.desktop_notification.win32': Not used on non-Windows systems
[1.156s] INFO:colcon.colcon_notification.desktop_notification:Sending desktop notification using 'notify2'
[1.183s] DEBUG:colcon.colcon_core.event_reactor:joined thread
[1.183s] INFO:colcon.colcon_core.shell:Creating prefix script '/home/pavan/pavan/ugv_ws/install/local_setup.sh'
[1.185s] INFO:colcon.colcon_core.shell:Creating prefix util module '/home/pavan/pavan/ugv_ws/install/_local_setup_util_sh.py'
[1.190s] INFO:colcon.colcon_core.shell:Creating prefix chain script '/home/pavan/pavan/ugv_ws/install/setup.sh'
[1.193s] INFO:colcon.colcon_core.shell:Creating prefix script '/home/pavan/pavan/ugv_ws/install/local_setup.bash'
[1.194s] INFO:colcon.colcon_core.shell:Creating prefix chain script '/home/pavan/pavan/ugv_ws/install/setup.bash'
[1.196s] INFO:colcon.colcon_core.shell:Creating prefix script '/home/pavan/pavan/ugv_ws/install/local_setup.zsh'
[1.198s] INFO:colcon.colcon_core.shell:Creating prefix chain script '/home/pavan/pavan/ugv_ws/install/setup.zsh'
