[0.980s] DEBUG:colcon:Command line arguments: ['/usr/bin/colcon', 'build']
[0.980s] DEBUG:colcon:Parsed command line arguments: Namespace(log_base=None, log_level=None, verb_name='build', build_base='build', install_base='install', merge_install=False, symlink_install=False, test_result_base=None, continue_on_error=False, executor='parallel', parallel_workers=4, event_handlers=None, ignore_user_meta=False, metas=['./colcon.meta'], base_paths=['.'], packages_ignore=None, packages_ignore_regex=None, paths=None, packages_up_to=None, packages_up_to_regex=None, packages_above=None, packages_above_and_dependencies=None, packages_above_depth=None, packages_select_by_dep=None, packages_skip_by_dep=None, packages_skip_up_to=None, packages_select_build_failed=False, packages_skip_build_finished=False, packages_select_test_failures=False, packages_skip_test_passed=False, packages_select=None, packages_skip=None, packages_select_regex=None, packages_skip_regex=None, packages_start=None, packages_end=None, cmake_args=None, cmake_target=None, cmake_target_skip_unavailable=False, cmake_clean_cache=False, cmake_clean_first=False, cmake_force_configure=False, ament_cmake_args=None, catkin_cmake_args=None, catkin_skip_building_tests=False, verb_parser=<colcon_defaults.argument_parser.defaults.DefaultArgumentsDecorator object at 0xffff93ee8da0>, verb_extension=<colcon_core.verb.build.BuildVerb object at 0xffff940d1ac0>, main=<bound method BuildVerb.main of <colcon_core.verb.build.BuildVerb object at 0xffff940d1ac0>>)
[1.117s] Level 1:colcon.colcon_core.package_discovery:discover_packages(colcon_meta) check parameters
[1.118s] Level 1:colcon.colcon_core.package_discovery:discover_packages(recursive) check parameters
[1.118s] Level 1:colcon.colcon_core.package_discovery:discover_packages(ignore) check parameters
[1.118s] Level 1:colcon.colcon_core.package_discovery:discover_packages(path) check parameters
[1.118s] Level 1:colcon.colcon_core.package_discovery:discover_packages(colcon_meta) discover
[1.118s] Level 1:colcon.colcon_core.package_discovery:discover_packages(recursive) discover
[1.118s] INFO:colcon.colcon_core.package_discovery:Crawling recursively for packages in '/home/pavan/pavan/ugv_ws'
[1.118s] Level 1:colcon.colcon_core.package_identification:_identify(.) by extensions ['ignore', 'ignore_ament_install']
[1.118s] Level 1:colcon.colcon_core.package_identification:_identify(.) by extension 'ignore'
[1.118s] Level 1:colcon.colcon_core.package_identification:_identify(.) by extension 'ignore_ament_install'
[1.118s] Level 1:colcon.colcon_core.package_identification:_identify(.) by extensions ['colcon_pkg']
[1.118s] Level 1:colcon.colcon_core.package_identification:_identify(.) by extension 'colcon_pkg'
[1.118s] Level 1:colcon.colcon_core.package_identification:_identify(.) by extensions ['colcon_meta']
[1.118s] Level 1:colcon.colcon_core.package_identification:_identify(.) by extension 'colcon_meta'
[1.119s] Level 1:colcon.colcon_core.package_identification:_identify(.) by extensions ['ros']
[1.119s] Level 1:colcon.colcon_core.package_identification:_identify(.) by extension 'ros'
[1.185s] Level 1:colcon.colcon_core.package_identification:_identify(.) by extensions ['cmake', 'python']
[1.186s] Level 1:colcon.colcon_core.package_identification:_identify(.) by extension 'cmake'
[1.186s] Level 1:colcon.colcon_core.package_identification:_identify(.) by extension 'python'
[1.186s] Level 1:colcon.colcon_core.package_identification:_identify(.) by extensions ['python_setup_py']
[1.186s] Level 1:colcon.colcon_core.package_identification:_identify(.) by extension 'python_setup_py'
[1.186s] Level 1:colcon.colcon_core.package_identification:_identify(build) by extensions ['ignore', 'ignore_ament_install']
[1.186s] Level 1:colcon.colcon_core.package_identification:_identify(build) by extension 'ignore'
[1.186s] Level 1:colcon.colcon_core.package_identification:_identify(build) ignored
[1.187s] Level 1:colcon.colcon_core.package_identification:_identify(install) by extensions ['ignore', 'ignore_ament_install']
[1.187s] Level 1:colcon.colcon_core.package_identification:_identify(install) by extension 'ignore'
[1.187s] Level 1:colcon.colcon_core.package_identification:_identify(install) ignored
[1.187s] Level 1:colcon.colcon_core.package_identification:_identify(log) by extensions ['ignore', 'ignore_ament_install']
[1.188s] Level 1:colcon.colcon_core.package_identification:_identify(log) by extension 'ignore'
[1.188s] Level 1:colcon.colcon_core.package_identification:_identify(log) ignored
[1.188s] Level 1:colcon.colcon_core.package_identification:_identify(src) by extensions ['ignore', 'ignore_ament_install']
[1.188s] Level 1:colcon.colcon_core.package_identification:_identify(src) by extension 'ignore'
[1.188s] Level 1:colcon.colcon_core.package_identification:_identify(src) by extension 'ignore_ament_install'
[1.188s] Level 1:colcon.colcon_core.package_identification:_identify(src) by extensions ['colcon_pkg']
[1.188s] Level 1:colcon.colcon_core.package_identification:_identify(src) by extension 'colcon_pkg'
[1.188s] Level 1:colcon.colcon_core.package_identification:_identify(src) by extensions ['colcon_meta']
[1.188s] Level 1:colcon.colcon_core.package_identification:_identify(src) by extension 'colcon_meta'
[1.188s] Level 1:colcon.colcon_core.package_identification:_identify(src) by extensions ['ros']
[1.188s] Level 1:colcon.colcon_core.package_identification:_identify(src) by extension 'ros'
[1.188s] Level 1:colcon.colcon_core.package_identification:_identify(src) by extensions ['cmake', 'python']
[1.188s] Level 1:colcon.colcon_core.package_identification:_identify(src) by extension 'cmake'
[1.188s] Level 1:colcon.colcon_core.package_identification:_identify(src) by extension 'python'
[1.188s] Level 1:colcon.colcon_core.package_identification:_identify(src) by extensions ['python_setup_py']
[1.188s] Level 1:colcon.colcon_core.package_identification:_identify(src) by extension 'python_setup_py'
[1.189s] Level 1:colcon.colcon_core.package_identification:_identify(src/hbridge_control) by extensions ['ignore', 'ignore_ament_install']
[1.189s] Level 1:colcon.colcon_core.package_identification:_identify(src/hbridge_control) by extension 'ignore'
[1.189s] Level 1:colcon.colcon_core.package_identification:_identify(src/hbridge_control) by extension 'ignore_ament_install'
[1.189s] Level 1:colcon.colcon_core.package_identification:_identify(src/hbridge_control) by extensions ['colcon_pkg']
[1.189s] Level 1:colcon.colcon_core.package_identification:_identify(src/hbridge_control) by extension 'colcon_pkg'
[1.189s] Level 1:colcon.colcon_core.package_identification:_identify(src/hbridge_control) by extensions ['colcon_meta']
[1.189s] Level 1:colcon.colcon_core.package_identification:_identify(src/hbridge_control) by extension 'colcon_meta'
[1.189s] Level 1:colcon.colcon_core.package_identification:_identify(src/hbridge_control) by extensions ['ros']
[1.189s] Level 1:colcon.colcon_core.package_identification:_identify(src/hbridge_control) by extension 'ros'
[1.196s] DEBUG:colcon.colcon_core.package_identification:Package 'src/hbridge_control' with type 'ros.ament_cmake' and name 'hbridge_control'
[1.196s] Level 1:colcon.colcon_core.package_identification:_identify(src/my_robot_bringup) by extensions ['ignore', 'ignore_ament_install']
[1.196s] Level 1:colcon.colcon_core.package_identification:_identify(src/my_robot_bringup) by extension 'ignore'
[1.196s] Level 1:colcon.colcon_core.package_identification:_identify(src/my_robot_bringup) by extension 'ignore_ament_install'
[1.196s] Level 1:colcon.colcon_core.package_identification:_identify(src/my_robot_bringup) by extensions ['colcon_pkg']
[1.196s] Level 1:colcon.colcon_core.package_identification:_identify(src/my_robot_bringup) by extension 'colcon_pkg'
[1.196s] Level 1:colcon.colcon_core.package_identification:_identify(src/my_robot_bringup) by extensions ['colcon_meta']
[1.196s] Level 1:colcon.colcon_core.package_identification:_identify(src/my_robot_bringup) by extension 'colcon_meta'
[1.196s] Level 1:colcon.colcon_core.package_identification:_identify(src/my_robot_bringup) by extensions ['ros']
[1.196s] Level 1:colcon.colcon_core.package_identification:_identify(src/my_robot_bringup) by extension 'ros'
[1.198s] DEBUG:colcon.colcon_core.package_identification:Package 'src/my_robot_bringup' with type 'ros.ament_cmake' and name 'my_robot_bringup'
[1.198s] Level 1:colcon.colcon_core.package_identification:_identify(src/my_robot_description) by extensions ['ignore', 'ignore_ament_install']
[1.198s] Level 1:colcon.colcon_core.package_identification:_identify(src/my_robot_description) by extension 'ignore'
[1.198s] Level 1:colcon.colcon_core.package_identification:_identify(src/my_robot_description) by extension 'ignore_ament_install'
[1.198s] Level 1:colcon.colcon_core.package_identification:_identify(src/my_robot_description) by extensions ['colcon_pkg']
[1.198s] Level 1:colcon.colcon_core.package_identification:_identify(src/my_robot_description) by extension 'colcon_pkg'
[1.198s] Level 1:colcon.colcon_core.package_identification:_identify(src/my_robot_description) by extensions ['colcon_meta']
[1.198s] Level 1:colcon.colcon_core.package_identification:_identify(src/my_robot_description) by extension 'colcon_meta'
[1.198s] Level 1:colcon.colcon_core.package_identification:_identify(src/my_robot_description) by extensions ['ros']
[1.198s] Level 1:colcon.colcon_core.package_identification:_identify(src/my_robot_description) by extension 'ros'
[1.199s] DEBUG:colcon.colcon_core.package_identification:Package 'src/my_robot_description' with type 'ros.ament_cmake' and name 'my_robot_description'
[1.200s] Level 1:colcon.colcon_core.package_discovery:discover_packages(recursive) using defaults
[1.200s] Level 1:colcon.colcon_core.package_discovery:discover_packages(ignore) discover
[1.200s] Level 1:colcon.colcon_core.package_discovery:discover_packages(ignore) using defaults
[1.200s] Level 1:colcon.colcon_core.package_discovery:discover_packages(path) discover
[1.200s] Level 1:colcon.colcon_core.package_discovery:discover_packages(path) using defaults
[1.258s] Level 5:colcon.colcon_core.verb:set package 'hbridge_control' build argument 'cmake_args' from command line to 'None'
[1.258s] Level 5:colcon.colcon_core.verb:set package 'hbridge_control' build argument 'cmake_target' from command line to 'None'
[1.258s] Level 5:colcon.colcon_core.verb:set package 'hbridge_control' build argument 'cmake_target_skip_unavailable' from command line to 'False'
[1.258s] Level 5:colcon.colcon_core.verb:set package 'hbridge_control' build argument 'cmake_clean_cache' from command line to 'False'
[1.258s] Level 5:colcon.colcon_core.verb:set package 'hbridge_control' build argument 'cmake_clean_first' from command line to 'False'
[1.258s] Level 5:colcon.colcon_core.verb:set package 'hbridge_control' build argument 'cmake_force_configure' from command line to 'False'
[1.258s] Level 5:colcon.colcon_core.verb:set package 'hbridge_control' build argument 'ament_cmake_args' from command line to 'None'
[1.258s] Level 5:colcon.colcon_core.verb:set package 'hbridge_control' build argument 'catkin_cmake_args' from command line to 'None'
[1.258s] Level 5:colcon.colcon_core.verb:set package 'hbridge_control' build argument 'catkin_skip_building_tests' from command line to 'False'
[1.258s] DEBUG:colcon.colcon_core.verb:Building package 'hbridge_control' with the following arguments: {'ament_cmake_args': None, 'build_base': '/home/pavan/pavan/ugv_ws/build/hbridge_control', 'catkin_cmake_args': None, 'catkin_skip_building_tests': False, 'cmake_args': None, 'cmake_clean_cache': False, 'cmake_clean_first': False, 'cmake_force_configure': False, 'cmake_target': None, 'cmake_target_skip_unavailable': False, 'install_base': '/home/pavan/pavan/ugv_ws/install/hbridge_control', 'merge_install': False, 'path': '/home/pavan/pavan/ugv_ws/src/hbridge_control', 'symlink_install': False, 'test_result_base': None}
[1.259s] Level 5:colcon.colcon_core.verb:set package 'my_robot_description' build argument 'cmake_args' from command line to 'None'
[1.259s] Level 5:colcon.colcon_core.verb:set package 'my_robot_description' build argument 'cmake_target' from command line to 'None'
[1.259s] Level 5:colcon.colcon_core.verb:set package 'my_robot_description' build argument 'cmake_target_skip_unavailable' from command line to 'False'
[1.259s] Level 5:colcon.colcon_core.verb:set package 'my_robot_description' build argument 'cmake_clean_cache' from command line to 'False'
[1.259s] Level 5:colcon.colcon_core.verb:set package 'my_robot_description' build argument 'cmake_clean_first' from command line to 'False'
[1.259s] Level 5:colcon.colcon_core.verb:set package 'my_robot_description' build argument 'cmake_force_configure' from command line to 'False'
[1.259s] Level 5:colcon.colcon_core.verb:set package 'my_robot_description' build argument 'ament_cmake_args' from command line to 'None'
[1.259s] Level 5:colcon.colcon_core.verb:set package 'my_robot_description' build argument 'catkin_cmake_args' from command line to 'None'
[1.259s] Level 5:colcon.colcon_core.verb:set package 'my_robot_description' build argument 'catkin_skip_building_tests' from command line to 'False'
[1.259s] DEBUG:colcon.colcon_core.verb:Building package 'my_robot_description' with the following arguments: {'ament_cmake_args': None, 'build_base': '/home/pavan/pavan/ugv_ws/build/my_robot_description', 'catkin_cmake_args': None, 'catkin_skip_building_tests': False, 'cmake_args': None, 'cmake_clean_cache': False, 'cmake_clean_first': False, 'cmake_force_configure': False, 'cmake_target': None, 'cmake_target_skip_unavailable': False, 'install_base': '/home/pavan/pavan/ugv_ws/install/my_robot_description', 'merge_install': False, 'path': '/home/pavan/pavan/ugv_ws/src/my_robot_description', 'symlink_install': False, 'test_result_base': None}
[1.260s] Level 5:colcon.colcon_core.verb:set package 'my_robot_bringup' build argument 'cmake_args' from command line to 'None'
[1.260s] Level 5:colcon.colcon_core.verb:set package 'my_robot_bringup' build argument 'cmake_target' from command line to 'None'
[1.260s] Level 5:colcon.colcon_core.verb:set package 'my_robot_bringup' build argument 'cmake_target_skip_unavailable' from command line to 'False'
[1.260s] Level 5:colcon.colcon_core.verb:set package 'my_robot_bringup' build argument 'cmake_clean_cache' from command line to 'False'
[1.260s] Level 5:colcon.colcon_core.verb:set package 'my_robot_bringup' build argument 'cmake_clean_first' from command line to 'False'
[1.260s] Level 5:colcon.colcon_core.verb:set package 'my_robot_bringup' build argument 'cmake_force_configure' from command line to 'False'
[1.260s] Level 5:colcon.colcon_core.verb:set package 'my_robot_bringup' build argument 'ament_cmake_args' from command line to 'None'
[1.260s] Level 5:colcon.colcon_core.verb:set package 'my_robot_bringup' build argument 'catkin_cmake_args' from command line to 'None'
[1.260s] Level 5:colcon.colcon_core.verb:set package 'my_robot_bringup' build argument 'catkin_skip_building_tests' from command line to 'False'
[1.260s] DEBUG:colcon.colcon_core.verb:Building package 'my_robot_bringup' with the following arguments: {'ament_cmake_args': None, 'build_base': '/home/pavan/pavan/ugv_ws/build/my_robot_bringup', 'catkin_cmake_args': None, 'catkin_skip_building_tests': False, 'cmake_args': None, 'cmake_clean_cache': False, 'cmake_clean_first': False, 'cmake_force_configure': False, 'cmake_target': None, 'cmake_target_skip_unavailable': False, 'install_base': '/home/pavan/pavan/ugv_ws/install/my_robot_bringup', 'merge_install': False, 'path': '/home/pavan/pavan/ugv_ws/src/my_robot_bringup', 'symlink_install': False, 'test_result_base': None}
[1.260s] INFO:colcon.colcon_core.executor:Executing jobs using 'parallel' executor
[1.262s] DEBUG:colcon.colcon_parallel_executor.executor.parallel:run_until_complete
[1.262s] INFO:colcon.colcon_ros.task.ament_cmake.build:Building ROS package in '/home/pavan/pavan/ugv_ws/src/my_robot_description' with build type 'ament_cmake'
[1.262s] INFO:colcon.colcon_cmake.task.cmake.build:Building CMake package in '/home/pavan/pavan/ugv_ws/src/my_robot_description'
[1.286s] INFO:colcon.colcon_core.plugin_system:Skipping extension 'colcon_core.shell.bat': Not used on non-Windows systems
[1.286s] DEBUG:colcon.colcon_core.shell:Skip shell extension 'dsv' for command environment
[1.294s] WARNING:colcon.colcon_ros.prefix_path.ament:The path '/home/pavan/pavan/robotics/udemy/code_end_section_4/install/my_robot_bringup' in the environment variable AMENT_PREFIX_PATH doesn't exist
[1.296s] WARNING:colcon.colcon_ros.prefix_path.catkin:The path '/home/pavan/pavan/robotics/udemy/code_end_section_4/install/my_robot_bringup' in the environment variable CMAKE_PREFIX_PATH doesn't exist
[1.317s] INFO:colcon.colcon_ros.task.ament_cmake.build:Building ROS package in '/home/pavan/pavan/ugv_ws/src/hbridge_control' with build type 'ament_cmake'
[1.317s] INFO:colcon.colcon_cmake.task.cmake.build:Building CMake package in '/home/pavan/pavan/ugv_ws/src/hbridge_control'
[1.318s] DEBUG:colcon.colcon_core.shell:Skip shell extension 'dsv' for command environment
[1.400s] DEBUG:colcon.colcon_core.event_handler.log_command:Invoking command in '/home/pavan/pavan/ugv_ws/build/my_robot_description': CMAKE_PREFIX_PATH=${CMAKE_PREFIX_PATH}:/opt/ros/jazzy DEBUGINFOD_URLS=https://debuginfod.ubuntu.com /usr/bin/cmake --build /home/pavan/pavan/ugv_ws/build/my_robot_description -- -j4 -l4
[1.448s] DEBUG:colcon.colcon_core.event_handler.log_command:Invoking command in '/home/pavan/pavan/ugv_ws/build/hbridge_control': CMAKE_PREFIX_PATH=${CMAKE_PREFIX_PATH}:/opt/ros/jazzy DEBUGINFOD_URLS=https://debuginfod.ubuntu.com /usr/bin/cmake --build /home/pavan/pavan/ugv_ws/build/hbridge_control -- -j4 -l4
[1.798s] DEBUG:colcon.colcon_core.event_handler.log_command:Invoked command in '/home/pavan/pavan/ugv_ws/build/my_robot_description' returned '0': CMAKE_PREFIX_PATH=${CMAKE_PREFIX_PATH}:/opt/ros/jazzy DEBUGINFOD_URLS=https://debuginfod.ubuntu.com /usr/bin/cmake --build /home/pavan/pavan/ugv_ws/build/my_robot_description -- -j4 -l4
[1.824s] DEBUG:colcon.colcon_core.event_handler.log_command:Invoking command in '/home/pavan/pavan/ugv_ws/build/my_robot_description': CMAKE_PREFIX_PATH=${CMAKE_PREFIX_PATH}:/opt/ros/jazzy DEBUGINFOD_URLS=https://debuginfod.ubuntu.com /usr/bin/cmake --install /home/pavan/pavan/ugv_ws/build/my_robot_description
[1.861s] Level 1:colcon.colcon_core.environment:create_environment_scripts_only(my_robot_description)
[1.861s] DEBUG:colcon.colcon_core.event_handler.log_command:Invoked command in '/home/pavan/pavan/ugv_ws/build/my_robot_description' returned '0': CMAKE_PREFIX_PATH=${CMAKE_PREFIX_PATH}:/opt/ros/jazzy DEBUGINFOD_URLS=https://debuginfod.ubuntu.com /usr/bin/cmake --install /home/pavan/pavan/ugv_ws/build/my_robot_description
[1.953s] Level 1:colcon.colcon_core.environment:checking '/home/pavan/pavan/ugv_ws/install/my_robot_description' for CMake module files
[1.957s] Level 1:colcon.colcon_core.environment:checking '/home/pavan/pavan/ugv_ws/install/my_robot_description' for CMake config files
[1.962s] Level 1:colcon.colcon_core.shell:create_environment_hook('my_robot_description', 'cmake_prefix_path')
[1.963s] INFO:colcon.colcon_core.shell:Creating environment descriptor '/home/pavan/pavan/ugv_ws/install/my_robot_description/share/my_robot_description/hook/cmake_prefix_path.dsv'
[1.964s] INFO:colcon.colcon_core.shell:Creating environment hook '/home/pavan/pavan/ugv_ws/install/my_robot_description/share/my_robot_description/hook/cmake_prefix_path.sh'
[1.968s] Level 1:colcon.colcon_core.environment:checking '/home/pavan/pavan/ugv_ws/install/my_robot_description/bin'
[1.969s] Level 1:colcon.colcon_core.environment:checking '/home/pavan/pavan/ugv_ws/install/my_robot_description/lib/pkgconfig/my_robot_description.pc'
[2.019s] Level 1:colcon.colcon_core.environment:checking '/home/pavan/pavan/ugv_ws/install/my_robot_description/lib/python3.12/site-packages'
[2.020s] Level 1:colcon.colcon_core.environment:checking '/home/pavan/pavan/ugv_ws/install/my_robot_description/bin'
[2.021s] INFO:colcon.colcon_core.shell:Creating package descriptor '/home/pavan/pavan/ugv_ws/install/my_robot_description/share/my_robot_description/package.dsv'
[2.022s] INFO:colcon.colcon_core.shell:Creating package script '/home/pavan/pavan/ugv_ws/install/my_robot_description/share/my_robot_description/package.sh'
[2.023s] INFO:colcon.colcon_core.shell:Creating package script '/home/pavan/pavan/ugv_ws/install/my_robot_description/share/my_robot_description/package.bash'
[2.024s] INFO:colcon.colcon_core.shell:Creating package script '/home/pavan/pavan/ugv_ws/install/my_robot_description/share/my_robot_description/package.zsh'
[2.025s] Level 1:colcon.colcon_core.environment:create_file_with_runtime_dependencies(/home/pavan/pavan/ugv_ws/install/my_robot_description/share/colcon-core/packages/my_robot_description)
[2.026s] Level 1:colcon.colcon_core.environment:create_environment_scripts_only(my_robot_description)
[2.027s] Level 1:colcon.colcon_core.environment:checking '/home/pavan/pavan/ugv_ws/install/my_robot_description' for CMake module files
[2.027s] Level 1:colcon.colcon_core.environment:checking '/home/pavan/pavan/ugv_ws/install/my_robot_description' for CMake config files
[2.028s] Level 1:colcon.colcon_core.shell:create_environment_hook('my_robot_description', 'cmake_prefix_path')
[2.028s] INFO:colcon.colcon_core.shell:Creating environment descriptor '/home/pavan/pavan/ugv_ws/install/my_robot_description/share/my_robot_description/hook/cmake_prefix_path.dsv'
[2.028s] INFO:colcon.colcon_core.shell:Creating environment hook '/home/pavan/pavan/ugv_ws/install/my_robot_description/share/my_robot_description/hook/cmake_prefix_path.sh'
[2.029s] Level 1:colcon.colcon_core.environment:checking '/home/pavan/pavan/ugv_ws/install/my_robot_description/bin'
[2.029s] Level 1:colcon.colcon_core.environment:checking '/home/pavan/pavan/ugv_ws/install/my_robot_description/lib/pkgconfig/my_robot_description.pc'
[2.029s] Level 1:colcon.colcon_core.environment:checking '/home/pavan/pavan/ugv_ws/install/my_robot_description/lib/python3.12/site-packages'
[2.030s] Level 1:colcon.colcon_core.environment:checking '/home/pavan/pavan/ugv_ws/install/my_robot_description/bin'
[2.030s] INFO:colcon.colcon_core.shell:Creating package descriptor '/home/pavan/pavan/ugv_ws/install/my_robot_description/share/my_robot_description/package.dsv'
[2.049s] INFO:colcon.colcon_core.shell:Creating package script '/home/pavan/pavan/ugv_ws/install/my_robot_description/share/my_robot_description/package.sh'
[2.078s] INFO:colcon.colcon_core.shell:Creating package script '/home/pavan/pavan/ugv_ws/install/my_robot_description/share/my_robot_description/package.bash'
[2.080s] INFO:colcon.colcon_core.shell:Creating package script '/home/pavan/pavan/ugv_ws/install/my_robot_description/share/my_robot_description/package.zsh'
[2.081s] Level 1:colcon.colcon_core.environment:create_file_with_runtime_dependencies(/home/pavan/pavan/ugv_ws/install/my_robot_description/share/colcon-core/packages/my_robot_description)
[2.082s] INFO:colcon.colcon_ros.task.ament_cmake.build:Building ROS package in '/home/pavan/pavan/ugv_ws/src/my_robot_bringup' with build type 'ament_cmake'
[2.082s] INFO:colcon.colcon_cmake.task.cmake.build:Building CMake package in '/home/pavan/pavan/ugv_ws/src/my_robot_bringup'
[2.083s] DEBUG:colcon.colcon_core.shell:Skip shell extension 'dsv' for command environment
[2.163s] DEBUG:colcon.colcon_core.event_handler.log_command:Invoking command in '/home/pavan/pavan/ugv_ws/build/my_robot_bringup': CMAKE_PREFIX_PATH=/home/pavan/pavan/ugv_ws/install/my_robot_description:/home/pavan/pavan/robotics/udemy/code_end_section_4/install/my_robot_bringup:/home/pavan/pavan/robotics/udemy/code_end_section_4/install/my_robot_description:/home/pavan/pavan/ugv_ws/install/my_robot_bringup:/home/pavan/pavan/ugv_ws/install/hbridge_control:/home/pavan/ws_lidar/install/sllidar_ros2:/opt/ros/jazzy/opt/gz_sim_vendor:/opt/ros/jazzy/opt/gz_sensors_vendor:/opt/ros/jazzy/opt/gz_physics_vendor:/opt/ros/jazzy/opt/sdformat_vendor:/opt/ros/jazzy/opt/gz_gui_vendor:/opt/ros/jazzy/opt/gz_transport_vendor:/opt/ros/jazzy/opt/gz_rendering_vendor:/opt/ros/jazzy/opt/gz_plugin_vendor:/opt/ros/jazzy/opt/gz_fuel_tools_vendor:/opt/ros/jazzy/opt/gz_msgs_vendor:/opt/ros/jazzy/opt/gz_common_vendor:/opt/ros/jazzy/opt/gz_math_vendor:/opt/ros/jazzy/opt/gz_utils_vendor:/opt/ros/jazzy/opt/gz_tools_vendor:/opt/ros/jazzy/opt/gz_ogre_next_vendor:/opt/ros/jazzy/opt/gz_dartsim_vendor:/opt/ros/jazzy/opt/gz_cmake_vendor:/opt/ros/jazzy DEBUGINFOD_URLS=https://debuginfod.ubuntu.com /usr/bin/cmake --build /home/pavan/pavan/ugv_ws/build/my_robot_bringup -- -j4 -l4
[2.272s] DEBUG:colcon.colcon_core.event_handler.log_command:Invoked command in '/home/pavan/pavan/ugv_ws/build/my_robot_bringup' returned '0': CMAKE_PREFIX_PATH=/home/pavan/pavan/ugv_ws/install/my_robot_description:/home/pavan/pavan/robotics/udemy/code_end_section_4/install/my_robot_bringup:/home/pavan/pavan/robotics/udemy/code_end_section_4/install/my_robot_description:/home/pavan/pavan/ugv_ws/install/my_robot_bringup:/home/pavan/pavan/ugv_ws/install/hbridge_control:/home/pavan/ws_lidar/install/sllidar_ros2:/opt/ros/jazzy/opt/gz_sim_vendor:/opt/ros/jazzy/opt/gz_sensors_vendor:/opt/ros/jazzy/opt/gz_physics_vendor:/opt/ros/jazzy/opt/sdformat_vendor:/opt/ros/jazzy/opt/gz_gui_vendor:/opt/ros/jazzy/opt/gz_transport_vendor:/opt/ros/jazzy/opt/gz_rendering_vendor:/opt/ros/jazzy/opt/gz_plugin_vendor:/opt/ros/jazzy/opt/gz_fuel_tools_vendor:/opt/ros/jazzy/opt/gz_msgs_vendor:/opt/ros/jazzy/opt/gz_common_vendor:/opt/ros/jazzy/opt/gz_math_vendor:/opt/ros/jazzy/opt/gz_utils_vendor:/opt/ros/jazzy/opt/gz_tools_vendor:/opt/ros/jazzy/opt/gz_ogre_next_vendor:/opt/ros/jazzy/opt/gz_dartsim_vendor:/opt/ros/jazzy/opt/gz_cmake_vendor:/opt/ros/jazzy DEBUGINFOD_URLS=https://debuginfod.ubuntu.com /usr/bin/cmake --build /home/pavan/pavan/ugv_ws/build/my_robot_bringup -- -j4 -l4
[2.277s] DEBUG:colcon.colcon_core.event_handler.log_command:Invoking command in '/home/pavan/pavan/ugv_ws/build/my_robot_bringup': CMAKE_PREFIX_PATH=/home/pavan/pavan/ugv_ws/install/my_robot_description:/home/pavan/pavan/robotics/udemy/code_end_section_4/install/my_robot_bringup:/home/pavan/pavan/robotics/udemy/code_end_section_4/install/my_robot_description:/home/pavan/pavan/ugv_ws/install/my_robot_bringup:/home/pavan/pavan/ugv_ws/install/hbridge_control:/home/pavan/ws_lidar/install/sllidar_ros2:/opt/ros/jazzy/opt/gz_sim_vendor:/opt/ros/jazzy/opt/gz_sensors_vendor:/opt/ros/jazzy/opt/gz_physics_vendor:/opt/ros/jazzy/opt/sdformat_vendor:/opt/ros/jazzy/opt/gz_gui_vendor:/opt/ros/jazzy/opt/gz_transport_vendor:/opt/ros/jazzy/opt/gz_rendering_vendor:/opt/ros/jazzy/opt/gz_plugin_vendor:/opt/ros/jazzy/opt/gz_fuel_tools_vendor:/opt/ros/jazzy/opt/gz_msgs_vendor:/opt/ros/jazzy/opt/gz_common_vendor:/opt/ros/jazzy/opt/gz_math_vendor:/opt/ros/jazzy/opt/gz_utils_vendor:/opt/ros/jazzy/opt/gz_tools_vendor:/opt/ros/jazzy/opt/gz_ogre_next_vendor:/opt/ros/jazzy/opt/gz_dartsim_vendor:/opt/ros/jazzy/opt/gz_cmake_vendor:/opt/ros/jazzy DEBUGINFOD_URLS=https://debuginfod.ubuntu.com /usr/bin/cmake --install /home/pavan/pavan/ugv_ws/build/my_robot_bringup
[2.303s] Level 1:colcon.colcon_core.environment:create_environment_scripts_only(my_robot_bringup)
[2.304s] Level 1:colcon.colcon_core.environment:checking '/home/pavan/pavan/ugv_ws/install/my_robot_bringup' for CMake module files
[2.304s] DEBUG:colcon.colcon_core.event_handler.log_command:Invoked command in '/home/pavan/pavan/ugv_ws/build/my_robot_bringup' returned '0': CMAKE_PREFIX_PATH=/home/pavan/pavan/ugv_ws/install/my_robot_description:/home/pavan/pavan/robotics/udemy/code_end_section_4/install/my_robot_bringup:/home/pavan/pavan/robotics/udemy/code_end_section_4/install/my_robot_description:/home/pavan/pavan/ugv_ws/install/my_robot_bringup:/home/pavan/pavan/ugv_ws/install/hbridge_control:/home/pavan/ws_lidar/install/sllidar_ros2:/opt/ros/jazzy/opt/gz_sim_vendor:/opt/ros/jazzy/opt/gz_sensors_vendor:/opt/ros/jazzy/opt/gz_physics_vendor:/opt/ros/jazzy/opt/sdformat_vendor:/opt/ros/jazzy/opt/gz_gui_vendor:/opt/ros/jazzy/opt/gz_transport_vendor:/opt/ros/jazzy/opt/gz_rendering_vendor:/opt/ros/jazzy/opt/gz_plugin_vendor:/opt/ros/jazzy/opt/gz_fuel_tools_vendor:/opt/ros/jazzy/opt/gz_msgs_vendor:/opt/ros/jazzy/opt/gz_common_vendor:/opt/ros/jazzy/opt/gz_math_vendor:/opt/ros/jazzy/opt/gz_utils_vendor:/opt/ros/jazzy/opt/gz_tools_vendor:/opt/ros/jazzy/opt/gz_ogre_next_vendor:/opt/ros/jazzy/opt/gz_dartsim_vendor:/opt/ros/jazzy/opt/gz_cmake_vendor:/opt/ros/jazzy DEBUGINFOD_URLS=https://debuginfod.ubuntu.com /usr/bin/cmake --install /home/pavan/pavan/ugv_ws/build/my_robot_bringup
[2.318s] Level 1:colcon.colcon_core.environment:checking '/home/pavan/pavan/ugv_ws/install/my_robot_bringup' for CMake config files
[2.321s] Level 1:colcon.colcon_core.shell:create_environment_hook('my_robot_bringup', 'cmake_prefix_path')
[2.322s] INFO:colcon.colcon_core.shell:Creating environment descriptor '/home/pavan/pavan/ugv_ws/install/my_robot_bringup/share/my_robot_bringup/hook/cmake_prefix_path.dsv'
[2.322s] INFO:colcon.colcon_core.shell:Creating environment hook '/home/pavan/pavan/ugv_ws/install/my_robot_bringup/share/my_robot_bringup/hook/cmake_prefix_path.sh'
[2.324s] Level 1:colcon.colcon_core.environment:checking '/home/pavan/pavan/ugv_ws/install/my_robot_bringup/bin'
[2.324s] Level 1:colcon.colcon_core.environment:checking '/home/pavan/pavan/ugv_ws/install/my_robot_bringup/lib/pkgconfig/my_robot_bringup.pc'
[2.324s] Level 1:colcon.colcon_core.environment:checking '/home/pavan/pavan/ugv_ws/install/my_robot_bringup/lib/python3.12/site-packages'
[2.325s] Level 1:colcon.colcon_core.environment:checking '/home/pavan/pavan/ugv_ws/install/my_robot_bringup/bin'
[2.325s] INFO:colcon.colcon_core.shell:Creating package descriptor '/home/pavan/pavan/ugv_ws/install/my_robot_bringup/share/my_robot_bringup/package.dsv'
[2.326s] INFO:colcon.colcon_core.shell:Creating package script '/home/pavan/pavan/ugv_ws/install/my_robot_bringup/share/my_robot_bringup/package.sh'
[2.327s] INFO:colcon.colcon_core.shell:Creating package script '/home/pavan/pavan/ugv_ws/install/my_robot_bringup/share/my_robot_bringup/package.bash'
[2.327s] INFO:colcon.colcon_core.shell:Creating package script '/home/pavan/pavan/ugv_ws/install/my_robot_bringup/share/my_robot_bringup/package.zsh'
[2.328s] Level 1:colcon.colcon_core.environment:create_file_with_runtime_dependencies(/home/pavan/pavan/ugv_ws/install/my_robot_bringup/share/colcon-core/packages/my_robot_bringup)
[2.329s] Level 1:colcon.colcon_core.environment:create_environment_scripts_only(my_robot_bringup)
[2.329s] Level 1:colcon.colcon_core.environment:checking '/home/pavan/pavan/ugv_ws/install/my_robot_bringup' for CMake module files
[2.330s] Level 1:colcon.colcon_core.environment:checking '/home/pavan/pavan/ugv_ws/install/my_robot_bringup' for CMake config files
[2.330s] Level 1:colcon.colcon_core.shell:create_environment_hook('my_robot_bringup', 'cmake_prefix_path')
[2.331s] INFO:colcon.colcon_core.shell:Creating environment descriptor '/home/pavan/pavan/ugv_ws/install/my_robot_bringup/share/my_robot_bringup/hook/cmake_prefix_path.dsv'
[2.337s] INFO:colcon.colcon_core.shell:Creating environment hook '/home/pavan/pavan/ugv_ws/install/my_robot_bringup/share/my_robot_bringup/hook/cmake_prefix_path.sh'
[2.348s] Level 1:colcon.colcon_core.environment:checking '/home/pavan/pavan/ugv_ws/install/my_robot_bringup/bin'
[2.348s] Level 1:colcon.colcon_core.environment:checking '/home/pavan/pavan/ugv_ws/install/my_robot_bringup/lib/pkgconfig/my_robot_bringup.pc'
[2.349s] Level 1:colcon.colcon_core.environment:checking '/home/pavan/pavan/ugv_ws/install/my_robot_bringup/lib/python3.12/site-packages'
[2.349s] Level 1:colcon.colcon_core.environment:checking '/home/pavan/pavan/ugv_ws/install/my_robot_bringup/bin'
[2.350s] INFO:colcon.colcon_core.shell:Creating package descriptor '/home/pavan/pavan/ugv_ws/install/my_robot_bringup/share/my_robot_bringup/package.dsv'
[2.358s] INFO:colcon.colcon_core.shell:Creating package script '/home/pavan/pavan/ugv_ws/install/my_robot_bringup/share/my_robot_bringup/package.sh'
[2.358s] INFO:colcon.colcon_core.shell:Creating package script '/home/pavan/pavan/ugv_ws/install/my_robot_bringup/share/my_robot_bringup/package.bash'
[2.359s] INFO:colcon.colcon_core.shell:Creating package script '/home/pavan/pavan/ugv_ws/install/my_robot_bringup/share/my_robot_bringup/package.zsh'
[2.360s] Level 1:colcon.colcon_core.environment:create_file_with_runtime_dependencies(/home/pavan/pavan/ugv_ws/install/my_robot_bringup/share/colcon-core/packages/my_robot_bringup)
[26.183s] DEBUG:colcon.colcon_core.event_handler.log_command:Invoked command in '/home/pavan/pavan/ugv_ws/build/hbridge_control' returned '0': CMAKE_PREFIX_PATH=${CMAKE_PREFIX_PATH}:/opt/ros/jazzy DEBUGINFOD_URLS=https://debuginfod.ubuntu.com /usr/bin/cmake --build /home/pavan/pavan/ugv_ws/build/hbridge_control -- -j4 -l4
[26.201s] DEBUG:colcon.colcon_core.event_handler.log_command:Invoking command in '/home/pavan/pavan/ugv_ws/build/hbridge_control': CMAKE_PREFIX_PATH=${CMAKE_PREFIX_PATH}:/opt/ros/jazzy DEBUGINFOD_URLS=https://debuginfod.ubuntu.com /usr/bin/cmake --install /home/pavan/pavan/ugv_ws/build/hbridge_control
[26.289s] Level 1:colcon.colcon_core.environment:create_environment_scripts_only(hbridge_control)
[26.290s] Level 1:colcon.colcon_core.environment:checking '/home/pavan/pavan/ugv_ws/install/hbridge_control' for CMake module files
[26.291s] DEBUG:colcon.colcon_core.event_handler.log_command:Invoked command in '/home/pavan/pavan/ugv_ws/build/hbridge_control' returned '0': CMAKE_PREFIX_PATH=${CMAKE_PREFIX_PATH}:/opt/ros/jazzy DEBUGINFOD_URLS=https://debuginfod.ubuntu.com /usr/bin/cmake --install /home/pavan/pavan/ugv_ws/build/hbridge_control
[26.292s] Level 1:colcon.colcon_core.environment:checking '/home/pavan/pavan/ugv_ws/install/hbridge_control' for CMake config files
[26.299s] Level 1:colcon.colcon_core.shell:create_environment_hook('hbridge_control', 'cmake_prefix_path')
[26.299s] INFO:colcon.colcon_core.shell:Creating environment descriptor '/home/pavan/pavan/ugv_ws/install/hbridge_control/share/hbridge_control/hook/cmake_prefix_path.dsv'
[26.319s] INFO:colcon.colcon_core.shell:Creating environment hook '/home/pavan/pavan/ugv_ws/install/hbridge_control/share/hbridge_control/hook/cmake_prefix_path.sh'
[26.325s] Level 1:colcon.colcon_core.environment:checking '/home/pavan/pavan/ugv_ws/install/hbridge_control/lib'
[26.325s] Level 1:colcon.colcon_core.environment:checking '/home/pavan/pavan/ugv_ws/install/hbridge_control/bin'
[26.325s] Level 1:colcon.colcon_core.environment:checking '/home/pavan/pavan/ugv_ws/install/hbridge_control/lib/pkgconfig/hbridge_control.pc'
[26.326s] Level 1:colcon.colcon_core.environment:checking '/home/pavan/pavan/ugv_ws/install/hbridge_control/lib/python3.12/site-packages'
[26.326s] Level 1:colcon.colcon_core.environment:checking '/home/pavan/pavan/ugv_ws/install/hbridge_control/bin'
[26.327s] INFO:colcon.colcon_core.shell:Creating package descriptor '/home/pavan/pavan/ugv_ws/install/hbridge_control/share/hbridge_control/package.dsv'
[26.329s] INFO:colcon.colcon_core.shell:Creating package script '/home/pavan/pavan/ugv_ws/install/hbridge_control/share/hbridge_control/package.sh'
[26.331s] INFO:colcon.colcon_core.shell:Creating package script '/home/pavan/pavan/ugv_ws/install/hbridge_control/share/hbridge_control/package.bash'
[26.333s] INFO:colcon.colcon_core.shell:Creating package script '/home/pavan/pavan/ugv_ws/install/hbridge_control/share/hbridge_control/package.zsh'
[26.335s] Level 1:colcon.colcon_core.environment:create_file_with_runtime_dependencies(/home/pavan/pavan/ugv_ws/install/hbridge_control/share/colcon-core/packages/hbridge_control)
[26.337s] Level 1:colcon.colcon_core.environment:create_environment_scripts_only(hbridge_control)
[26.337s] Level 1:colcon.colcon_core.environment:checking '/home/pavan/pavan/ugv_ws/install/hbridge_control' for CMake module files
[26.338s] Level 1:colcon.colcon_core.environment:checking '/home/pavan/pavan/ugv_ws/install/hbridge_control' for CMake config files
[26.338s] Level 1:colcon.colcon_core.shell:create_environment_hook('hbridge_control', 'cmake_prefix_path')
[26.338s] INFO:colcon.colcon_core.shell:Creating environment descriptor '/home/pavan/pavan/ugv_ws/install/hbridge_control/share/hbridge_control/hook/cmake_prefix_path.dsv'
[26.339s] INFO:colcon.colcon_core.shell:Creating environment hook '/home/pavan/pavan/ugv_ws/install/hbridge_control/share/hbridge_control/hook/cmake_prefix_path.sh'
[26.340s] Level 1:colcon.colcon_core.environment:checking '/home/pavan/pavan/ugv_ws/install/hbridge_control/lib'
[26.340s] Level 1:colcon.colcon_core.environment:checking '/home/pavan/pavan/ugv_ws/install/hbridge_control/bin'
[26.340s] Level 1:colcon.colcon_core.environment:checking '/home/pavan/pavan/ugv_ws/install/hbridge_control/lib/pkgconfig/hbridge_control.pc'
[26.340s] Level 1:colcon.colcon_core.environment:checking '/home/pavan/pavan/ugv_ws/install/hbridge_control/lib/python3.12/site-packages'
[26.341s] Level 1:colcon.colcon_core.environment:checking '/home/pavan/pavan/ugv_ws/install/hbridge_control/bin'
[26.341s] INFO:colcon.colcon_core.shell:Creating package descriptor '/home/pavan/pavan/ugv_ws/install/hbridge_control/share/hbridge_control/package.dsv'
[26.342s] INFO:colcon.colcon_core.shell:Creating package script '/home/pavan/pavan/ugv_ws/install/hbridge_control/share/hbridge_control/package.sh'
[26.343s] INFO:colcon.colcon_core.shell:Creating package script '/home/pavan/pavan/ugv_ws/install/hbridge_control/share/hbridge_control/package.bash'
[26.343s] INFO:colcon.colcon_core.shell:Creating package script '/home/pavan/pavan/ugv_ws/install/hbridge_control/share/hbridge_control/package.zsh'
[26.344s] Level 1:colcon.colcon_core.environment:create_file_with_runtime_dependencies(/home/pavan/pavan/ugv_ws/install/hbridge_control/share/colcon-core/packages/hbridge_control)
[26.344s] DEBUG:colcon.colcon_parallel_executor.executor.parallel:closing loop
[26.345s] DEBUG:colcon.colcon_parallel_executor.executor.parallel:loop closed
[26.345s] DEBUG:colcon.colcon_parallel_executor.executor.parallel:run_until_complete finished with '0'
[26.345s] DEBUG:colcon.colcon_core.event_reactor:joining thread
[26.644s] INFO:colcon.colcon_core.plugin_system:Skipping extension 'colcon_notification.desktop_notification.terminal_notifier': Not used on non-Darwin systems
[26.644s] INFO:colcon.colcon_core.plugin_system:Skipping extension 'colcon_notification.desktop_notification.win32': Not used on non-Windows systems
[26.644s] INFO:colcon.colcon_notification.desktop_notification:Sending desktop notification using 'notify2'
[26.808s] DEBUG:colcon.colcon_core.event_reactor:joined thread
[26.808s] INFO:colcon.colcon_core.shell:Creating prefix script '/home/pavan/pavan/ugv_ws/install/local_setup.sh'
[26.812s] INFO:colcon.colcon_core.shell:Creating prefix util module '/home/pavan/pavan/ugv_ws/install/_local_setup_util_sh.py'
[26.819s] INFO:colcon.colcon_core.shell:Creating prefix chain script '/home/pavan/pavan/ugv_ws/install/setup.sh'
[26.868s] INFO:colcon.colcon_core.shell:Creating prefix script '/home/pavan/pavan/ugv_ws/install/local_setup.bash'
[26.876s] INFO:colcon.colcon_core.shell:Creating prefix chain script '/home/pavan/pavan/ugv_ws/install/setup.bash'
[26.879s] INFO:colcon.colcon_core.shell:Creating prefix script '/home/pavan/pavan/ugv_ws/install/local_setup.zsh'
[26.887s] INFO:colcon.colcon_core.shell:Creating prefix chain script '/home/pavan/pavan/ugv_ws/install/setup.zsh'
