-- The C compiler identification is GNU 13.3.0
-- The CXX compiler identification is GNU 13.3.0
-- Detecting C compiler ABI info
-- Detecting C compiler ABI info - done
-- Check for working C compiler: /usr/bin/cc - skipped
-- Detecting C compile features
-- Detecting C compile features - done
-- Detecting CXX compiler ABI info
-- Detecting CXX compiler ABI info - done
-- Check for working CXX compiler: /usr/bin/c++ - skipped
-- Detecting CXX compile features
-- Detecting CXX compile features - done
-- Found ament_cmake: 2.5.4 (/opt/ros/jazzy/share/ament_cmake/cmake)
-- Found Python3: /usr/bin/python3 (found version "3.12.3") found components: Interpreter 
-- Found rclcpp: 28.1.12 (/opt/ros/jazzy/share/rclcpp/cmake)
-- Found rosidl_generator_c: 4.6.6 (/opt/ros/jazzy/share/rosidl_generator_c/cmake)
-- Found rosidl_generator_cpp: 4.6.6 (/opt/ros/jazzy/share/rosidl_generator_cpp/cmake)
-- Using all available rosidl_typesupport_c: rosidl_typesupport_fastrtps_c;rosidl_typesupport_introspection_c
-- Using all available rosidl_typesupport_cpp: rosidl_typesupport_fastrtps_cpp;rosidl_typesupport_introspection_cpp
-- Found rmw_implementation_cmake: 7.3.2 (/opt/ros/jazzy/share/rmw_implementation_cmake/cmake)
-- Found rmw_fastrtps_cpp: 8.4.3 (/opt/ros/jazzy/share/rmw_fastrtps_cpp/cmake)
-- Found OpenSSL: /usr/lib/aarch64-linux-gnu/libcrypto.so (found version "3.0.13")  
-- Found FastRTPS: /opt/ros/jazzy/include (Required is at least version "2.13") 
-- Using RMW implementation 'rmw_fastrtps_cpp' as default
-- Found rclcpp_lifecycle: 28.1.12 (/opt/ros/jazzy/share/rclcpp_lifecycle/cmake)
-- Found pluginlib: 5.4.2 (/opt/ros/jazzy/share/pluginlib/cmake)
-- Found hardware_interface: 4.38.0 (/opt/ros/jazzy/share/hardware_interface/cmake)
-- Configuring done (4.4s)
-- Generating done (0.0s)
-- Build files have been written to: /home/pavan/pavan/ugv_ws/build/hbridge_control
[ 50%] [32mBuilding CXX object CMakeFiles/hbridge_control.dir/src/mobile_base_hardware_interface.cpp.o[0m
[01m[K/home/pavan/pavan/ugv_ws/src/hbridge_control/src/mobile_base_hardware_interface.cpp:[m[K In member function ‘[01m[Kvirtual mobile_base_hardware::CallbackReturn mobile_base_hardware::MobileBaseHardwareInterface::[01;32m[Kon_init[m[K(const hardware_interface::HardwareInfo&)[m[K’:
[01m[K/home/pavan/pavan/ugv_ws/src/hbridge_control/src/mobile_base_hardware_interface.cpp:17:53:[m[K [01;35m[Kwarning: [m[K‘[01m[Kvirtual rclcpp_lifecycle::node_interfaces::LifecycleNodeInterface::CallbackReturn hardware_interface::HardwareComponentInterface::[01;32m[Kon_init[m[K(const hardware_interface::HardwareInfo&)[m[K’ is deprecated: Use on_init(const HardwareComponentInterfaceParams & params) instead. [[01;35m[K]8;;https://gcc.gnu.org/onlinedocs/gcc/Warning-Options.html#index-Wdeprecated-declarations-Wdeprecated-declarations]8;;[m[K]
   17 |     if ([01;35m[Khardware_interface::SystemInterface::on_init(info)[m[K != CallbackReturn::SUCCESS) {
      |         [01;35m[K~~~~~~~~~~~~~~~~~~~~~~~~~~~~~~~~~~~~~~~~~~~~^~~~~~[m[K
In file included from [01m[K/opt/ros/jazzy/include/hardware_interface/hardware_interface/system_interface.hpp:18[m[K,
                 from [01m[K/home/pavan/pavan/ugv_ws/src/hbridge_control/include/motor_interface/mobile_base_hardware_interface.hpp:3[m[K,
                 from [01m[K/home/pavan/pavan/ugv_ws/src/hbridge_control/src/mobile_base_hardware_interface.cpp:1[m[K:
[01m[K/opt/ros/jazzy/include/hardware_interface/hardware_interface/hardware_component_interface.hpp:226:26:[m[K [01;36m[Knote: [m[Kdeclared here
  226 |   virtual CallbackReturn [01;36m[Kon_init[m[K(const HardwareInfo & hardware_info)
      |                          [01;36m[K^~~~~~~[m[K
[100%] [32m[1mLinking CXX shared library libhbridge_control.so[0m
[100%] Built target hbridge_control
-- Install configuration: ""
-- Installing: /home/pavan/pavan/ugv_ws/install/hbridge_control/share/hbridge_control/hbridge_control_interface.xml
-- Installing: /home/pavan/pavan/ugv_ws/install/hbridge_control/lib/hbridge_control/libhbridge_control.so
-- Set non-toolchain portion of runtime path of "/home/pavan/pavan/ugv_ws/install/hbridge_control/lib/hbridge_control/libhbridge_control.so" to ""
-- Installing: /home/pavan/pavan/ugv_ws/install/hbridge_control/share/hbridge_control/motor_interface
-- Installing: /home/pavan/pavan/ugv_ws/install/hbridge_control/share/hbridge_control/motor_interface/mobile_base_hardware_interface.hpp
-- Installing: /home/pavan/pavan/ugv_ws/install/hbridge_control/share/hbridge_control/include
-- Installing: /home/pavan/pavan/ugv_ws/install/hbridge_control/share/hbridge_control/include/motor_interface
-- Installing: /home/pavan/pavan/ugv_ws/install/hbridge_control/share/hbridge_control/include/motor_interface/mobile_base_hardware_interface.hpp
-- Up-to-date: /home/pavan/pavan/ugv_ws/install/hbridge_control/share/hbridge_control/hbridge_control_interface.xml
-- Installing: /home/pavan/pavan/ugv_ws/install/hbridge_control/share/hbridge_control/environment/library_path.sh
-- Installing: /home/pavan/pavan/ugv_ws/install/hbridge_control/share/hbridge_control/environment/library_path.dsv
-- Installing: /home/pavan/pavan/ugv_ws/install/hbridge_control/share/ament_index/resource_index/package_run_dependencies/hbridge_control
-- Installing: /home/pavan/pavan/ugv_ws/install/hbridge_control/share/ament_index/resource_index/parent_prefix_path/hbridge_control
-- Installing: /home/pavan/pavan/ugv_ws/install/hbridge_control/share/hbridge_control/environment/ament_prefix_path.sh
-- Installing: /home/pavan/pavan/ugv_ws/install/hbridge_control/share/hbridge_control/environment/ament_prefix_path.dsv
-- Installing: /home/pavan/pavan/ugv_ws/install/hbridge_control/share/hbridge_control/environment/path.sh
-- Installing: /home/pavan/pavan/ugv_ws/install/hbridge_control/share/hbridge_control/environment/path.dsv
-- Installing: /home/pavan/pavan/ugv_ws/install/hbridge_control/share/hbridge_control/local_setup.bash
-- Installing: /home/pavan/pavan/ugv_ws/install/hbridge_control/share/hbridge_control/local_setup.sh
-- Installing: /home/pavan/pavan/ugv_ws/install/hbridge_control/share/hbridge_control/local_setup.zsh
-- Installing: /home/pavan/pavan/ugv_ws/install/hbridge_control/share/hbridge_control/local_setup.dsv
-- Installing: /home/pavan/pavan/ugv_ws/install/hbridge_control/share/hbridge_control/package.dsv
-- Installing: /home/pavan/pavan/ugv_ws/install/hbridge_control/share/ament_index/resource_index/packages/hbridge_control
-- Installing: /home/pavan/pavan/ugv_ws/install/hbridge_control/share/ament_index/resource_index/hardware_interface__pluginlib__plugin/hbridge_control
-- Installing: /home/pavan/pavan/ugv_ws/install/hbridge_control/share/hbridge_control/cmake/ament_cmake_export_libraries-extras.cmake
-- Installing: /home/pavan/pavan/ugv_ws/install/hbridge_control/share/hbridge_control/cmake/ament_cmake_export_dependencies-extras.cmake
-- Installing: /home/pavan/pavan/ugv_ws/install/hbridge_control/share/hbridge_control/cmake/hbridge_controlConfig.cmake
-- Installing: /home/pavan/pavan/ugv_ws/install/hbridge_control/share/hbridge_control/cmake/hbridge_controlConfig-version.cmake
-- Installing: /home/pavan/pavan/ugv_ws/install/hbridge_control/share/hbridge_control/package.xml
