[0.019s] Invoking command in '/home/pavan/pavan/ugv_ws/build/hbridge_control': CMAKE_PREFIX_PATH=${CMAKE_PREFIX_PATH}:/opt/ros/jazzy DEBUGINFOD_URLS=https://debuginfod.ubuntu.com /usr/bin/cmake /home/pavan/pavan/ugv_ws/src/hbridge_control -DCMAKE_INSTALL_PREFIX=/home/pavan/pavan/ugv_ws/install/hbridge_control
[0.585s] -- The C compiler identification is GNU 13.3.0
[1.011s] -- The CXX compiler identification is GNU 13.3.0
[1.052s] -- Detecting C compiler ABI info
[1.265s] -- Detecting C compiler ABI info - done
[1.283s] -- Check for working C compiler: /usr/bin/cc - skipped
[1.284s] -- Detecting C compile features
[1.286s] -- Detecting C compile features - done
[1.304s] -- Detecting CXX compiler ABI info
[1.532s] -- Detecting CXX compiler ABI info - done
[1.547s] -- Check for working CXX compiler: /usr/bin/c++ - skipped
[1.547s] -- Detecting CXX compile features
[1.548s] -- Detecting CXX compile features - done
[1.567s] -- Found ament_cmake: 2.5.4 (/opt/ros/jazzy/share/ament_cmake/cmake)
[1.860s] -- Found Python3: /usr/bin/python3 (found version "3.12.3") found components: Interpreter 
[2.152s] -- Found rclcpp: 28.1.12 (/opt/ros/jazzy/share/rclcpp/cmake)
[2.293s] -- Found rosidl_generator_c: 4.6.6 (/opt/ros/jazzy/share/rosidl_generator_c/cmake)
[2.336s] -- Found rosidl_generator_cpp: 4.6.6 (/opt/ros/jazzy/share/rosidl_generator_cpp/cmake)
[2.391s] -- Using all available rosidl_typesupport_c: rosidl_typesupport_fastrtps_c;rosidl_typesupport_introspection_c
[2.443s] -- Using all available rosidl_typesupport_cpp: rosidl_typesupport_fastrtps_cpp;rosidl_typesupport_introspection_cpp
[2.678s] -- Found rmw_implementation_cmake: 7.3.2 (/opt/ros/jazzy/share/rmw_implementation_cmake/cmake)
[2.694s] -- Found rmw_fastrtps_cpp: 8.4.3 (/opt/ros/jazzy/share/rmw_fastrtps_cpp/cmake)
[2.915s] -- Found OpenSSL: /usr/lib/aarch64-linux-gnu/libcrypto.so (found version "3.0.13")  
[2.951s] -- Found FastRTPS: /opt/ros/jazzy/include (Required is at least version "2.13") 
[2.997s] -- Using RMW implementation 'rmw_fastrtps_cpp' as default
[3.201s] -- Found rclcpp_lifecycle: 28.1.12 (/opt/ros/jazzy/share/rclcpp_lifecycle/cmake)
[3.271s] -- Found pluginlib: 5.4.2 (/opt/ros/jazzy/share/pluginlib/cmake)
[3.330s] -- Found hardware_interface: 4.38.0 (/opt/ros/jazzy/share/hardware_interface/cmake)
[4.482s] -- Configuring done (4.4s)
[4.541s] -- Generating done (0.0s)
[4.550s] -- Build files have been written to: /home/pavan/pavan/ugv_ws/build/hbridge_control
[4.573s] Invoked command in '/home/pavan/pavan/ugv_ws/build/hbridge_control' returned '0': CMAKE_PREFIX_PATH=${CMAKE_PREFIX_PATH}:/opt/ros/jazzy DEBUGINFOD_URLS=https://debuginfod.ubuntu.com /usr/bin/cmake /home/pavan/pavan/ugv_ws/src/hbridge_control -DCMAKE_INSTALL_PREFIX=/home/pavan/pavan/ugv_ws/install/hbridge_control
[4.575s] Invoking command in '/home/pavan/pavan/ugv_ws/build/hbridge_control': CMAKE_PREFIX_PATH=${CMAKE_PREFIX_PATH}:/opt/ros/jazzy DEBUGINFOD_URLS=https://debuginfod.ubuntu.com /usr/bin/cmake --build /home/pavan/pavan/ugv_ws/build/hbridge_control -- -j4 -l4
[4.684s] [ 50%] [32mBuilding CXX object CMakeFiles/hbridge_control.dir/src/mobile_base_hardware_interface.cpp.o[0m
[9.750s] [01m[K/home/pavan/pavan/ugv_ws/src/hbridge_control/src/mobile_base_hardware_interface.cpp:[m[K In member function ‘[01m[Kvirtual mobile_base_hardware::CallbackReturn mobile_base_hardware::MobileBaseHardwareInterface::[01;32m[Kon_init[m[K(const hardware_interface::HardwareInfo&)[m[K’:
[9.750s] [01m[K/home/pavan/pavan/ugv_ws/src/hbridge_control/src/mobile_base_hardware_interface.cpp:17:53:[m[K [01;35m[Kwarning: [m[K‘[01m[Kvirtual rclcpp_lifecycle::node_interfaces::LifecycleNodeInterface::CallbackReturn hardware_interface::HardwareComponentInterface::[01;32m[Kon_init[m[K(const hardware_interface::HardwareInfo&)[m[K’ is deprecated: Use on_init(const HardwareComponentInterfaceParams & params) instead. [[01;35m[K]8;;https://gcc.gnu.org/onlinedocs/gcc/Warning-Options.html#index-Wdeprecated-declarations-Wdeprecated-declarations]8;;[m[K]
[9.750s]    17 |     if ([01;35m[Khardware_interface::SystemInterface::on_init(info)[m[K != CallbackReturn::SUCCESS) {
[9.751s]       |         [01;35m[K~~~~~~~~~~~~~~~~~~~~~~~~~~~~~~~~~~~~~~~~~~~~^~~~~~[m[K
[9.751s] In file included from [01m[K/opt/ros/jazzy/include/hardware_interface/hardware_interface/system_interface.hpp:18[m[K,
[9.751s]                  from [01m[K/home/pavan/pavan/ugv_ws/src/hbridge_control/include/motor_interface/mobile_base_hardware_interface.hpp:3[m[K,
[9.751s]                  from [01m[K/home/pavan/pavan/ugv_ws/src/hbridge_control/src/mobile_base_hardware_interface.cpp:1[m[K:
[9.751s] [01m[K/opt/ros/jazzy/include/hardware_interface/hardware_interface/hardware_component_interface.hpp:226:26:[m[K [01;36m[Knote: [m[Kdeclared here
[9.751s]   226 |   virtual CallbackReturn [01;36m[Kon_init[m[K(const HardwareInfo & hardware_info)
[9.751s]       |                          [01;36m[K^~~~~~~[m[K
[17.153s] [100%] [32m[1mLinking CXX shared library libhbridge_control.so[0m
[17.874s] [100%] Built target hbridge_control
[17.901s] Invoked command in '/home/pavan/pavan/ugv_ws/build/hbridge_control' returned '0': CMAKE_PREFIX_PATH=${CMAKE_PREFIX_PATH}:/opt/ros/jazzy DEBUGINFOD_URLS=https://debuginfod.ubuntu.com /usr/bin/cmake --build /home/pavan/pavan/ugv_ws/build/hbridge_control -- -j4 -l4
[17.903s] Invoking command in '/home/pavan/pavan/ugv_ws/build/hbridge_control': CMAKE_PREFIX_PATH=${CMAKE_PREFIX_PATH}:/opt/ros/jazzy DEBUGINFOD_URLS=https://debuginfod.ubuntu.com /usr/bin/cmake --install /home/pavan/pavan/ugv_ws/build/hbridge_control
[17.919s] -- Install configuration: ""
[17.919s] -- Installing: /home/pavan/pavan/ugv_ws/install/hbridge_control/share/hbridge_control/hbridge_control_interface.xml
[17.919s] -- Installing: /home/pavan/pavan/ugv_ws/install/hbridge_control/lib/hbridge_control/libhbridge_control.so
[17.924s] -- Set non-toolchain portion of runtime path of "/home/pavan/pavan/ugv_ws/install/hbridge_control/lib/hbridge_control/libhbridge_control.so" to ""
[17.924s] -- Installing: /home/pavan/pavan/ugv_ws/install/hbridge_control/share/hbridge_control/motor_interface
[17.924s] -- Installing: /home/pavan/pavan/ugv_ws/install/hbridge_control/share/hbridge_control/motor_interface/mobile_base_hardware_interface.hpp
[17.924s] -- Installing: /home/pavan/pavan/ugv_ws/install/hbridge_control/share/hbridge_control/include
[17.924s] -- Installing: /home/pavan/pavan/ugv_ws/install/hbridge_control/share/hbridge_control/include/motor_interface
[17.924s] -- Installing: /home/pavan/pavan/ugv_ws/install/hbridge_control/share/hbridge_control/include/motor_interface/mobile_base_hardware_interface.hpp
[17.924s] -- Up-to-date: /home/pavan/pavan/ugv_ws/install/hbridge_control/share/hbridge_control/hbridge_control_interface.xml
[17.924s] -- Installing: /home/pavan/pavan/ugv_ws/install/hbridge_control/share/hbridge_control/environment/library_path.sh
[17.925s] -- Installing: /home/pavan/pavan/ugv_ws/install/hbridge_control/share/hbridge_control/environment/library_path.dsv
[17.925s] -- Installing: /home/pavan/pavan/ugv_ws/install/hbridge_control/share/ament_index/resource_index/package_run_dependencies/hbridge_control
[17.925s] -- Installing: /home/pavan/pavan/ugv_ws/install/hbridge_control/share/ament_index/resource_index/parent_prefix_path/hbridge_control
[17.925s] -- Installing: /home/pavan/pavan/ugv_ws/install/hbridge_control/share/hbridge_control/environment/ament_prefix_path.sh
[17.925s] -- Installing: /home/pavan/pavan/ugv_ws/install/hbridge_control/share/hbridge_control/environment/ament_prefix_path.dsv
[17.926s] -- Installing: /home/pavan/pavan/ugv_ws/install/hbridge_control/share/hbridge_control/environment/path.sh
[17.926s] -- Installing: /home/pavan/pavan/ugv_ws/install/hbridge_control/share/hbridge_control/environment/path.dsv
[17.926s] -- Installing: /home/pavan/pavan/ugv_ws/install/hbridge_control/share/hbridge_control/local_setup.bash
[17.926s] -- Installing: /home/pavan/pavan/ugv_ws/install/hbridge_control/share/hbridge_control/local_setup.sh
[17.926s] -- Installing: /home/pavan/pavan/ugv_ws/install/hbridge_control/share/hbridge_control/local_setup.zsh
[17.926s] -- Installing: /home/pavan/pavan/ugv_ws/install/hbridge_control/share/hbridge_control/local_setup.dsv
[17.927s] -- Installing: /home/pavan/pavan/ugv_ws/install/hbridge_control/share/hbridge_control/package.dsv
[17.927s] -- Installing: /home/pavan/pavan/ugv_ws/install/hbridge_control/share/ament_index/resource_index/packages/hbridge_control
[17.927s] -- Installing: /home/pavan/pavan/ugv_ws/install/hbridge_control/share/ament_index/resource_index/hardware_interface__pluginlib__plugin/hbridge_control
[17.927s] -- Installing: /home/pavan/pavan/ugv_ws/install/hbridge_control/share/hbridge_control/cmake/ament_cmake_export_libraries-extras.cmake
[17.927s] -- Installing: /home/pavan/pavan/ugv_ws/install/hbridge_control/share/hbridge_control/cmake/ament_cmake_export_dependencies-extras.cmake
[17.928s] -- Installing: /home/pavan/pavan/ugv_ws/install/hbridge_control/share/hbridge_control/cmake/hbridge_controlConfig.cmake
[17.928s] -- Installing: /home/pavan/pavan/ugv_ws/install/hbridge_control/share/hbridge_control/cmake/hbridge_controlConfig-version.cmake
[17.928s] -- Installing: /home/pavan/pavan/ugv_ws/install/hbridge_control/share/hbridge_control/package.xml
[17.932s] Invoked command in '/home/pavan/pavan/ugv_ws/build/hbridge_control' returned '0': CMAKE_PREFIX_PATH=${CMAKE_PREFIX_PATH}:/opt/ros/jazzy DEBUGINFOD_URLS=https://debuginfod.ubuntu.com /usr/bin/cmake --install /home/pavan/pavan/ugv_ws/build/hbridge_control
