[0.012s] Invoking command in '/home/pavan/pavan/ugv_ws/build/my_robot_bringup': CMAKE_PREFIX_PATH=/home/pavan/pavan/ugv_ws/install/my_robot_description:/home/pavan/pavan/ugv_ws/install/my_robot_bringup:/home/pavan/pavan/ugv_ws/install/hbridge_control:/home/pavan/ws_lidar/install/sllidar_ros2:/opt/ros/jazzy/opt/gz_sim_vendor:/opt/ros/jazzy/opt/gz_sensors_vendor:/opt/ros/jazzy/opt/gz_physics_vendor:/opt/ros/jazzy/opt/sdformat_vendor:/opt/ros/jazzy/opt/gz_gui_vendor:/opt/ros/jazzy/opt/gz_transport_vendor:/opt/ros/jazzy/opt/gz_rendering_vendor:/opt/ros/jazzy/opt/gz_plugin_vendor:/opt/ros/jazzy/opt/gz_fuel_tools_vendor:/opt/ros/jazzy/opt/gz_msgs_vendor:/opt/ros/jazzy/opt/gz_common_vendor:/opt/ros/jazzy/opt/gz_math_vendor:/opt/ros/jazzy/opt/gz_utils_vendor:/opt/ros/jazzy/opt/gz_tools_vendor:/opt/ros/jazzy/opt/gz_ogre_next_vendor:/opt/ros/jazzy/opt/gz_dartsim_vendor:/opt/ros/jazzy/opt/gz_cmake_vendor:/opt/ros/jazzy DEBUGINFOD_URLS=https://debuginfod.ubuntu.com /usr/bin/cmake /home/pavan/pavan/ugv_ws/src/my_robot_bringup -DCMAKE_INSTALL_PREFIX=/home/pavan/pavan/ugv_ws/install/my_robot_bringup
[0.138s] -- The C compiler identification is GNU 13.3.0
[0.243s] -- The CXX compiler identification is GNU 13.3.0
[0.275s] -- Detecting C compiler ABI info
[0.458s] -- Detecting C compiler ABI info - done
[0.477s] -- Check for working C compiler: /usr/bin/cc - skipped
[0.477s] -- Detecting C compile features
[0.478s] -- Detecting C compile features - done
[0.496s] -- Detecting CXX compiler ABI info
[0.709s] -- Detecting CXX compiler ABI info - done
[0.724s] -- Check for working CXX compiler: /usr/bin/c++ - skipped
[0.724s] -- Detecting CXX compile features
[0.725s] -- Detecting CXX compile features - done
[0.732s] -- Found ament_cmake: 2.5.4 (/opt/ros/jazzy/share/ament_cmake/cmake)
[0.995s] -- Found Python3: /usr/bin/python3 (found version "3.12.3") found components: Interpreter 
[1.405s] -- Configuring done (1.4s)
[1.409s] -- Generating done (0.0s)
[1.411s] -- Build files have been written to: /home/pavan/pavan/ugv_ws/build/my_robot_bringup
[1.420s] Invoked command in '/home/pavan/pavan/ugv_ws/build/my_robot_bringup' returned '0': CMAKE_PREFIX_PATH=/home/pavan/pavan/ugv_ws/install/my_robot_description:/home/pavan/pavan/ugv_ws/install/my_robot_bringup:/home/pavan/pavan/ugv_ws/install/hbridge_control:/home/pavan/ws_lidar/install/sllidar_ros2:/opt/ros/jazzy/opt/gz_sim_vendor:/opt/ros/jazzy/opt/gz_sensors_vendor:/opt/ros/jazzy/opt/gz_physics_vendor:/opt/ros/jazzy/opt/sdformat_vendor:/opt/ros/jazzy/opt/gz_gui_vendor:/opt/ros/jazzy/opt/gz_transport_vendor:/opt/ros/jazzy/opt/gz_rendering_vendor:/opt/ros/jazzy/opt/gz_plugin_vendor:/opt/ros/jazzy/opt/gz_fuel_tools_vendor:/opt/ros/jazzy/opt/gz_msgs_vendor:/opt/ros/jazzy/opt/gz_common_vendor:/opt/ros/jazzy/opt/gz_math_vendor:/opt/ros/jazzy/opt/gz_utils_vendor:/opt/ros/jazzy/opt/gz_tools_vendor:/opt/ros/jazzy/opt/gz_ogre_next_vendor:/opt/ros/jazzy/opt/gz_dartsim_vendor:/opt/ros/jazzy/opt/gz_cmake_vendor:/opt/ros/jazzy DEBUGINFOD_URLS=https://debuginfod.ubuntu.com /usr/bin/cmake /home/pavan/pavan/ugv_ws/src/my_robot_bringup -DCMAKE_INSTALL_PREFIX=/home/pavan/pavan/ugv_ws/install/my_robot_bringup
[1.422s] Invoking command in '/home/pavan/pavan/ugv_ws/build/my_robot_bringup': CMAKE_PREFIX_PATH=/home/pavan/pavan/ugv_ws/install/my_robot_description:/home/pavan/pavan/ugv_ws/install/my_robot_bringup:/home/pavan/pavan/ugv_ws/install/hbridge_control:/home/pavan/ws_lidar/install/sllidar_ros2:/opt/ros/jazzy/opt/gz_sim_vendor:/opt/ros/jazzy/opt/gz_sensors_vendor:/opt/ros/jazzy/opt/gz_physics_vendor:/opt/ros/jazzy/opt/sdformat_vendor:/opt/ros/jazzy/opt/gz_gui_vendor:/opt/ros/jazzy/opt/gz_transport_vendor:/opt/ros/jazzy/opt/gz_rendering_vendor:/opt/ros/jazzy/opt/gz_plugin_vendor:/opt/ros/jazzy/opt/gz_fuel_tools_vendor:/opt/ros/jazzy/opt/gz_msgs_vendor:/opt/ros/jazzy/opt/gz_common_vendor:/opt/ros/jazzy/opt/gz_math_vendor:/opt/ros/jazzy/opt/gz_utils_vendor:/opt/ros/jazzy/opt/gz_tools_vendor:/opt/ros/jazzy/opt/gz_ogre_next_vendor:/opt/ros/jazzy/opt/gz_dartsim_vendor:/opt/ros/jazzy/opt/gz_cmake_vendor:/opt/ros/jazzy DEBUGINFOD_URLS=https://debuginfod.ubuntu.com /usr/bin/cmake --build /home/pavan/pavan/ugv_ws/build/my_robot_bringup -- -j4 -l4
[1.512s] Invoked command in '/home/pavan/pavan/ugv_ws/build/my_robot_bringup' returned '0': CMAKE_PREFIX_PATH=/home/pavan/pavan/ugv_ws/install/my_robot_description:/home/pavan/pavan/ugv_ws/install/my_robot_bringup:/home/pavan/pavan/ugv_ws/install/hbridge_control:/home/pavan/ws_lidar/install/sllidar_ros2:/opt/ros/jazzy/opt/gz_sim_vendor:/opt/ros/jazzy/opt/gz_sensors_vendor:/opt/ros/jazzy/opt/gz_physics_vendor:/opt/ros/jazzy/opt/sdformat_vendor:/opt/ros/jazzy/opt/gz_gui_vendor:/opt/ros/jazzy/opt/gz_transport_vendor:/opt/ros/jazzy/opt/gz_rendering_vendor:/opt/ros/jazzy/opt/gz_plugin_vendor:/opt/ros/jazzy/opt/gz_fuel_tools_vendor:/opt/ros/jazzy/opt/gz_msgs_vendor:/opt/ros/jazzy/opt/gz_common_vendor:/opt/ros/jazzy/opt/gz_math_vendor:/opt/ros/jazzy/opt/gz_utils_vendor:/opt/ros/jazzy/opt/gz_tools_vendor:/opt/ros/jazzy/opt/gz_ogre_next_vendor:/opt/ros/jazzy/opt/gz_dartsim_vendor:/opt/ros/jazzy/opt/gz_cmake_vendor:/opt/ros/jazzy DEBUGINFOD_URLS=https://debuginfod.ubuntu.com /usr/bin/cmake --build /home/pavan/pavan/ugv_ws/build/my_robot_bringup -- -j4 -l4
[1.514s] Invoking command in '/home/pavan/pavan/ugv_ws/build/my_robot_bringup': CMAKE_PREFIX_PATH=/home/pavan/pavan/ugv_ws/install/my_robot_description:/home/pavan/pavan/ugv_ws/install/my_robot_bringup:/home/pavan/pavan/ugv_ws/install/hbridge_control:/home/pavan/ws_lidar/install/sllidar_ros2:/opt/ros/jazzy/opt/gz_sim_vendor:/opt/ros/jazzy/opt/gz_sensors_vendor:/opt/ros/jazzy/opt/gz_physics_vendor:/opt/ros/jazzy/opt/sdformat_vendor:/opt/ros/jazzy/opt/gz_gui_vendor:/opt/ros/jazzy/opt/gz_transport_vendor:/opt/ros/jazzy/opt/gz_rendering_vendor:/opt/ros/jazzy/opt/gz_plugin_vendor:/opt/ros/jazzy/opt/gz_fuel_tools_vendor:/opt/ros/jazzy/opt/gz_msgs_vendor:/opt/ros/jazzy/opt/gz_common_vendor:/opt/ros/jazzy/opt/gz_math_vendor:/opt/ros/jazzy/opt/gz_utils_vendor:/opt/ros/jazzy/opt/gz_tools_vendor:/opt/ros/jazzy/opt/gz_ogre_next_vendor:/opt/ros/jazzy/opt/gz_dartsim_vendor:/opt/ros/jazzy/opt/gz_cmake_vendor:/opt/ros/jazzy DEBUGINFOD_URLS=https://debuginfod.ubuntu.com /usr/bin/cmake --install /home/pavan/pavan/ugv_ws/build/my_robot_bringup
[1.531s] -- Install configuration: ""
[1.531s] -- Installing: /home/pavan/pavan/ugv_ws/install/my_robot_bringup/share/my_robot_bringup//config
[1.531s] -- Installing: /home/pavan/pavan/ugv_ws/install/my_robot_bringup/share/my_robot_bringup//config/my_robot_controllers.yaml
[1.531s] -- Installing: /home/pavan/pavan/ugv_ws/install/my_robot_bringup/share/my_robot_bringup//launch
[1.531s] -- Installing: /home/pavan/pavan/ugv_ws/install/my_robot_bringup/share/my_robot_bringup//launch/my_robot.launch.xml
[1.532s] -- Installing: /home/pavan/pavan/ugv_ws/install/my_robot_bringup/share/ament_index/resource_index/package_run_dependencies/my_robot_bringup
[1.532s] -- Installing: /home/pavan/pavan/ugv_ws/install/my_robot_bringup/share/ament_index/resource_index/parent_prefix_path/my_robot_bringup
[1.532s] -- Installing: /home/pavan/pavan/ugv_ws/install/my_robot_bringup/share/my_robot_bringup/environment/ament_prefix_path.sh
[1.532s] -- Installing: /home/pavan/pavan/ugv_ws/install/my_robot_bringup/share/my_robot_bringup/environment/ament_prefix_path.dsv
[1.532s] -- Installing: /home/pavan/pavan/ugv_ws/install/my_robot_bringup/share/my_robot_bringup/environment/path.sh
[1.533s] -- Installing: /home/pavan/pavan/ugv_ws/install/my_robot_bringup/share/my_robot_bringup/environment/path.dsv
[1.533s] -- Installing: /home/pavan/pavan/ugv_ws/install/my_robot_bringup/share/my_robot_bringup/local_setup.bash
[1.533s] -- Installing: /home/pavan/pavan/ugv_ws/install/my_robot_bringup/share/my_robot_bringup/local_setup.sh
[1.533s] -- Installing: /home/pavan/pavan/ugv_ws/install/my_robot_bringup/share/my_robot_bringup/local_setup.zsh
[1.534s] -- Installing: /home/pavan/pavan/ugv_ws/install/my_robot_bringup/share/my_robot_bringup/local_setup.dsv
[1.534s] -- Installing: /home/pavan/pavan/ugv_ws/install/my_robot_bringup/share/my_robot_bringup/package.dsv
[1.534s] -- Installing: /home/pavan/pavan/ugv_ws/install/my_robot_bringup/share/ament_index/resource_index/packages/my_robot_bringup
[1.534s] -- Installing: /home/pavan/pavan/ugv_ws/install/my_robot_bringup/share/my_robot_bringup/cmake/my_robot_bringupConfig.cmake
[1.534s] -- Installing: /home/pavan/pavan/ugv_ws/install/my_robot_bringup/share/my_robot_bringup/cmake/my_robot_bringupConfig-version.cmake
[1.535s] -- Installing: /home/pavan/pavan/ugv_ws/install/my_robot_bringup/share/my_robot_bringup/package.xml
[1.538s] Invoked command in '/home/pavan/pavan/ugv_ws/build/my_robot_bringup' returned '0': CMAKE_PREFIX_PATH=/home/pavan/pavan/ugv_ws/install/my_robot_description:/home/pavan/pavan/ugv_ws/install/my_robot_bringup:/home/pavan/pavan/ugv_ws/install/hbridge_control:/home/pavan/ws_lidar/install/sllidar_ros2:/opt/ros/jazzy/opt/gz_sim_vendor:/opt/ros/jazzy/opt/gz_sensors_vendor:/opt/ros/jazzy/opt/gz_physics_vendor:/opt/ros/jazzy/opt/sdformat_vendor:/opt/ros/jazzy/opt/gz_gui_vendor:/opt/ros/jazzy/opt/gz_transport_vendor:/opt/ros/jazzy/opt/gz_rendering_vendor:/opt/ros/jazzy/opt/gz_plugin_vendor:/opt/ros/jazzy/opt/gz_fuel_tools_vendor:/opt/ros/jazzy/opt/gz_msgs_vendor:/opt/ros/jazzy/opt/gz_common_vendor:/opt/ros/jazzy/opt/gz_math_vendor:/opt/ros/jazzy/opt/gz_utils_vendor:/opt/ros/jazzy/opt/gz_tools_vendor:/opt/ros/jazzy/opt/gz_ogre_next_vendor:/opt/ros/jazzy/opt/gz_dartsim_vendor:/opt/ros/jazzy/opt/gz_cmake_vendor:/opt/ros/jazzy DEBUGINFOD_URLS=https://debuginfod.ubuntu.com /usr/bin/cmake --install /home/pavan/pavan/ugv_ws/build/my_robot_bringup
