[0.041s] Invoking command in '/home/pavan/pavan/ugv_ws/build/my_robot_description': CMAKE_PREFIX_PATH=${CMAKE_PREFIX_PATH}:/opt/ros/jazzy DEBUGINFOD_URLS=https://debuginfod.ubuntu.com /usr/bin/cmake /home/pavan/pavan/ugv_ws/src/my_robot_description -DCMAKE_INSTALL_PREFIX=/home/pavan/pavan/ugv_ws/install/my_robot_description
[0.613s] -- The C compiler identification is GNU 13.3.0
[1.039s] -- The CXX compiler identification is GNU 13.3.0
[1.080s] -- Detecting C compiler ABI info
[1.298s] -- Detecting C compiler ABI info - done
[1.317s] -- Check for working C compiler: /usr/bin/cc - skipped
[1.317s] -- Detecting C compile features
[1.317s] -- Detecting C compile features - done
[1.333s] -- Detecting CXX compiler ABI info
[1.560s] -- Detecting CXX compiler ABI info - done
[1.575s] -- Check for working CXX compiler: /usr/bin/c++ - skipped
[1.576s] -- Detecting CXX compile features
[1.577s] -- Detecting CXX compile features - done
[1.595s] -- Found ament_cmake: 2.5.4 (/opt/ros/jazzy/share/ament_cmake/cmake)
[1.888s] -- Found Python3: /usr/bin/python3 (found version "3.12.3") found components: Interpreter 
[2.349s] -- Configuring done (2.3s)
[2.353s] -- Generating done (0.0s)
[2.356s] -- Build files have been written to: /home/pavan/pavan/ugv_ws/build/my_robot_description
[2.365s] Invoked command in '/home/pavan/pavan/ugv_ws/build/my_robot_description' returned '0': CMAKE_PREFIX_PATH=${CMAKE_PREFIX_PATH}:/opt/ros/jazzy DEBUGINFOD_URLS=https://debuginfod.ubuntu.com /usr/bin/cmake /home/pavan/pavan/ugv_ws/src/my_robot_description -DCMAKE_INSTALL_PREFIX=/home/pavan/pavan/ugv_ws/install/my_robot_description
[2.368s] Invoking command in '/home/pavan/pavan/ugv_ws/build/my_robot_description': CMAKE_PREFIX_PATH=${CMAKE_PREFIX_PATH}:/opt/ros/jazzy DEBUGINFOD_URLS=https://debuginfod.ubuntu.com /usr/bin/cmake --build /home/pavan/pavan/ugv_ws/build/my_robot_description -- -j4 -l4
[2.452s] Invoked command in '/home/pavan/pavan/ugv_ws/build/my_robot_description' returned '0': CMAKE_PREFIX_PATH=${CMAKE_PREFIX_PATH}:/opt/ros/jazzy DEBUGINFOD_URLS=https://debuginfod.ubuntu.com /usr/bin/cmake --build /home/pavan/pavan/ugv_ws/build/my_robot_description -- -j4 -l4
[2.473s] Invoking command in '/home/pavan/pavan/ugv_ws/build/my_robot_description': CMAKE_PREFIX_PATH=${CMAKE_PREFIX_PATH}:/opt/ros/jazzy DEBUGINFOD_URLS=https://debuginfod.ubuntu.com /usr/bin/cmake --install /home/pavan/pavan/ugv_ws/build/my_robot_description
[2.488s] -- Install configuration: ""
[2.488s] -- Installing: /home/pavan/pavan/ugv_ws/install/my_robot_description/share/my_robot_description//urdf
[2.489s] -- Installing: /home/pavan/pavan/ugv_ws/install/my_robot_description/share/my_robot_description//urdf/mobile_base.ros2_control.xacro
[2.489s] -- Installing: /home/pavan/pavan/ugv_ws/install/my_robot_description/share/my_robot_description//urdf/common_properties.xacro
[2.489s] -- Installing: /home/pavan/pavan/ugv_ws/install/my_robot_description/share/my_robot_description//urdf/my_robot.urdf.xacro
[2.489s] -- Installing: /home/pavan/pavan/ugv_ws/install/my_robot_description/share/my_robot_description//urdf/mobile_base.xacro
[2.489s] -- Installing: /home/pavan/pavan/ugv_ws/install/my_robot_description/share/my_robot_description//launch
[2.489s] -- Installing: /home/pavan/pavan/ugv_ws/install/my_robot_description/share/my_robot_description//launch/display.launch.xml
[2.490s] -- Installing: /home/pavan/pavan/ugv_ws/install/my_robot_description/share/my_robot_description//launch/display.launch.py
[2.490s] -- Installing: /home/pavan/pavan/ugv_ws/install/my_robot_description/share/my_robot_description//rviz
[2.490s] -- Installing: /home/pavan/pavan/ugv_ws/install/my_robot_description/share/my_robot_description//rviz/urdf_config.rviz
[2.491s] -- Installing: /home/pavan/pavan/ugv_ws/install/my_robot_description/share/ament_index/resource_index/package_run_dependencies/my_robot_description
[2.491s] -- Installing: /home/pavan/pavan/ugv_ws/install/my_robot_description/share/ament_index/resource_index/parent_prefix_path/my_robot_description
[2.492s] -- Installing: /home/pavan/pavan/ugv_ws/install/my_robot_description/share/my_robot_description/environment/ament_prefix_path.sh
[2.492s] -- Installing: /home/pavan/pavan/ugv_ws/install/my_robot_description/share/my_robot_description/environment/ament_prefix_path.dsv
[2.492s] -- Installing: /home/pavan/pavan/ugv_ws/install/my_robot_description/share/my_robot_description/environment/path.sh
[2.492s] -- Installing: /home/pavan/pavan/ugv_ws/install/my_robot_description/share/my_robot_description/environment/path.dsv
[2.492s] -- Installing: /home/pavan/pavan/ugv_ws/install/my_robot_description/share/my_robot_description/local_setup.bash
[2.492s] -- Installing: /home/pavan/pavan/ugv_ws/install/my_robot_description/share/my_robot_description/local_setup.sh
[2.493s] -- Installing: /home/pavan/pavan/ugv_ws/install/my_robot_description/share/my_robot_description/local_setup.zsh
[2.493s] -- Installing: /home/pavan/pavan/ugv_ws/install/my_robot_description/share/my_robot_description/local_setup.dsv
[2.493s] -- Installing: /home/pavan/pavan/ugv_ws/install/my_robot_description/share/my_robot_description/package.dsv
[2.493s] -- Installing: /home/pavan/pavan/ugv_ws/install/my_robot_description/share/ament_index/resource_index/packages/my_robot_description
[2.493s] -- Installing: /home/pavan/pavan/ugv_ws/install/my_robot_description/share/my_robot_description/cmake/my_robot_descriptionConfig.cmake
[2.494s] -- Installing: /home/pavan/pavan/ugv_ws/install/my_robot_description/share/my_robot_description/cmake/my_robot_descriptionConfig-version.cmake
[2.494s] -- Installing: /home/pavan/pavan/ugv_ws/install/my_robot_description/share/my_robot_description/package.xml
[2.498s] Invoked command in '/home/pavan/pavan/ugv_ws/build/my_robot_description' returned '0': CMAKE_PREFIX_PATH=${CMAKE_PREFIX_PATH}:/opt/ros/jazzy DEBUGINFOD_URLS=https://debuginfod.ubuntu.com /usr/bin/cmake --install /home/pavan/pavan/ugv_ws/build/my_robot_description
