[0.139s] DEBUG:colcon:Command line arguments: ['/usr/bin/colcon', 'build']
[0.139s] DEBUG:colcon:Parsed command line arguments: Namespace(log_base=None, log_level=None, verb_name='build', build_base='build', install_base='install', merge_install=False, symlink_install=False, test_result_base=None, continue_on_error=False, executor='parallel', parallel_workers=4, event_handlers=None, ignore_user_meta=False, metas=['./colcon.meta'], base_paths=['.'], packages_ignore=None, packages_ignore_regex=None, paths=None, packages_up_to=None, packages_up_to_regex=None, packages_above=None, packages_above_and_dependencies=None, packages_above_depth=None, packages_select_by_dep=None, packages_skip_by_dep=None, packages_skip_up_to=None, packages_select_build_failed=False, packages_skip_build_finished=False, packages_select_test_failures=False, packages_skip_test_passed=False, packages_select=None, packages_skip=None, packages_select_regex=None, packages_skip_regex=None, packages_start=None, packages_end=None, cmake_args=None, cmake_target=None, cmake_target_skip_unavailable=False, cmake_clean_cache=False, cmake_clean_first=False, cmake_force_configure=False, ament_cmake_args=None, catkin_cmake_args=None, catkin_skip_building_tests=False, verb_parser=<colcon_defaults.argument_parser.defaults.DefaultArgumentsDecorator object at 0xffff7ffa8d70>, verb_extension=<colcon_core.verb.build.BuildVerb object at 0xffff80194ec0>, main=<bound method BuildVerb.main of <colcon_core.verb.build.BuildVerb object at 0xffff80194ec0>>)
[0.196s] Level 1:colcon.colcon_core.package_discovery:discover_packages(colcon_meta) check parameters
[0.196s] Level 1:colcon.colcon_core.package_discovery:discover_packages(recursive) check parameters
[0.196s] Level 1:colcon.colcon_core.package_discovery:discover_packages(ignore) check parameters
[0.196s] Level 1:colcon.colcon_core.package_discovery:discover_packages(path) check parameters
[0.196s] Level 1:colcon.colcon_core.package_discovery:discover_packages(colcon_meta) discover
[0.197s] Level 1:colcon.colcon_core.package_discovery:discover_packages(recursive) discover
[0.197s] INFO:colcon.colcon_core.package_discovery:Crawling recursively for packages in '/home/pavan/pavan/ugv_ws'
[0.197s] Level 1:colcon.colcon_core.package_identification:_identify(.) by extensions ['ignore', 'ignore_ament_install']
[0.197s] Level 1:colcon.colcon_core.package_identification:_identify(.) by extension 'ignore'
[0.197s] Level 1:colcon.colcon_core.package_identification:_identify(.) by extension 'ignore_ament_install'
[0.197s] Level 1:colcon.colcon_core.package_identification:_identify(.) by extensions ['colcon_pkg']
[0.197s] Level 1:colcon.colcon_core.package_identification:_identify(.) by extension 'colcon_pkg'
[0.197s] Level 1:colcon.colcon_core.package_identification:_identify(.) by extensions ['colcon_meta']
[0.197s] Level 1:colcon.colcon_core.package_identification:_identify(.) by extension 'colcon_meta'
[0.197s] Level 1:colcon.colcon_core.package_identification:_identify(.) by extensions ['ros']
[0.197s] Level 1:colcon.colcon_core.package_identification:_identify(.) by extension 'ros'
[0.233s] Level 1:colcon.colcon_core.package_identification:_identify(.) by extensions ['cmake', 'python']
[0.233s] Level 1:colcon.colcon_core.package_identification:_identify(.) by extension 'cmake'
[0.233s] Level 1:colcon.colcon_core.package_identification:_identify(.) by extension 'python'
[0.233s] Level 1:colcon.colcon_core.package_identification:_identify(.) by extensions ['python_setup_py']
[0.233s] Level 1:colcon.colcon_core.package_identification:_identify(.) by extension 'python_setup_py'
[0.233s] Level 1:colcon.colcon_core.package_identification:_identify(build) by extensions ['ignore', 'ignore_ament_install']
[0.233s] Level 1:colcon.colcon_core.package_identification:_identify(build) by extension 'ignore'
[0.234s] Level 1:colcon.colcon_core.package_identification:_identify(build) ignored
[0.234s] Level 1:colcon.colcon_core.package_identification:_identify(install) by extensions ['ignore', 'ignore_ament_install']
[0.234s] Level 1:colcon.colcon_core.package_identification:_identify(install) by extension 'ignore'
[0.234s] Level 1:colcon.colcon_core.package_identification:_identify(install) ignored
[0.234s] Level 1:colcon.colcon_core.package_identification:_identify(log) by extensions ['ignore', 'ignore_ament_install']
[0.234s] Level 1:colcon.colcon_core.package_identification:_identify(log) by extension 'ignore'
[0.234s] Level 1:colcon.colcon_core.package_identification:_identify(log) ignored
[0.234s] Level 1:colcon.colcon_core.package_identification:_identify(src) by extensions ['ignore', 'ignore_ament_install']
[0.234s] Level 1:colcon.colcon_core.package_identification:_identify(src) by extension 'ignore'
[0.234s] Level 1:colcon.colcon_core.package_identification:_identify(src) by extension 'ignore_ament_install'
[0.234s] Level 1:colcon.colcon_core.package_identification:_identify(src) by extensions ['colcon_pkg']
[0.234s] Level 1:colcon.colcon_core.package_identification:_identify(src) by extension 'colcon_pkg'
[0.234s] Level 1:colcon.colcon_core.package_identification:_identify(src) by extensions ['colcon_meta']
[0.235s] Level 1:colcon.colcon_core.package_identification:_identify(src) by extension 'colcon_meta'
[0.235s] Level 1:colcon.colcon_core.package_identification:_identify(src) by extensions ['ros']
[0.235s] Level 1:colcon.colcon_core.package_identification:_identify(src) by extension 'ros'
[0.235s] Level 1:colcon.colcon_core.package_identification:_identify(src) by extensions ['cmake', 'python']
[0.235s] Level 1:colcon.colcon_core.package_identification:_identify(src) by extension 'cmake'
[0.235s] Level 1:colcon.colcon_core.package_identification:_identify(src) by extension 'python'
[0.235s] Level 1:colcon.colcon_core.package_identification:_identify(src) by extensions ['python_setup_py']
[0.235s] Level 1:colcon.colcon_core.package_identification:_identify(src) by extension 'python_setup_py'
[0.235s] Level 1:colcon.colcon_core.package_identification:_identify(src/hbridge_control) by extensions ['ignore', 'ignore_ament_install']
[0.235s] Level 1:colcon.colcon_core.package_identification:_identify(src/hbridge_control) by extension 'ignore'
[0.235s] Level 1:colcon.colcon_core.package_identification:_identify(src/hbridge_control) by extension 'ignore_ament_install'
[0.235s] Level 1:colcon.colcon_core.package_identification:_identify(src/hbridge_control) by extensions ['colcon_pkg']
[0.235s] Level 1:colcon.colcon_core.package_identification:_identify(src/hbridge_control) by extension 'colcon_pkg'
[0.235s] Level 1:colcon.colcon_core.package_identification:_identify(src/hbridge_control) by extensions ['colcon_meta']
[0.235s] Level 1:colcon.colcon_core.package_identification:_identify(src/hbridge_control) by extension 'colcon_meta'
[0.235s] Level 1:colcon.colcon_core.package_identification:_identify(src/hbridge_control) by extensions ['ros']
[0.235s] Level 1:colcon.colcon_core.package_identification:_identify(src/hbridge_control) by extension 'ros'
[0.239s] DEBUG:colcon.colcon_core.package_identification:Package 'src/hbridge_control' with type 'ros.ament_cmake' and name 'hbridge_control'
[0.239s] Level 1:colcon.colcon_core.package_identification:_identify(src/my_robot_bringup) by extensions ['ignore', 'ignore_ament_install']
[0.239s] Level 1:colcon.colcon_core.package_identification:_identify(src/my_robot_bringup) by extension 'ignore'
[0.239s] Level 1:colcon.colcon_core.package_identification:_identify(src/my_robot_bringup) by extension 'ignore_ament_install'
[0.239s] Level 1:colcon.colcon_core.package_identification:_identify(src/my_robot_bringup) by extensions ['colcon_pkg']
[0.239s] Level 1:colcon.colcon_core.package_identification:_identify(src/my_robot_bringup) by extension 'colcon_pkg'
[0.239s] Level 1:colcon.colcon_core.package_identification:_identify(src/my_robot_bringup) by extensions ['colcon_meta']
[0.239s] Level 1:colcon.colcon_core.package_identification:_identify(src/my_robot_bringup) by extension 'colcon_meta'
[0.239s] Level 1:colcon.colcon_core.package_identification:_identify(src/my_robot_bringup) by extensions ['ros']
[0.239s] Level 1:colcon.colcon_core.package_identification:_identify(src/my_robot_bringup) by extension 'ros'
[0.240s] DEBUG:colcon.colcon_core.package_identification:Package 'src/my_robot_bringup' with type 'ros.ament_cmake' and name 'my_robot_bringup'
[0.240s] Level 1:colcon.colcon_core.package_identification:_identify(src/my_robot_description) by extensions ['ignore', 'ignore_ament_install']
[0.240s] Level 1:colcon.colcon_core.package_identification:_identify(src/my_robot_description) by extension 'ignore'
[0.240s] Level 1:colcon.colcon_core.package_identification:_identify(src/my_robot_description) by extension 'ignore_ament_install'
[0.240s] Level 1:colcon.colcon_core.package_identification:_identify(src/my_robot_description) by extensions ['colcon_pkg']
[0.240s] Level 1:colcon.colcon_core.package_identification:_identify(src/my_robot_description) by extension 'colcon_pkg'
[0.240s] Level 1:colcon.colcon_core.package_identification:_identify(src/my_robot_description) by extensions ['colcon_meta']
[0.240s] Level 1:colcon.colcon_core.package_identification:_identify(src/my_robot_description) by extension 'colcon_meta'
[0.240s] Level 1:colcon.colcon_core.package_identification:_identify(src/my_robot_description) by extensions ['ros']
[0.240s] Level 1:colcon.colcon_core.package_identification:_identify(src/my_robot_description) by extension 'ros'
[0.241s] DEBUG:colcon.colcon_core.package_identification:Package 'src/my_robot_description' with type 'ros.ament_cmake' and name 'my_robot_description'
[0.241s] Level 1:colcon.colcon_core.package_discovery:discover_packages(recursive) using defaults
[0.241s] Level 1:colcon.colcon_core.package_discovery:discover_packages(ignore) discover
[0.241s] Level 1:colcon.colcon_core.package_discovery:discover_packages(ignore) using defaults
[0.241s] Level 1:colcon.colcon_core.package_discovery:discover_packages(path) discover
[0.241s] Level 1:colcon.colcon_core.package_discovery:discover_packages(path) using defaults
[0.267s] Level 5:colcon.colcon_core.verb:set package 'hbridge_control' build argument 'cmake_args' from command line to 'None'
[0.267s] Level 5:colcon.colcon_core.verb:set package 'hbridge_control' build argument 'cmake_target' from command line to 'None'
[0.267s] Level 5:colcon.colcon_core.verb:set package 'hbridge_control' build argument 'cmake_target_skip_unavailable' from command line to 'False'
[0.267s] Level 5:colcon.colcon_core.verb:set package 'hbridge_control' build argument 'cmake_clean_cache' from command line to 'False'
[0.267s] Level 5:colcon.colcon_core.verb:set package 'hbridge_control' build argument 'cmake_clean_first' from command line to 'False'
[0.267s] Level 5:colcon.colcon_core.verb:set package 'hbridge_control' build argument 'cmake_force_configure' from command line to 'False'
[0.267s] Level 5:colcon.colcon_core.verb:set package 'hbridge_control' build argument 'ament_cmake_args' from command line to 'None'
[0.267s] Level 5:colcon.colcon_core.verb:set package 'hbridge_control' build argument 'catkin_cmake_args' from command line to 'None'
[0.267s] Level 5:colcon.colcon_core.verb:set package 'hbridge_control' build argument 'catkin_skip_building_tests' from command line to 'False'
[0.267s] DEBUG:colcon.colcon_core.verb:Building package 'hbridge_control' with the following arguments: {'ament_cmake_args': None, 'build_base': '/home/pavan/pavan/ugv_ws/build/hbridge_control', 'catkin_cmake_args': None, 'catkin_skip_building_tests': False, 'cmake_args': None, 'cmake_clean_cache': False, 'cmake_clean_first': False, 'cmake_force_configure': False, 'cmake_target': None, 'cmake_target_skip_unavailable': False, 'install_base': '/home/pavan/pavan/ugv_ws/install/hbridge_control', 'merge_install': False, 'path': '/home/pavan/pavan/ugv_ws/src/hbridge_control', 'symlink_install': False, 'test_result_base': None}
[0.267s] Level 5:colcon.colcon_core.verb:set package 'my_robot_description' build argument 'cmake_args' from command line to 'None'
[0.267s] Level 5:colcon.colcon_core.verb:set package 'my_robot_description' build argument 'cmake_target' from command line to 'None'
[0.267s] Level 5:colcon.colcon_core.verb:set package 'my_robot_description' build argument 'cmake_target_skip_unavailable' from command line to 'False'
[0.267s] Level 5:colcon.colcon_core.verb:set package 'my_robot_description' build argument 'cmake_clean_cache' from command line to 'False'
[0.267s] Level 5:colcon.colcon_core.verb:set package 'my_robot_description' build argument 'cmake_clean_first' from command line to 'False'
[0.267s] Level 5:colcon.colcon_core.verb:set package 'my_robot_description' build argument 'cmake_force_configure' from command line to 'False'
[0.267s] Level 5:colcon.colcon_core.verb:set package 'my_robot_description' build argument 'ament_cmake_args' from command line to 'None'
[0.267s] Level 5:colcon.colcon_core.verb:set package 'my_robot_description' build argument 'catkin_cmake_args' from command line to 'None'
[0.268s] Level 5:colcon.colcon_core.verb:set package 'my_robot_description' build argument 'catkin_skip_building_tests' from command line to 'False'
[0.268s] DEBUG:colcon.colcon_core.verb:Building package 'my_robot_description' with the following arguments: {'ament_cmake_args': None, 'build_base': '/home/pavan/pavan/ugv_ws/build/my_robot_description', 'catkin_cmake_args': None, 'catkin_skip_building_tests': False, 'cmake_args': None, 'cmake_clean_cache': False, 'cmake_clean_first': False, 'cmake_force_configure': False, 'cmake_target': None, 'cmake_target_skip_unavailable': False, 'install_base': '/home/pavan/pavan/ugv_ws/install/my_robot_description', 'merge_install': False, 'path': '/home/pavan/pavan/ugv_ws/src/my_robot_description', 'symlink_install': False, 'test_result_base': None}
[0.268s] Level 5:colcon.colcon_core.verb:set package 'my_robot_bringup' build argument 'cmake_args' from command line to 'None'
[0.268s] Level 5:colcon.colcon_core.verb:set package 'my_robot_bringup' build argument 'cmake_target' from command line to 'None'
[0.268s] Level 5:colcon.colcon_core.verb:set package 'my_robot_bringup' build argument 'cmake_target_skip_unavailable' from command line to 'False'
[0.268s] Level 5:colcon.colcon_core.verb:set package 'my_robot_bringup' build argument 'cmake_clean_cache' from command line to 'False'
[0.268s] Level 5:colcon.colcon_core.verb:set package 'my_robot_bringup' build argument 'cmake_clean_first' from command line to 'False'
[0.268s] Level 5:colcon.colcon_core.verb:set package 'my_robot_bringup' build argument 'cmake_force_configure' from command line to 'False'
[0.268s] Level 5:colcon.colcon_core.verb:set package 'my_robot_bringup' build argument 'ament_cmake_args' from command line to 'None'
[0.268s] Level 5:colcon.colcon_core.verb:set package 'my_robot_bringup' build argument 'catkin_cmake_args' from command line to 'None'
[0.268s] Level 5:colcon.colcon_core.verb:set package 'my_robot_bringup' build argument 'catkin_skip_building_tests' from command line to 'False'
[0.268s] DEBUG:colcon.colcon_core.verb:Building package 'my_robot_bringup' with the following arguments: {'ament_cmake_args': None, 'build_base': '/home/pavan/pavan/ugv_ws/build/my_robot_bringup', 'catkin_cmake_args': None, 'catkin_skip_building_tests': False, 'cmake_args': None, 'cmake_clean_cache': False, 'cmake_clean_first': False, 'cmake_force_configure': False, 'cmake_target': None, 'cmake_target_skip_unavailable': False, 'install_base': '/home/pavan/pavan/ugv_ws/install/my_robot_bringup', 'merge_install': False, 'path': '/home/pavan/pavan/ugv_ws/src/my_robot_bringup', 'symlink_install': False, 'test_result_base': None}
[0.268s] INFO:colcon.colcon_core.executor:Executing jobs using 'parallel' executor
[0.270s] DEBUG:colcon.colcon_parallel_executor.executor.parallel:run_until_complete
[0.270s] INFO:colcon.colcon_ros.task.ament_cmake.build:Building ROS package in '/home/pavan/pavan/ugv_ws/src/my_robot_description' with build type 'ament_cmake'
[0.271s] INFO:colcon.colcon_cmake.task.cmake.build:Building CMake package in '/home/pavan/pavan/ugv_ws/src/my_robot_description'
[0.278s] INFO:colcon.colcon_core.plugin_system:Skipping extension 'colcon_core.shell.bat': Not used on non-Windows systems
[0.278s] DEBUG:colcon.colcon_core.shell:Skip shell extension 'dsv' for command environment
[0.281s] WARNING:colcon.colcon_ros.prefix_path.ament:The path '/home/pavan/pavan/ugv_ws/install/my_robot_bringup' in the environment variable AMENT_PREFIX_PATH doesn't exist
[0.281s] WARNING:colcon.colcon_ros.prefix_path.ament:The path '/home/pavan/pavan/ugv_ws/install/my_robot_description' in the environment variable AMENT_PREFIX_PATH doesn't exist
[0.281s] WARNING:colcon.colcon_ros.prefix_path.ament:The path '/home/pavan/pavan/ugv_ws/install/hbridge_control' in the environment variable AMENT_PREFIX_PATH doesn't exist
[0.283s] WARNING:colcon.colcon_ros.prefix_path.catkin:The path '/home/pavan/pavan/ugv_ws/install/my_robot_bringup' in the environment variable CMAKE_PREFIX_PATH doesn't exist
[0.283s] WARNING:colcon.colcon_ros.prefix_path.catkin:The path '/home/pavan/pavan/ugv_ws/install/my_robot_description' in the environment variable CMAKE_PREFIX_PATH doesn't exist
[0.284s] WARNING:colcon.colcon_ros.prefix_path.catkin:The path '/home/pavan/pavan/ugv_ws/install/hbridge_control' in the environment variable CMAKE_PREFIX_PATH doesn't exist
[0.298s] INFO:colcon.colcon_ros.task.ament_cmake.build:Building ROS package in '/home/pavan/pavan/ugv_ws/src/hbridge_control' with build type 'ament_cmake'
[0.298s] INFO:colcon.colcon_cmake.task.cmake.build:Building CMake package in '/home/pavan/pavan/ugv_ws/src/hbridge_control'
[0.299s] DEBUG:colcon.colcon_core.shell:Skip shell extension 'dsv' for command environment
[0.312s] DEBUG:colcon.colcon_core.event_handler.log_command:Invoking command in '/home/pavan/pavan/ugv_ws/build/my_robot_description': CMAKE_PREFIX_PATH=${CMAKE_PREFIX_PATH}:/opt/ros/jazzy DEBUGINFOD_URLS=https://debuginfod.ubuntu.com /usr/bin/cmake /home/pavan/pavan/ugv_ws/src/my_robot_description -DCMAKE_INSTALL_PREFIX=/home/pavan/pavan/ugv_ws/install/my_robot_description
[0.318s] DEBUG:colcon.colcon_core.event_handler.log_command:Invoking command in '/home/pavan/pavan/ugv_ws/build/hbridge_control': CMAKE_PREFIX_PATH=${CMAKE_PREFIX_PATH}:/opt/ros/jazzy DEBUGINFOD_URLS=https://debuginfod.ubuntu.com /usr/bin/cmake /home/pavan/pavan/ugv_ws/src/hbridge_control -DCMAKE_INSTALL_PREFIX=/home/pavan/pavan/ugv_ws/install/hbridge_control
[2.636s] DEBUG:colcon.colcon_core.event_handler.log_command:Invoked command in '/home/pavan/pavan/ugv_ws/build/my_robot_description' returned '0': CMAKE_PREFIX_PATH=${CMAKE_PREFIX_PATH}:/opt/ros/jazzy DEBUGINFOD_URLS=https://debuginfod.ubuntu.com /usr/bin/cmake /home/pavan/pavan/ugv_ws/src/my_robot_description -DCMAKE_INSTALL_PREFIX=/home/pavan/pavan/ugv_ws/install/my_robot_description
[2.639s] DEBUG:colcon.colcon_core.event_handler.log_command:Invoking command in '/home/pavan/pavan/ugv_ws/build/my_robot_description': CMAKE_PREFIX_PATH=${CMAKE_PREFIX_PATH}:/opt/ros/jazzy DEBUGINFOD_URLS=https://debuginfod.ubuntu.com /usr/bin/cmake --build /home/pavan/pavan/ugv_ws/build/my_robot_description -- -j4 -l4
[2.723s] DEBUG:colcon.colcon_core.event_handler.log_command:Invoked command in '/home/pavan/pavan/ugv_ws/build/my_robot_description' returned '0': CMAKE_PREFIX_PATH=${CMAKE_PREFIX_PATH}:/opt/ros/jazzy DEBUGINFOD_URLS=https://debuginfod.ubuntu.com /usr/bin/cmake --build /home/pavan/pavan/ugv_ws/build/my_robot_description -- -j4 -l4
[2.744s] DEBUG:colcon.colcon_core.event_handler.log_command:Invoking command in '/home/pavan/pavan/ugv_ws/build/my_robot_description': CMAKE_PREFIX_PATH=${CMAKE_PREFIX_PATH}:/opt/ros/jazzy DEBUGINFOD_URLS=https://debuginfod.ubuntu.com /usr/bin/cmake --install /home/pavan/pavan/ugv_ws/build/my_robot_description
[2.768s] Level 1:colcon.colcon_core.environment:create_environment_scripts_only(my_robot_description)
[2.768s] DEBUG:colcon.colcon_core.event_handler.log_command:Invoked command in '/home/pavan/pavan/ugv_ws/build/my_robot_description' returned '0': CMAKE_PREFIX_PATH=${CMAKE_PREFIX_PATH}:/opt/ros/jazzy DEBUGINFOD_URLS=https://debuginfod.ubuntu.com /usr/bin/cmake --install /home/pavan/pavan/ugv_ws/build/my_robot_description
[2.771s] Level 1:colcon.colcon_core.environment:checking '/home/pavan/pavan/ugv_ws/install/my_robot_description' for CMake module files
[2.772s] Level 1:colcon.colcon_core.environment:checking '/home/pavan/pavan/ugv_ws/install/my_robot_description' for CMake config files
[2.772s] Level 1:colcon.colcon_core.shell:create_environment_hook('my_robot_description', 'cmake_prefix_path')
[2.772s] INFO:colcon.colcon_core.shell:Creating environment descriptor '/home/pavan/pavan/ugv_ws/install/my_robot_description/share/my_robot_description/hook/cmake_prefix_path.dsv'
[2.773s] INFO:colcon.colcon_core.shell:Creating environment hook '/home/pavan/pavan/ugv_ws/install/my_robot_description/share/my_robot_description/hook/cmake_prefix_path.sh'
[2.774s] Level 1:colcon.colcon_core.environment:checking '/home/pavan/pavan/ugv_ws/install/my_robot_description/bin'
[2.774s] Level 1:colcon.colcon_core.environment:checking '/home/pavan/pavan/ugv_ws/install/my_robot_description/lib/pkgconfig/my_robot_description.pc'
[2.778s] Level 1:colcon.colcon_core.environment:checking '/home/pavan/pavan/ugv_ws/install/my_robot_description/lib/python3.12/site-packages'
[2.778s] Level 1:colcon.colcon_core.environment:checking '/home/pavan/pavan/ugv_ws/install/my_robot_description/bin'
[2.781s] INFO:colcon.colcon_core.shell:Creating package descriptor '/home/pavan/pavan/ugv_ws/install/my_robot_description/share/my_robot_description/package.dsv'
[2.784s] INFO:colcon.colcon_core.shell:Creating package script '/home/pavan/pavan/ugv_ws/install/my_robot_description/share/my_robot_description/package.sh'
[2.787s] INFO:colcon.colcon_core.shell:Creating package script '/home/pavan/pavan/ugv_ws/install/my_robot_description/share/my_robot_description/package.bash'
[2.788s] INFO:colcon.colcon_core.shell:Creating package script '/home/pavan/pavan/ugv_ws/install/my_robot_description/share/my_robot_description/package.zsh'
[2.789s] Level 1:colcon.colcon_core.environment:create_file_with_runtime_dependencies(/home/pavan/pavan/ugv_ws/install/my_robot_description/share/colcon-core/packages/my_robot_description)
[2.795s] Level 1:colcon.colcon_core.environment:create_environment_scripts_only(my_robot_description)
[2.796s] Level 1:colcon.colcon_core.environment:checking '/home/pavan/pavan/ugv_ws/install/my_robot_description' for CMake module files
[2.797s] Level 1:colcon.colcon_core.environment:checking '/home/pavan/pavan/ugv_ws/install/my_robot_description' for CMake config files
[2.798s] Level 1:colcon.colcon_core.shell:create_environment_hook('my_robot_description', 'cmake_prefix_path')
[2.798s] INFO:colcon.colcon_core.shell:Creating environment descriptor '/home/pavan/pavan/ugv_ws/install/my_robot_description/share/my_robot_description/hook/cmake_prefix_path.dsv'
[2.799s] INFO:colcon.colcon_core.shell:Creating environment hook '/home/pavan/pavan/ugv_ws/install/my_robot_description/share/my_robot_description/hook/cmake_prefix_path.sh'
[2.801s] Level 1:colcon.colcon_core.environment:checking '/home/pavan/pavan/ugv_ws/install/my_robot_description/bin'
[2.801s] Level 1:colcon.colcon_core.environment:checking '/home/pavan/pavan/ugv_ws/install/my_robot_description/lib/pkgconfig/my_robot_description.pc'
[2.801s] Level 1:colcon.colcon_core.environment:checking '/home/pavan/pavan/ugv_ws/install/my_robot_description/lib/python3.12/site-packages'
[2.802s] Level 1:colcon.colcon_core.environment:checking '/home/pavan/pavan/ugv_ws/install/my_robot_description/bin'
[2.802s] INFO:colcon.colcon_core.shell:Creating package descriptor '/home/pavan/pavan/ugv_ws/install/my_robot_description/share/my_robot_description/package.dsv'
[2.803s] INFO:colcon.colcon_core.shell:Creating package script '/home/pavan/pavan/ugv_ws/install/my_robot_description/share/my_robot_description/package.sh'
[2.804s] INFO:colcon.colcon_core.shell:Creating package script '/home/pavan/pavan/ugv_ws/install/my_robot_description/share/my_robot_description/package.bash'
[2.805s] INFO:colcon.colcon_core.shell:Creating package script '/home/pavan/pavan/ugv_ws/install/my_robot_description/share/my_robot_description/package.zsh'
[2.806s] Level 1:colcon.colcon_core.environment:create_file_with_runtime_dependencies(/home/pavan/pavan/ugv_ws/install/my_robot_description/share/colcon-core/packages/my_robot_description)
[2.806s] INFO:colcon.colcon_ros.task.ament_cmake.build:Building ROS package in '/home/pavan/pavan/ugv_ws/src/my_robot_bringup' with build type 'ament_cmake'
[2.806s] INFO:colcon.colcon_cmake.task.cmake.build:Building CMake package in '/home/pavan/pavan/ugv_ws/src/my_robot_bringup'
[2.806s] DEBUG:colcon.colcon_core.shell:Skip shell extension 'dsv' for command environment
[2.820s] DEBUG:colcon.colcon_core.event_handler.log_command:Invoking command in '/home/pavan/pavan/ugv_ws/build/my_robot_bringup': CMAKE_PREFIX_PATH=/home/pavan/pavan/ugv_ws/install/my_robot_description:/home/pavan/pavan/ugv_ws/install/my_robot_bringup:/home/pavan/pavan/ugv_ws/install/hbridge_control:/home/pavan/ws_lidar/install/sllidar_ros2:/opt/ros/jazzy/opt/gz_sim_vendor:/opt/ros/jazzy/opt/gz_sensors_vendor:/opt/ros/jazzy/opt/gz_physics_vendor:/opt/ros/jazzy/opt/sdformat_vendor:/opt/ros/jazzy/opt/gz_gui_vendor:/opt/ros/jazzy/opt/gz_transport_vendor:/opt/ros/jazzy/opt/gz_rendering_vendor:/opt/ros/jazzy/opt/gz_plugin_vendor:/opt/ros/jazzy/opt/gz_fuel_tools_vendor:/opt/ros/jazzy/opt/gz_msgs_vendor:/opt/ros/jazzy/opt/gz_common_vendor:/opt/ros/jazzy/opt/gz_math_vendor:/opt/ros/jazzy/opt/gz_utils_vendor:/opt/ros/jazzy/opt/gz_tools_vendor:/opt/ros/jazzy/opt/gz_ogre_next_vendor:/opt/ros/jazzy/opt/gz_dartsim_vendor:/opt/ros/jazzy/opt/gz_cmake_vendor:/opt/ros/jazzy DEBUGINFOD_URLS=https://debuginfod.ubuntu.com /usr/bin/cmake /home/pavan/pavan/ugv_ws/src/my_robot_bringup -DCMAKE_INSTALL_PREFIX=/home/pavan/pavan/ugv_ws/install/my_robot_bringup
[4.228s] DEBUG:colcon.colcon_core.event_handler.log_command:Invoked command in '/home/pavan/pavan/ugv_ws/build/my_robot_bringup' returned '0': CMAKE_PREFIX_PATH=/home/pavan/pavan/ugv_ws/install/my_robot_description:/home/pavan/pavan/ugv_ws/install/my_robot_bringup:/home/pavan/pavan/ugv_ws/install/hbridge_control:/home/pavan/ws_lidar/install/sllidar_ros2:/opt/ros/jazzy/opt/gz_sim_vendor:/opt/ros/jazzy/opt/gz_sensors_vendor:/opt/ros/jazzy/opt/gz_physics_vendor:/opt/ros/jazzy/opt/sdformat_vendor:/opt/ros/jazzy/opt/gz_gui_vendor:/opt/ros/jazzy/opt/gz_transport_vendor:/opt/ros/jazzy/opt/gz_rendering_vendor:/opt/ros/jazzy/opt/gz_plugin_vendor:/opt/ros/jazzy/opt/gz_fuel_tools_vendor:/opt/ros/jazzy/opt/gz_msgs_vendor:/opt/ros/jazzy/opt/gz_common_vendor:/opt/ros/jazzy/opt/gz_math_vendor:/opt/ros/jazzy/opt/gz_utils_vendor:/opt/ros/jazzy/opt/gz_tools_vendor:/opt/ros/jazzy/opt/gz_ogre_next_vendor:/opt/ros/jazzy/opt/gz_dartsim_vendor:/opt/ros/jazzy/opt/gz_cmake_vendor:/opt/ros/jazzy DEBUGINFOD_URLS=https://debuginfod.ubuntu.com /usr/bin/cmake /home/pavan/pavan/ugv_ws/src/my_robot_bringup -DCMAKE_INSTALL_PREFIX=/home/pavan/pavan/ugv_ws/install/my_robot_bringup
[4.230s] DEBUG:colcon.colcon_core.event_handler.log_command:Invoking command in '/home/pavan/pavan/ugv_ws/build/my_robot_bringup': CMAKE_PREFIX_PATH=/home/pavan/pavan/ugv_ws/install/my_robot_description:/home/pavan/pavan/ugv_ws/install/my_robot_bringup:/home/pavan/pavan/ugv_ws/install/hbridge_control:/home/pavan/ws_lidar/install/sllidar_ros2:/opt/ros/jazzy/opt/gz_sim_vendor:/opt/ros/jazzy/opt/gz_sensors_vendor:/opt/ros/jazzy/opt/gz_physics_vendor:/opt/ros/jazzy/opt/sdformat_vendor:/opt/ros/jazzy/opt/gz_gui_vendor:/opt/ros/jazzy/opt/gz_transport_vendor:/opt/ros/jazzy/opt/gz_rendering_vendor:/opt/ros/jazzy/opt/gz_plugin_vendor:/opt/ros/jazzy/opt/gz_fuel_tools_vendor:/opt/ros/jazzy/opt/gz_msgs_vendor:/opt/ros/jazzy/opt/gz_common_vendor:/opt/ros/jazzy/opt/gz_math_vendor:/opt/ros/jazzy/opt/gz_utils_vendor:/opt/ros/jazzy/opt/gz_tools_vendor:/opt/ros/jazzy/opt/gz_ogre_next_vendor:/opt/ros/jazzy/opt/gz_dartsim_vendor:/opt/ros/jazzy/opt/gz_cmake_vendor:/opt/ros/jazzy DEBUGINFOD_URLS=https://debuginfod.ubuntu.com /usr/bin/cmake --build /home/pavan/pavan/ugv_ws/build/my_robot_bringup -- -j4 -l4
[4.320s] DEBUG:colcon.colcon_core.event_handler.log_command:Invoked command in '/home/pavan/pavan/ugv_ws/build/my_robot_bringup' returned '0': CMAKE_PREFIX_PATH=/home/pavan/pavan/ugv_ws/install/my_robot_description:/home/pavan/pavan/ugv_ws/install/my_robot_bringup:/home/pavan/pavan/ugv_ws/install/hbridge_control:/home/pavan/ws_lidar/install/sllidar_ros2:/opt/ros/jazzy/opt/gz_sim_vendor:/opt/ros/jazzy/opt/gz_sensors_vendor:/opt/ros/jazzy/opt/gz_physics_vendor:/opt/ros/jazzy/opt/sdformat_vendor:/opt/ros/jazzy/opt/gz_gui_vendor:/opt/ros/jazzy/opt/gz_transport_vendor:/opt/ros/jazzy/opt/gz_rendering_vendor:/opt/ros/jazzy/opt/gz_plugin_vendor:/opt/ros/jazzy/opt/gz_fuel_tools_vendor:/opt/ros/jazzy/opt/gz_msgs_vendor:/opt/ros/jazzy/opt/gz_common_vendor:/opt/ros/jazzy/opt/gz_math_vendor:/opt/ros/jazzy/opt/gz_utils_vendor:/opt/ros/jazzy/opt/gz_tools_vendor:/opt/ros/jazzy/opt/gz_ogre_next_vendor:/opt/ros/jazzy/opt/gz_dartsim_vendor:/opt/ros/jazzy/opt/gz_cmake_vendor:/opt/ros/jazzy DEBUGINFOD_URLS=https://debuginfod.ubuntu.com /usr/bin/cmake --build /home/pavan/pavan/ugv_ws/build/my_robot_bringup -- -j4 -l4
[4.322s] DEBUG:colcon.colcon_core.event_handler.log_command:Invoking command in '/home/pavan/pavan/ugv_ws/build/my_robot_bringup': CMAKE_PREFIX_PATH=/home/pavan/pavan/ugv_ws/install/my_robot_description:/home/pavan/pavan/ugv_ws/install/my_robot_bringup:/home/pavan/pavan/ugv_ws/install/hbridge_control:/home/pavan/ws_lidar/install/sllidar_ros2:/opt/ros/jazzy/opt/gz_sim_vendor:/opt/ros/jazzy/opt/gz_sensors_vendor:/opt/ros/jazzy/opt/gz_physics_vendor:/opt/ros/jazzy/opt/sdformat_vendor:/opt/ros/jazzy/opt/gz_gui_vendor:/opt/ros/jazzy/opt/gz_transport_vendor:/opt/ros/jazzy/opt/gz_rendering_vendor:/opt/ros/jazzy/opt/gz_plugin_vendor:/opt/ros/jazzy/opt/gz_fuel_tools_vendor:/opt/ros/jazzy/opt/gz_msgs_vendor:/opt/ros/jazzy/opt/gz_common_vendor:/opt/ros/jazzy/opt/gz_math_vendor:/opt/ros/jazzy/opt/gz_utils_vendor:/opt/ros/jazzy/opt/gz_tools_vendor:/opt/ros/jazzy/opt/gz_ogre_next_vendor:/opt/ros/jazzy/opt/gz_dartsim_vendor:/opt/ros/jazzy/opt/gz_cmake_vendor:/opt/ros/jazzy DEBUGINFOD_URLS=https://debuginfod.ubuntu.com /usr/bin/cmake --install /home/pavan/pavan/ugv_ws/build/my_robot_bringup
[4.345s] Level 1:colcon.colcon_core.environment:create_environment_scripts_only(my_robot_bringup)
[4.345s] Level 1:colcon.colcon_core.environment:checking '/home/pavan/pavan/ugv_ws/install/my_robot_bringup' for CMake module files
[4.346s] DEBUG:colcon.colcon_core.event_handler.log_command:Invoked command in '/home/pavan/pavan/ugv_ws/build/my_robot_bringup' returned '0': CMAKE_PREFIX_PATH=/home/pavan/pavan/ugv_ws/install/my_robot_description:/home/pavan/pavan/ugv_ws/install/my_robot_bringup:/home/pavan/pavan/ugv_ws/install/hbridge_control:/home/pavan/ws_lidar/install/sllidar_ros2:/opt/ros/jazzy/opt/gz_sim_vendor:/opt/ros/jazzy/opt/gz_sensors_vendor:/opt/ros/jazzy/opt/gz_physics_vendor:/opt/ros/jazzy/opt/sdformat_vendor:/opt/ros/jazzy/opt/gz_gui_vendor:/opt/ros/jazzy/opt/gz_transport_vendor:/opt/ros/jazzy/opt/gz_rendering_vendor:/opt/ros/jazzy/opt/gz_plugin_vendor:/opt/ros/jazzy/opt/gz_fuel_tools_vendor:/opt/ros/jazzy/opt/gz_msgs_vendor:/opt/ros/jazzy/opt/gz_common_vendor:/opt/ros/jazzy/opt/gz_math_vendor:/opt/ros/jazzy/opt/gz_utils_vendor:/opt/ros/jazzy/opt/gz_tools_vendor:/opt/ros/jazzy/opt/gz_ogre_next_vendor:/opt/ros/jazzy/opt/gz_dartsim_vendor:/opt/ros/jazzy/opt/gz_cmake_vendor:/opt/ros/jazzy DEBUGINFOD_URLS=https://debuginfod.ubuntu.com /usr/bin/cmake --install /home/pavan/pavan/ugv_ws/build/my_robot_bringup
[4.346s] Level 1:colcon.colcon_core.environment:checking '/home/pavan/pavan/ugv_ws/install/my_robot_bringup' for CMake config files
[4.347s] Level 1:colcon.colcon_core.shell:create_environment_hook('my_robot_bringup', 'cmake_prefix_path')
[4.347s] INFO:colcon.colcon_core.shell:Creating environment descriptor '/home/pavan/pavan/ugv_ws/install/my_robot_bringup/share/my_robot_bringup/hook/cmake_prefix_path.dsv'
[4.347s] INFO:colcon.colcon_core.shell:Creating environment hook '/home/pavan/pavan/ugv_ws/install/my_robot_bringup/share/my_robot_bringup/hook/cmake_prefix_path.sh'
[4.348s] Level 1:colcon.colcon_core.environment:checking '/home/pavan/pavan/ugv_ws/install/my_robot_bringup/bin'
[4.348s] Level 1:colcon.colcon_core.environment:checking '/home/pavan/pavan/ugv_ws/install/my_robot_bringup/lib/pkgconfig/my_robot_bringup.pc'
[4.349s] Level 1:colcon.colcon_core.environment:checking '/home/pavan/pavan/ugv_ws/install/my_robot_bringup/lib/python3.12/site-packages'
[4.349s] Level 1:colcon.colcon_core.environment:checking '/home/pavan/pavan/ugv_ws/install/my_robot_bringup/bin'
[4.349s] INFO:colcon.colcon_core.shell:Creating package descriptor '/home/pavan/pavan/ugv_ws/install/my_robot_bringup/share/my_robot_bringup/package.dsv'
[4.350s] INFO:colcon.colcon_core.shell:Creating package script '/home/pavan/pavan/ugv_ws/install/my_robot_bringup/share/my_robot_bringup/package.sh'
[4.351s] INFO:colcon.colcon_core.shell:Creating package script '/home/pavan/pavan/ugv_ws/install/my_robot_bringup/share/my_robot_bringup/package.bash'
[4.351s] INFO:colcon.colcon_core.shell:Creating package script '/home/pavan/pavan/ugv_ws/install/my_robot_bringup/share/my_robot_bringup/package.zsh'
[4.351s] Level 1:colcon.colcon_core.environment:create_file_with_runtime_dependencies(/home/pavan/pavan/ugv_ws/install/my_robot_bringup/share/colcon-core/packages/my_robot_bringup)
[4.352s] Level 1:colcon.colcon_core.environment:create_environment_scripts_only(my_robot_bringup)
[4.352s] Level 1:colcon.colcon_core.environment:checking '/home/pavan/pavan/ugv_ws/install/my_robot_bringup' for CMake module files
[4.353s] Level 1:colcon.colcon_core.environment:checking '/home/pavan/pavan/ugv_ws/install/my_robot_bringup' for CMake config files
[4.353s] Level 1:colcon.colcon_core.shell:create_environment_hook('my_robot_bringup', 'cmake_prefix_path')
[4.354s] INFO:colcon.colcon_core.shell:Creating environment descriptor '/home/pavan/pavan/ugv_ws/install/my_robot_bringup/share/my_robot_bringup/hook/cmake_prefix_path.dsv'
[4.354s] INFO:colcon.colcon_core.shell:Creating environment hook '/home/pavan/pavan/ugv_ws/install/my_robot_bringup/share/my_robot_bringup/hook/cmake_prefix_path.sh'
[4.355s] Level 1:colcon.colcon_core.environment:checking '/home/pavan/pavan/ugv_ws/install/my_robot_bringup/bin'
[4.355s] Level 1:colcon.colcon_core.environment:checking '/home/pavan/pavan/ugv_ws/install/my_robot_bringup/lib/pkgconfig/my_robot_bringup.pc'
[4.356s] Level 1:colcon.colcon_core.environment:checking '/home/pavan/pavan/ugv_ws/install/my_robot_bringup/lib/python3.12/site-packages'
[4.356s] Level 1:colcon.colcon_core.environment:checking '/home/pavan/pavan/ugv_ws/install/my_robot_bringup/bin'
[4.357s] INFO:colcon.colcon_core.shell:Creating package descriptor '/home/pavan/pavan/ugv_ws/install/my_robot_bringup/share/my_robot_bringup/package.dsv'
[4.358s] INFO:colcon.colcon_core.shell:Creating package script '/home/pavan/pavan/ugv_ws/install/my_robot_bringup/share/my_robot_bringup/package.sh'
[4.359s] INFO:colcon.colcon_core.shell:Creating package script '/home/pavan/pavan/ugv_ws/install/my_robot_bringup/share/my_robot_bringup/package.bash'
[4.360s] INFO:colcon.colcon_core.shell:Creating package script '/home/pavan/pavan/ugv_ws/install/my_robot_bringup/share/my_robot_bringup/package.zsh'
[4.360s] Level 1:colcon.colcon_core.environment:create_file_with_runtime_dependencies(/home/pavan/pavan/ugv_ws/install/my_robot_bringup/share/colcon-core/packages/my_robot_bringup)
[4.872s] DEBUG:colcon.colcon_core.event_handler.log_command:Invoked command in '/home/pavan/pavan/ugv_ws/build/hbridge_control' returned '0': CMAKE_PREFIX_PATH=${CMAKE_PREFIX_PATH}:/opt/ros/jazzy DEBUGINFOD_URLS=https://debuginfod.ubuntu.com /usr/bin/cmake /home/pavan/pavan/ugv_ws/src/hbridge_control -DCMAKE_INSTALL_PREFIX=/home/pavan/pavan/ugv_ws/install/hbridge_control
[4.874s] DEBUG:colcon.colcon_core.event_handler.log_command:Invoking command in '/home/pavan/pavan/ugv_ws/build/hbridge_control': CMAKE_PREFIX_PATH=${CMAKE_PREFIX_PATH}:/opt/ros/jazzy DEBUGINFOD_URLS=https://debuginfod.ubuntu.com /usr/bin/cmake --build /home/pavan/pavan/ugv_ws/build/hbridge_control -- -j4 -l4
[18.200s] DEBUG:colcon.colcon_core.event_handler.log_command:Invoked command in '/home/pavan/pavan/ugv_ws/build/hbridge_control' returned '0': CMAKE_PREFIX_PATH=${CMAKE_PREFIX_PATH}:/opt/ros/jazzy DEBUGINFOD_URLS=https://debuginfod.ubuntu.com /usr/bin/cmake --build /home/pavan/pavan/ugv_ws/build/hbridge_control -- -j4 -l4
[18.202s] DEBUG:colcon.colcon_core.event_handler.log_command:Invoking command in '/home/pavan/pavan/ugv_ws/build/hbridge_control': CMAKE_PREFIX_PATH=${CMAKE_PREFIX_PATH}:/opt/ros/jazzy DEBUGINFOD_URLS=https://debuginfod.ubuntu.com /usr/bin/cmake --install /home/pavan/pavan/ugv_ws/build/hbridge_control
[18.230s] Level 1:colcon.colcon_core.environment:create_environment_scripts_only(hbridge_control)
[18.230s] Level 1:colcon.colcon_core.environment:checking '/home/pavan/pavan/ugv_ws/install/hbridge_control' for CMake module files
[18.231s] DEBUG:colcon.colcon_core.event_handler.log_command:Invoked command in '/home/pavan/pavan/ugv_ws/build/hbridge_control' returned '0': CMAKE_PREFIX_PATH=${CMAKE_PREFIX_PATH}:/opt/ros/jazzy DEBUGINFOD_URLS=https://debuginfod.ubuntu.com /usr/bin/cmake --install /home/pavan/pavan/ugv_ws/build/hbridge_control
[18.231s] Level 1:colcon.colcon_core.environment:checking '/home/pavan/pavan/ugv_ws/install/hbridge_control' for CMake config files
[18.231s] Level 1:colcon.colcon_core.shell:create_environment_hook('hbridge_control', 'cmake_prefix_path')
[18.232s] INFO:colcon.colcon_core.shell:Creating environment descriptor '/home/pavan/pavan/ugv_ws/install/hbridge_control/share/hbridge_control/hook/cmake_prefix_path.dsv'
[18.233s] INFO:colcon.colcon_core.shell:Creating environment hook '/home/pavan/pavan/ugv_ws/install/hbridge_control/share/hbridge_control/hook/cmake_prefix_path.sh'
[18.234s] Level 1:colcon.colcon_core.environment:checking '/home/pavan/pavan/ugv_ws/install/hbridge_control/lib'
[18.234s] Level 1:colcon.colcon_core.environment:checking '/home/pavan/pavan/ugv_ws/install/hbridge_control/bin'
[18.234s] Level 1:colcon.colcon_core.environment:checking '/home/pavan/pavan/ugv_ws/install/hbridge_control/lib/pkgconfig/hbridge_control.pc'
[18.235s] Level 1:colcon.colcon_core.environment:checking '/home/pavan/pavan/ugv_ws/install/hbridge_control/lib/python3.12/site-packages'
[18.235s] Level 1:colcon.colcon_core.environment:checking '/home/pavan/pavan/ugv_ws/install/hbridge_control/bin'
[18.235s] INFO:colcon.colcon_core.shell:Creating package descriptor '/home/pavan/pavan/ugv_ws/install/hbridge_control/share/hbridge_control/package.dsv'
[18.236s] INFO:colcon.colcon_core.shell:Creating package script '/home/pavan/pavan/ugv_ws/install/hbridge_control/share/hbridge_control/package.sh'
[18.238s] INFO:colcon.colcon_core.shell:Creating package script '/home/pavan/pavan/ugv_ws/install/hbridge_control/share/hbridge_control/package.bash'
[18.239s] INFO:colcon.colcon_core.shell:Creating package script '/home/pavan/pavan/ugv_ws/install/hbridge_control/share/hbridge_control/package.zsh'
[18.239s] Level 1:colcon.colcon_core.environment:create_file_with_runtime_dependencies(/home/pavan/pavan/ugv_ws/install/hbridge_control/share/colcon-core/packages/hbridge_control)
[18.240s] Level 1:colcon.colcon_core.environment:create_environment_scripts_only(hbridge_control)
[18.240s] Level 1:colcon.colcon_core.environment:checking '/home/pavan/pavan/ugv_ws/install/hbridge_control' for CMake module files
[18.241s] Level 1:colcon.colcon_core.environment:checking '/home/pavan/pavan/ugv_ws/install/hbridge_control' for CMake config files
[18.241s] Level 1:colcon.colcon_core.shell:create_environment_hook('hbridge_control', 'cmake_prefix_path')
[18.241s] INFO:colcon.colcon_core.shell:Creating environment descriptor '/home/pavan/pavan/ugv_ws/install/hbridge_control/share/hbridge_control/hook/cmake_prefix_path.dsv'
[18.242s] INFO:colcon.colcon_core.shell:Creating environment hook '/home/pavan/pavan/ugv_ws/install/hbridge_control/share/hbridge_control/hook/cmake_prefix_path.sh'
[18.243s] Level 1:colcon.colcon_core.environment:checking '/home/pavan/pavan/ugv_ws/install/hbridge_control/lib'
[18.243s] Level 1:colcon.colcon_core.environment:checking '/home/pavan/pavan/ugv_ws/install/hbridge_control/bin'
[18.243s] Level 1:colcon.colcon_core.environment:checking '/home/pavan/pavan/ugv_ws/install/hbridge_control/lib/pkgconfig/hbridge_control.pc'
[18.243s] Level 1:colcon.colcon_core.environment:checking '/home/pavan/pavan/ugv_ws/install/hbridge_control/lib/python3.12/site-packages'
[18.244s] Level 1:colcon.colcon_core.environment:checking '/home/pavan/pavan/ugv_ws/install/hbridge_control/bin'
[18.244s] INFO:colcon.colcon_core.shell:Creating package descriptor '/home/pavan/pavan/ugv_ws/install/hbridge_control/share/hbridge_control/package.dsv'
[18.245s] INFO:colcon.colcon_core.shell:Creating package script '/home/pavan/pavan/ugv_ws/install/hbridge_control/share/hbridge_control/package.sh'
[18.245s] INFO:colcon.colcon_core.shell:Creating package script '/home/pavan/pavan/ugv_ws/install/hbridge_control/share/hbridge_control/package.bash'
[18.246s] INFO:colcon.colcon_core.shell:Creating package script '/home/pavan/pavan/ugv_ws/install/hbridge_control/share/hbridge_control/package.zsh'
[18.247s] Level 1:colcon.colcon_core.environment:create_file_with_runtime_dependencies(/home/pavan/pavan/ugv_ws/install/hbridge_control/share/colcon-core/packages/hbridge_control)
[18.251s] DEBUG:colcon.colcon_parallel_executor.executor.parallel:closing loop
[18.251s] DEBUG:colcon.colcon_parallel_executor.executor.parallel:loop closed
[18.251s] DEBUG:colcon.colcon_parallel_executor.executor.parallel:run_until_complete finished with '0'
[18.251s] DEBUG:colcon.colcon_core.event_reactor:joining thread
[18.293s] INFO:colcon.colcon_core.plugin_system:Skipping extension 'colcon_notification.desktop_notification.terminal_notifier': Not used on non-Darwin systems
[18.294s] INFO:colcon.colcon_core.plugin_system:Skipping extension 'colcon_notification.desktop_notification.win32': Not used on non-Windows systems
[18.294s] INFO:colcon.colcon_notification.desktop_notification:Sending desktop notification using 'notify2'
[18.321s] DEBUG:colcon.colcon_core.event_reactor:joined thread
[18.321s] INFO:colcon.colcon_core.shell:Creating prefix script '/home/pavan/pavan/ugv_ws/install/local_setup.sh'
[18.323s] INFO:colcon.colcon_core.shell:Creating prefix util module '/home/pavan/pavan/ugv_ws/install/_local_setup_util_sh.py'
[18.325s] INFO:colcon.colcon_core.shell:Creating prefix chain script '/home/pavan/pavan/ugv_ws/install/setup.sh'
[18.336s] INFO:colcon.colcon_core.shell:Creating prefix script '/home/pavan/pavan/ugv_ws/install/local_setup.bash'
[18.337s] INFO:colcon.colcon_core.shell:Creating prefix chain script '/home/pavan/pavan/ugv_ws/install/setup.bash'
[18.339s] INFO:colcon.colcon_core.shell:Creating prefix script '/home/pavan/pavan/ugv_ws/install/local_setup.zsh'
[18.340s] INFO:colcon.colcon_core.shell:Creating prefix chain script '/home/pavan/pavan/ugv_ws/install/setup.zsh'
