[0.138s] Invoking command in '/home/pavan/pavan/ugv_ws/build/my_robot_description': CMAKE_PREFIX_PATH=${CMAKE_PREFIX_PATH}:/opt/ros/jazzy DEBUGINFOD_URLS=https://debuginfod.ubuntu.com /usr/bin/cmake --build /home/pavan/pavan/ugv_ws/build/my_robot_description -- -j4 -l4
[0.533s] Invoked command in '/home/pavan/pavan/ugv_ws/build/my_robot_description' returned '0': CMAKE_PREFIX_PATH=${CMAKE_PREFIX_PATH}:/opt/ros/jazzy DEBUGINFOD_URLS=https://debuginfod.ubuntu.com /usr/bin/cmake --build /home/pavan/pavan/ugv_ws/build/my_robot_description -- -j4 -l4
[0.563s] Invoking command in '/home/pavan/pavan/ugv_ws/build/my_robot_description': CMAKE_PREFIX_PATH=${CMAKE_PREFIX_PATH}:/opt/ros/jazzy DEBUGINFOD_URLS=https://debuginfod.ubuntu.com /usr/bin/cmake --install /home/pavan/pavan/ugv_ws/build/my_robot_description
[0.581s] -- Install configuration: ""
[0.582s] -- Up-to-date: /home/pavan/pavan/ugv_ws/install/my_robot_description/share/my_robot_description//urdf
[0.583s] -- Up-to-date: /home/pavan/pavan/ugv_ws/install/my_robot_description/share/my_robot_description//urdf/mobile_base.ros2_control.xacro
[0.583s] -- Up-to-date: /home/pavan/pavan/ugv_ws/install/my_robot_description/share/my_robot_description//urdf/common_properties.xacro
[0.583s] -- Up-to-date: /home/pavan/pavan/ugv_ws/install/my_robot_description/share/my_robot_description//urdf/my_robot.urdf.xacro
[0.583s] -- Up-to-date: /home/pavan/pavan/ugv_ws/install/my_robot_description/share/my_robot_description//urdf/mobile_base.xacro
[0.583s] -- Up-to-date: /home/pavan/pavan/ugv_ws/install/my_robot_description/share/my_robot_description//launch
[0.589s] -- Up-to-date: /home/pavan/pavan/ugv_ws/install/my_robot_description/share/my_robot_description//launch/display.launch.xml
[0.589s] -- Up-to-date: /home/pavan/pavan/ugv_ws/install/my_robot_description/share/my_robot_description//launch/display.launch.py
[0.589s] -- Up-to-date: /home/pavan/pavan/ugv_ws/install/my_robot_description/share/my_robot_description//rviz
[0.590s] -- Up-to-date: /home/pavan/pavan/ugv_ws/install/my_robot_description/share/my_robot_description//rviz/urdf_config.rviz
[0.592s] -- Up-to-date: /home/pavan/pavan/ugv_ws/install/my_robot_description/share/ament_index/resource_index/package_run_dependencies/my_robot_description
[0.592s] -- Up-to-date: /home/pavan/pavan/ugv_ws/install/my_robot_description/share/ament_index/resource_index/parent_prefix_path/my_robot_description
[0.594s] -- Up-to-date: /home/pavan/pavan/ugv_ws/install/my_robot_description/share/my_robot_description/environment/ament_prefix_path.sh
[0.594s] -- Up-to-date: /home/pavan/pavan/ugv_ws/install/my_robot_description/share/my_robot_description/environment/ament_prefix_path.dsv
[0.594s] -- Up-to-date: /home/pavan/pavan/ugv_ws/install/my_robot_description/share/my_robot_description/environment/path.sh
[0.594s] -- Up-to-date: /home/pavan/pavan/ugv_ws/install/my_robot_description/share/my_robot_description/environment/path.dsv
[0.595s] -- Up-to-date: /home/pavan/pavan/ugv_ws/install/my_robot_description/share/my_robot_description/local_setup.bash
[0.595s] -- Up-to-date: /home/pavan/pavan/ugv_ws/install/my_robot_description/share/my_robot_description/local_setup.sh
[0.595s] -- Up-to-date: /home/pavan/pavan/ugv_ws/install/my_robot_description/share/my_robot_description/local_setup.zsh
[0.595s] -- Up-to-date: /home/pavan/pavan/ugv_ws/install/my_robot_description/share/my_robot_description/local_setup.dsv
[0.595s] -- Installing: /home/pavan/pavan/ugv_ws/install/my_robot_description/share/my_robot_description/package.dsv
[0.596s] -- Up-to-date: /home/pavan/pavan/ugv_ws/install/my_robot_description/share/ament_index/resource_index/packages/my_robot_description
[0.597s] -- Up-to-date: /home/pavan/pavan/ugv_ws/install/my_robot_description/share/my_robot_description/cmake/my_robot_descriptionConfig.cmake
[0.597s] -- Up-to-date: /home/pavan/pavan/ugv_ws/install/my_robot_description/share/my_robot_description/cmake/my_robot_descriptionConfig-version.cmake
[0.597s] -- Up-to-date: /home/pavan/pavan/ugv_ws/install/my_robot_description/share/my_robot_description/package.xml
[0.607s] Invoked command in '/home/pavan/pavan/ugv_ws/build/my_robot_description' returned '0': CMAKE_PREFIX_PATH=${CMAKE_PREFIX_PATH}:/opt/ros/jazzy DEBUGINFOD_URLS=https://debuginfod.ubuntu.com /usr/bin/cmake --install /home/pavan/pavan/ugv_ws/build/my_robot_description
