[0.042s] Invoking command in '/home/pavan/pavan/ugv_ws/build/hbridge_control': CMAKE_PREFIX_PATH=${CMAKE_PREFIX_PATH}:/opt/ros/jazzy DEBUGINFOD_URLS=https://debuginfod.ubuntu.com /usr/bin/cmake --build /home/pavan/pavan/ugv_ws/build/hbridge_control -- -j4 -l4
[0.776s] [ 50%] [32mBuilding CXX object CMakeFiles/hbridge_control.dir/src/mobile_base_hardware_interface.cpp.o[0m
[8.028s] [01m[K/home/pavan/pavan/ugv_ws/src/hbridge_control/src/mobile_base_hardware_interface.cpp:[m[K In member function ‘[01m[Kvirtual mobile_base_hardware::CallbackReturn mobile_base_hardware::MobileBaseHardwareInterface::[01;32m[Kon_init[m[K(const hardware_interface::HardwareInfo&)[m[K’:
[8.028s] [01m[K/home/pavan/pavan/ugv_ws/src/hbridge_control/src/mobile_base_hardware_interface.cpp:17:53:[m[K [01;35m[Kwarning: [m[K‘[01m[Kvirtual rclcpp_lifecycle::node_interfaces::LifecycleNodeInterface::CallbackReturn hardware_interface::HardwareComponentInterface::[01;32m[Kon_init[m[K(const hardware_interface::HardwareInfo&)[m[K’ is deprecated: Use on_init(const HardwareComponentInterfaceParams & params) instead. [[01;35m[K]8;;https://gcc.gnu.org/onlinedocs/gcc/Warning-Options.html#index-Wdeprecated-declarations-Wdeprecated-declarations]8;;[m[K]
[8.028s]    17 |     if ([01;35m[Khardware_interface::SystemInterface::on_init(info)[m[K != CallbackReturn::SUCCESS) {
[8.028s]       |         [01;35m[K~~~~~~~~~~~~~~~~~~~~~~~~~~~~~~~~~~~~~~~~~~~~^~~~~~[m[K
[8.028s] In file included from [01m[K/opt/ros/jazzy/include/hardware_interface/hardware_interface/system_interface.hpp:18[m[K,
[8.028s]                  from [01m[K/home/pavan/pavan/ugv_ws/src/hbridge_control/include/motor_interface/mobile_base_hardware_interface.hpp:3[m[K,
[8.028s]                  from [01m[K/home/pavan/pavan/ugv_ws/src/hbridge_control/src/mobile_base_hardware_interface.cpp:1[m[K:
[8.029s] [01m[K/opt/ros/jazzy/include/hardware_interface/hardware_interface/hardware_component_interface.hpp:226:26:[m[K [01;36m[Knote: [m[Kdeclared here
[8.029s]   226 |   virtual CallbackReturn [01;36m[Kon_init[m[K(const HardwareInfo & hardware_info)
[8.029s]       |                          [01;36m[K^~~~~~~[m[K
[8.145s] [01m[K/home/pavan/pavan/ugv_ws/src/hbridge_control/src/mobile_base_hardware_interface.cpp:[m[K In member function ‘[01m[Kvirtual hardware_interface::return_type mobile_base_hardware::MobileBaseHardwareInterface::[01;32m[Kwrite[m[K(const rclcpp::Time&, const rclcpp::Duration&)[m[K’:
[8.145s] [01m[K/home/pavan/pavan/ugv_ws/src/hbridge_control/src/mobile_base_hardware_interface.cpp:122:49:[m[K [01;31m[Kerror: [m[Kno matching function for call to ‘[01m[Kclamp(double, int, int&)[m[K’
[8.145s]   122 |     int left_speed = static_cast<int>([01;31m[Kstd::clamp(std::round(left_velocity_command_ * max_speed_), -max_speed_, max_speed_)[m[K);
[8.145s]       |                                       [01;31m[K~~~~~~~~~~^~~~~~~~~~~~~~~~~~~~~~~~~~~~~~~~~~~~~~~~~~~~~~~~~~~~~~~~~~~~~~~~~~~~~~~~~~[m[K
[8.185s] In file included from [01m[K/usr/include/c++/13/algorithm:61[m[K,
[8.185s]                  from [01m[K/opt/ros/jazzy/include/hardware_interface/hardware_interface/handle.hpp:20[m[K,
[8.185s]                  from [01m[K/opt/ros/jazzy/include/hardware_interface/hardware_interface/hardware_component_interface.hpp:28[m[K:
[8.185s] [01m[K/usr/include/c++/13/bits/stl_algo.h:3667:5:[m[K [01;36m[Knote: [m[Kcandidate: ‘[01m[Ktemplate<class _Tp> constexpr const _Tp& std::[01;32m[Kclamp[m[K(const _Tp&, const _Tp&, const _Tp&)[m[K’
[8.185s]  3667 |     [01;36m[Kclamp[m[K(const _Tp& __val, const _Tp& __lo, const _Tp& __hi)
[8.186s]       |     [01;36m[K^~~~~[m[K
[8.186s] [01m[K/usr/include/c++/13/bits/stl_algo.h:3667:5:[m[K [01;36m[Knote: [m[K  template argument deduction/substitution failed:
[8.186s] [01m[K/home/pavan/pavan/ugv_ws/src/hbridge_control/src/mobile_base_hardware_interface.cpp:122:49:[m[K [01;36m[Knote: [m[K  deduced conflicting types for parameter ‘[01m[Kconst _Tp[m[K’ (‘[01m[Kdouble[m[K’ and ‘[01m[Kint[m[K’)
[8.186s]   122 |     int left_speed = static_cast<int>([01;36m[Kstd::clamp(std::round(left_velocity_command_ * max_speed_), -max_speed_, max_speed_)[m[K);
[8.186s]       |                                       [01;36m[K~~~~~~~~~~^~~~~~~~~~~~~~~~~~~~~~~~~~~~~~~~~~~~~~~~~~~~~~~~~~~~~~~~~~~~~~~~~~~~~~~~~~[m[K
[8.186s] [01m[K/usr/include/c++/13/bits/stl_algo.h:3687:5:[m[K [01;36m[Knote: [m[Kcandidate: ‘[01m[Ktemplate<class _Tp, class _Compare> constexpr const _Tp& std::[01;32m[Kclamp[m[K(const _Tp&, const _Tp&, const _Tp&, _Compare)[m[K’
[8.186s]  3687 |     [01;36m[Kclamp[m[K(const _Tp& __val, const _Tp& __lo, const _Tp& __hi, _Compare __comp)
[8.186s]       |     [01;36m[K^~~~~[m[K
[8.187s] [01m[K/usr/include/c++/13/bits/stl_algo.h:3687:5:[m[K [01;36m[Knote: [m[K  template argument deduction/substitution failed:
[8.187s] [01m[K/home/pavan/pavan/ugv_ws/src/hbridge_control/src/mobile_base_hardware_interface.cpp:122:49:[m[K [01;36m[Knote: [m[K  deduced conflicting types for parameter ‘[01m[Kconst _Tp[m[K’ (‘[01m[Kdouble[m[K’ and ‘[01m[Kint[m[K’)
[8.187s]   122 |     int left_speed = static_cast<int>([01;36m[Kstd::clamp(std::round(left_velocity_command_ * max_speed_), -max_speed_, max_speed_)[m[K);
[8.187s]       |                                       [01;36m[K~~~~~~~~~~^~~~~~~~~~~~~~~~~~~~~~~~~~~~~~~~~~~~~~~~~~~~~~~~~~~~~~~~~~~~~~~~~~~~~~~~~~[m[K
[8.187s] [01m[K/home/pavan/pavan/ugv_ws/src/hbridge_control/src/mobile_base_hardware_interface.cpp:123:50:[m[K [01;31m[Kerror: [m[Kno matching function for call to ‘[01m[Kclamp(double, int, int&)[m[K’
[8.187s]   123 |     int right_speed = static_cast<int>([01;31m[Kstd::clamp(std::round(right_velocity_command_ * max_speed_), -max_speed_, max_speed_)[m[K);
[8.187s]       |                                        [01;31m[K~~~~~~~~~~^~~~~~~~~~~~~~~~~~~~~~~~~~~~~~~~~~~~~~~~~~~~~~~~~~~~~~~~~~~~~~~~~~~~~~~~~~~[m[K
[8.187s] [01m[K/usr/include/c++/13/bits/stl_algo.h:3667:5:[m[K [01;36m[Knote: [m[Kcandidate: ‘[01m[Ktemplate<class _Tp> constexpr const _Tp& std::[01;32m[Kclamp[m[K(const _Tp&, const _Tp&, const _Tp&)[m[K’
[8.187s]  3667 |     [01;36m[Kclamp[m[K(const _Tp& __val, const _Tp& __lo, const _Tp& __hi)
[8.188s]       |     [01;36m[K^~~~~[m[K
[8.188s] [01m[K/usr/include/c++/13/bits/stl_algo.h:3667:5:[m[K [01;36m[Knote: [m[K  template argument deduction/substitution failed:
[8.188s] [01m[K/home/pavan/pavan/ugv_ws/src/hbridge_control/src/mobile_base_hardware_interface.cpp:123:50:[m[K [01;36m[Knote: [m[K  deduced conflicting types for parameter ‘[01m[Kconst _Tp[m[K’ (‘[01m[Kdouble[m[K’ and ‘[01m[Kint[m[K’)
[8.188s]   123 |     int right_speed = static_cast<int>([01;36m[Kstd::clamp(std::round(right_velocity_command_ * max_speed_), -max_speed_, max_speed_)[m[K);
[8.188s]       |                                        [01;36m[K~~~~~~~~~~^~~~~~~~~~~~~~~~~~~~~~~~~~~~~~~~~~~~~~~~~~~~~~~~~~~~~~~~~~~~~~~~~~~~~~~~~~~[m[K
[8.188s] [01m[K/usr/include/c++/13/bits/stl_algo.h:3687:5:[m[K [01;36m[Knote: [m[Kcandidate: ‘[01m[Ktemplate<class _Tp, class _Compare> constexpr const _Tp& std::[01;32m[Kclamp[m[K(const _Tp&, const _Tp&, const _Tp&, _Compare)[m[K’
[8.188s]  3687 |     [01;36m[Kclamp[m[K(const _Tp& __val, const _Tp& __lo, const _Tp& __hi, _Compare __comp)
[8.188s]       |     [01;36m[K^~~~~[m[K
[8.188s] [01m[K/usr/include/c++/13/bits/stl_algo.h:3687:5:[m[K [01;36m[Knote: [m[K  template argument deduction/substitution failed:
[8.189s] [01m[K/home/pavan/pavan/ugv_ws/src/hbridge_control/src/mobile_base_hardware_interface.cpp:123:50:[m[K [01;36m[Knote: [m[K  deduced conflicting types for parameter ‘[01m[Kconst _Tp[m[K’ (‘[01m[Kdouble[m[K’ and ‘[01m[Kint[m[K’)
[8.189s]   123 |     int right_speed = static_cast<int>([01;36m[Kstd::clamp(std::round(right_velocity_command_ * max_speed_), -max_speed_, max_speed_)[m[K);
[8.189s]       |                                        [01;36m[K~~~~~~~~~~^~~~~~~~~~~~~~~~~~~~~~~~~~~~~~~~~~~~~~~~~~~~~~~~~~~~~~~~~~~~~~~~~~~~~~~~~~~[m[K
[11.475s] gmake[2]: *** [CMakeFiles/hbridge_control.dir/build.make:76: CMakeFiles/hbridge_control.dir/src/mobile_base_hardware_interface.cpp.o] Error 1
[11.475s] gmake[1]: *** [CMakeFiles/Makefile2:137: CMakeFiles/hbridge_control.dir/all] Error 2
[11.476s] gmake: *** [Makefile:146: all] Error 2
[11.665s] Invoked command in '/home/pavan/pavan/ugv_ws/build/hbridge_control' returned '2': CMAKE_PREFIX_PATH=${CMAKE_PREFIX_PATH}:/opt/ros/jazzy DEBUGINFOD_URLS=https://debuginfod.ubuntu.com /usr/bin/cmake --build /home/pavan/pavan/ugv_ws/build/hbridge_control -- -j4 -l4
